Archive member included to satisfy reference by file (symbol)

/usr/lib/gcc/arm-none-eabi/12.2.0/../../../../arm-none-eabi/lib/thumb/v7-m/nofp/libc_nano.a(libc_a-atexit.o)
                              /usr/lib/gcc/arm-none-eabi/12.2.0/../../../../arm-none-eabi/lib/thumb/v7-m/nofp/crt0.o (atexit)
/usr/lib/gcc/arm-none-eabi/12.2.0/../../../../arm-none-eabi/lib/thumb/v7-m/nofp/libc_nano.a(libc_a-exit.o)
                              /usr/lib/gcc/arm-none-eabi/12.2.0/../../../../arm-none-eabi/lib/thumb/v7-m/nofp/crt0.o (exit)
/usr/lib/gcc/arm-none-eabi/12.2.0/../../../../arm-none-eabi/lib/thumb/v7-m/nofp/libc_nano.a(libc_a-findfp.o)
                              build/tasks.o (__sf)
/usr/lib/gcc/arm-none-eabi/12.2.0/../../../../arm-none-eabi/lib/thumb/v7-m/nofp/libc_nano.a(libc_a-fwalk.o)
                              /usr/lib/gcc/arm-none-eabi/12.2.0/../../../../arm-none-eabi/lib/thumb/v7-m/nofp/libc_nano.a(libc_a-findfp.o) (_fwalk_sglue)
/usr/lib/gcc/arm-none-eabi/12.2.0/../../../../arm-none-eabi/lib/thumb/v7-m/nofp/libc_nano.a(libc_a-stdio.o)
                              /usr/lib/gcc/arm-none-eabi/12.2.0/../../../../arm-none-eabi/lib/thumb/v7-m/nofp/libc_nano.a(libc_a-findfp.o) (__sread)
/usr/lib/gcc/arm-none-eabi/12.2.0/../../../../arm-none-eabi/lib/thumb/v7-m/nofp/libc_nano.a(libc_a-memset.o)
                              /usr/lib/gcc/arm-none-eabi/12.2.0/../../../../arm-none-eabi/lib/thumb/v7-m/nofp/crt0.o (memset)
/usr/lib/gcc/arm-none-eabi/12.2.0/../../../../arm-none-eabi/lib/thumb/v7-m/nofp/libc_nano.a(libc_a-closer.o)
                              /usr/lib/gcc/arm-none-eabi/12.2.0/../../../../arm-none-eabi/lib/thumb/v7-m/nofp/libc_nano.a(libc_a-stdio.o) (_close_r)
/usr/lib/gcc/arm-none-eabi/12.2.0/../../../../arm-none-eabi/lib/thumb/v7-m/nofp/libc_nano.a(libc_a-reent.o)
                              build/tasks.o (_reclaim_reent)
/usr/lib/gcc/arm-none-eabi/12.2.0/../../../../arm-none-eabi/lib/thumb/v7-m/nofp/libc_nano.a(libc_a-impure.o)
                              build/tasks.o (_impure_ptr)
/usr/lib/gcc/arm-none-eabi/12.2.0/../../../../arm-none-eabi/lib/thumb/v7-m/nofp/libc_nano.a(libc_a-lseekr.o)
                              /usr/lib/gcc/arm-none-eabi/12.2.0/../../../../arm-none-eabi/lib/thumb/v7-m/nofp/libc_nano.a(libc_a-stdio.o) (_lseek_r)
/usr/lib/gcc/arm-none-eabi/12.2.0/../../../../arm-none-eabi/lib/thumb/v7-m/nofp/libc_nano.a(libc_a-readr.o)
                              /usr/lib/gcc/arm-none-eabi/12.2.0/../../../../arm-none-eabi/lib/thumb/v7-m/nofp/libc_nano.a(libc_a-stdio.o) (_read_r)
/usr/lib/gcc/arm-none-eabi/12.2.0/../../../../arm-none-eabi/lib/thumb/v7-m/nofp/libc_nano.a(libc_a-writer.o)
                              /usr/lib/gcc/arm-none-eabi/12.2.0/../../../../arm-none-eabi/lib/thumb/v7-m/nofp/libc_nano.a(libc_a-stdio.o) (_write_r)
/usr/lib/gcc/arm-none-eabi/12.2.0/../../../../arm-none-eabi/lib/thumb/v7-m/nofp/libc_nano.a(libc_a-init.o)
                              /usr/lib/gcc/arm-none-eabi/12.2.0/../../../../arm-none-eabi/lib/thumb/v7-m/nofp/crt0.o (__libc_init_array)
/usr/lib/gcc/arm-none-eabi/12.2.0/../../../../arm-none-eabi/lib/thumb/v7-m/nofp/libc_nano.a(libc_a-fini.o)
                              /usr/lib/gcc/arm-none-eabi/12.2.0/../../../../arm-none-eabi/lib/thumb/v7-m/nofp/crt0.o (__libc_fini_array)
/usr/lib/gcc/arm-none-eabi/12.2.0/../../../../arm-none-eabi/lib/thumb/v7-m/nofp/libc_nano.a(libc_a-lock.o)
                              /usr/lib/gcc/arm-none-eabi/12.2.0/../../../../arm-none-eabi/lib/thumb/v7-m/nofp/libc_nano.a(libc_a-findfp.o) (__retarget_lock_init_recursive)
/usr/lib/gcc/arm-none-eabi/12.2.0/../../../../arm-none-eabi/lib/thumb/v7-m/nofp/libc_nano.a(libc_a-memcpy-stub.o)
                              build/ssd1306.o (memcpy)
/usr/lib/gcc/arm-none-eabi/12.2.0/../../../../arm-none-eabi/lib/thumb/v7-m/nofp/libc_nano.a(libc_a-__atexit.o)
                              /usr/lib/gcc/arm-none-eabi/12.2.0/../../../../arm-none-eabi/lib/thumb/v7-m/nofp/libc_nano.a(libc_a-atexit.o) (__register_exitproc)
/usr/lib/gcc/arm-none-eabi/12.2.0/../../../../arm-none-eabi/lib/thumb/v7-m/nofp/libc_nano.a(libc_a-__call_atexit.o)
                              /usr/lib/gcc/arm-none-eabi/12.2.0/../../../../arm-none-eabi/lib/thumb/v7-m/nofp/libc_nano.a(libc_a-__atexit.o) (__call_exitprocs)
/usr/lib/gcc/arm-none-eabi/12.2.0/../../../../arm-none-eabi/lib/thumb/v7-m/nofp/libc_nano.a(libc_a-freer.o)
                              /usr/lib/gcc/arm-none-eabi/12.2.0/../../../../arm-none-eabi/lib/thumb/v7-m/nofp/libc_nano.a(libc_a-reent.o) (_free_r)
/usr/lib/gcc/arm-none-eabi/12.2.0/../../../../arm-none-eabi/lib/thumb/v7-m/nofp/libc_nano.a(libc_a-mallocr.o)
                              /usr/lib/gcc/arm-none-eabi/12.2.0/../../../../arm-none-eabi/lib/thumb/v7-m/nofp/libc_nano.a(libc_a-findfp.o) (_malloc_r)
/usr/lib/gcc/arm-none-eabi/12.2.0/../../../../arm-none-eabi/lib/thumb/v7-m/nofp/libc_nano.a(libc_a-mlock.o)
[...]
Memory Configuration

Name             Origin             Length             Attributes
RAM              0x0000000020000000 0x0000000000005000 xrw
FLASH            0x0000000008000000 0x0000000000010000 xr
*default*        0x0000000000000000 0xffffffffffffffff

Linker script and memory map

LOAD /usr/lib/gcc/arm-none-eabi/12.2.0/thumb/v7-m/nofp/crti.o
LOAD /usr/lib/gcc/arm-none-eabi/12.2.0/thumb/v7-m/nofp/crtbegin.o
LOAD /usr/lib/gcc/arm-none-eabi/12.2.0/../../../../arm-none-eabi/lib/thumb/v7-m/nofp/crt0.o
LOAD build/main.o
LOAD build/stm32f1xx_it.o
LOAD build/stm32f1xx_hal_msp.o
LOAD build/stm32f1xx_hal_gpio_ex.o
LOAD build/stm32f1xx_hal_i2c.o
LOAD build/stm32f1xx_hal.o
LOAD build/stm32f1xx_hal_rcc.o
LOAD build/stm32f1xx_hal_rcc_ex.o
LOAD build/stm32f1xx_hal_gpio.o
LOAD build/stm32f1xx_hal_dma.o
LOAD build/stm32f1xx_hal_cortex.o
LOAD build/stm32f1xx_hal_pwr.o
LOAD build/stm32f1xx_hal_flash.o
LOAD build/stm32f1xx_hal_flash_ex.o
LOAD build/stm32f1xx_hal_exti.o
LOAD build/stm32f1xx_hal_tim.o
LOAD build/stm32f1xx_hal_tim_ex.o
LOAD build/stm32f1xx_hal_pcd.o
LOAD build/stm32f1xx_hal_pcd_ex.o
LOAD build/stm32f1xx_ll_usb.o
LOAD build/ssd1306.o
LOAD build/ssd1306_fonts.o
LOAD build/usb_send.o
LOAD build/MCP23017.o
LOAD build/rigth.o
LOAD build/check_keys.o
LOAD build/left.o
LOAD build/system_stm32f1xx.o
LOAD build/freertos.o
LOAD build/usb_device.o
LOAD build/usbd_desc.o
LOAD build/usbd_conf.o
LOAD build/croutine.o
LOAD build/event_groups.o
LOAD build/list.o
LOAD build/queue.o
LOAD build/stream_buffer.o
LOAD build/tasks.o
LOAD build/timers.o
LOAD build/heap_4.o
LOAD build/port.o
LOAD build/usbd_core.o
LOAD build/usbd_ctlreq.o
LOAD build/usbd_ioreq.o
LOAD build/usbd_hid.o
LOAD build/stm32f1xx_hal_timebase_tim.o
LOAD build/cmsis_os2.o
LOAD build/startup_stm32f103xb.o
LOAD /usr/lib/gcc/arm-none-eabi/12.2.0/../../../../arm-none-eabi/lib/thumb/v7-m/nofp/libc_nano.a
LOAD /usr/lib/gcc/arm-none-eabi/12.2.0/../../../../arm-none-eabi/lib/thumb/v7-m/nofp/libm.a
LOAD /usr/lib/gcc/arm-none-eabi/12.2.0/../../../../arm-none-eabi/lib/thumb/v7-m/nofp/libnosys.a
START GROUP
LOAD /usr/lib/gcc/arm-none-eabi/12.2.0/thumb/v7-m/nofp/libgcc.a
LOAD /usr/lib/gcc/arm-none-eabi/12.2.0/../../../../arm-none-eabi/lib/thumb/v7-m/nofp/libc_nano.a
END GROUP
START GROUP
LOAD /usr/lib/gcc/arm-none-eabi/12.2.0/thumb/v7-m/nofp/libgcc.a
LOAD /usr/lib/gcc/arm-none-eabi/12.2.0/../../../../arm-none-eabi/lib/thumb/v7-m/nofp/libc_nano.a
END GROUP
LOAD /usr/lib/gcc/arm-none-eabi/12.2.0/thumb/v7-m/nofp/crtend.o
LOAD /usr/lib/gcc/arm-none-eabi/12.2.0/thumb/v7-m/nofp/crtn.o
                0x0000000020005000                _estack = (ORIGIN (RAM) + LENGTH (RAM))
                0x0000000000000200                _Min_Heap_Size = 0x200
                0x0000000000000400                _Min_Stack_Size = 0x400

.isr_vector     0x0000000008000000      0x10c
                0x0000000008000000                . = ALIGN (0x4)
 *(.isr_vector)
 .isr_vector    0x0000000008000000      0x10c build/startup_stm32f103xb.o
                0x0000000008000000                g_pfnVectors
                0x000000000800010c                . = ALIGN (0x4)

.text           0x0000000008000110     0x6cd4
                0x0000000008000110                . = ALIGN (0x4)
 *(.text)
 *(.text*)
 .text.__do_global_dtors_aux
                0x0000000008000110       0x24 /usr/lib/gcc/arm-none-eabi/12.2.0/thumb/v7-m/nofp/crtbegin.o
 .text.frame_dummy
                0x0000000008000134       0x1c /usr/lib/gcc/arm-none-eabi/12.2.0/thumb/v7-m/nofp/crtbegin.o
 .text.MX_GPIO_Init
                0x0000000008000150       0x90 build/main.o
 .text.HAL_TIM_PeriodElapsedCallback
                0x00000000080001e0       0x12 build/main.o
                0x00000000080001e0                HAL_TIM_PeriodElapsedCallback
 .text.Error_Handler
                0x00000000080001f2        0x4 build/main.o
                0x00000000080001f2                Error_Handler
 *fill*         0x00000000080001f6        0x2 
 .text.MX_I2C1_Init
                0x00000000080001f8       0x38 build/main.o
 .text.SystemClock_Config
                0x0000000008000230       0x82 build/main.o
                0x0000000008000230                SystemClock_Config
 .text.main     0x00000000080002b2       0x2c build/main.o
                0x00000000080002b2                main
 .text.NMI_Handler
                0x00000000080002de        0x2 build/stm32f1xx_it.o
                0x00000000080002de                NMI_Handler
 .text.HardFault_Handler
                0x00000000080002e0        0x2 build/stm32f1xx_it.o
                0x00000000080002e0                HardFault_Handler
 .text.MemManage_Handler
                0x00000000080002e2        0x2 build/stm32f1xx_it.o
                0x00000000080002e2                MemManage_Handler
 .text.BusFault_Handler
                0x00000000080002e4        0x2 build/stm32f1xx_it.o
                0x00000000080002e4                BusFault_Handler
 .text.UsageFault_Handler
                0x00000000080002e6        0x2 build/stm32f1xx_it.o
                0x00000000080002e6                UsageFault_Handler
 .text.DebugMon_Handler
                0x00000000080002e8        0x2 build/stm32f1xx_it.o
                0x00000000080002e8                DebugMon_Handler
 *fill*         0x00000000080002ea        0x2 
 .text.USB_LP_CAN1_RX0_IRQHandler
                0x00000000080002ec       0x10 build/stm32f1xx_it.o
                0x00000000080002ec                USB_LP_CAN1_RX0_IRQHandler
 .text.TIM2_IRQHandler
                0x00000000080002fc       0x10 build/stm32f1xx_it.o
                0x00000000080002fc                TIM2_IRQHandler
 .text.HAL_MspInit
                0x000000000800030c       0x40 build/stm32f1xx_hal_msp.o
                0x000000000800030c                HAL_MspInit
 .text.HAL_I2C_MspInit
                0x000000000800034c       0x64 build/stm32f1xx_hal_msp.o
                0x000000000800034c                HAL_I2C_MspInit
 .text.I2C_IsAcknowledgeFailed
                0x00000000080003b0       0x32 build/stm32f1xx_hal_i2c.o
 .text.I2C_WaitOnFlagUntilTimeout
                0x00000000080003e2       0x7c build/stm32f1xx_hal_i2c.o
 .text.I2C_WaitOnMasterAddressFlagUntilTimeout
                0x000000000800045e       0xaa build/stm32f1xx_hal_i2c.o
 .text.I2C_WaitOnTXEFlagUntilTimeout
                0x0000000008000508       0x54 build/stm32f1xx_hal_i2c.o
 .text.I2C_RequestMemoryWrite
                0x000000000800055c       0xd8 build/stm32f1xx_hal_i2c.o
 .text.I2C_RequestMemoryRead
                0x0000000008000634      0x154 build/stm32f1xx_hal_i2c.o
 .text.I2C_WaitOnBTFFlagUntilTimeout
                0x0000000008000788       0x54 build/stm32f1xx_hal_i2c.o
 .text.I2C_WaitOnRXNEFlagUntilTimeout
                0x00000000080007dc       0x6a build/stm32f1xx_hal_i2c.o
 *fill*         0x0000000008000846        0x2 
 .text.HAL_I2C_Init
                0x0000000008000848      0x1bc build/stm32f1xx_hal_i2c.o
                0x0000000008000848                HAL_I2C_Init
 .text.HAL_I2C_Mem_Write
                0x0000000008000a04      0x164 build/stm32f1xx_hal_i2c.o
                0x0000000008000a04                HAL_I2C_Mem_Write
 .text.HAL_I2C_Mem_Read
                0x0000000008000b68      0x348 build/stm32f1xx_hal_i2c.o
                0x0000000008000b68                HAL_I2C_Mem_Read
 .text.HAL_Init
                0x0000000008000eb0       0x24 build/stm32f1xx_hal.o
                0x0000000008000eb0                HAL_Init
 .text.HAL_IncTick
                0x0000000008000ed4       0x18 build/stm32f1xx_hal.o
                0x0000000008000ed4                HAL_IncTick
 .text.HAL_GetTick
                0x0000000008000eec        0xc build/stm32f1xx_hal.o
                0x0000000008000eec                HAL_GetTick
 .text.HAL_Delay
                0x0000000008000ef8       0x28 build/stm32f1xx_hal.o
                0x0000000008000ef8                HAL_Delay
 .text.RCC_Delay
                0x0000000008000f20       0x2c build/stm32f1xx_hal_rcc.o
 .text.HAL_RCC_OscConfig
                0x0000000008000f4c      0x410 build/stm32f1xx_hal_rcc.o
                0x0000000008000f4c                HAL_RCC_OscConfig
 .text.HAL_RCC_GetSysClockFreq
                0x000000000800135c       0x70 build/stm32f1xx_hal_rcc.o
                0x000000000800135c                HAL_RCC_GetSysClockFreq
 .text.HAL_RCC_ClockConfig
                0x00000000080013cc      0x16c build/stm32f1xx_hal_rcc.o
                0x00000000080013cc                HAL_RCC_ClockConfig
 .text.HAL_RCC_GetHCLKFreq
                0x0000000008001538        0xc build/stm32f1xx_hal_rcc.o
                0x0000000008001538                HAL_RCC_GetHCLKFreq
 .text.HAL_RCC_GetPCLK1Freq
                0x0000000008001544       0x20 build/stm32f1xx_hal_rcc.o
                0x0000000008001544                HAL_RCC_GetPCLK1Freq
 .text.HAL_RCC_GetClockConfig
                0x0000000008001564       0x3c build/stm32f1xx_hal_rcc.o
                0x0000000008001564                HAL_RCC_GetClockConfig
 .text.HAL_RCCEx_PeriphCLKConfig
                0x00000000080015a0      0x118 build/stm32f1xx_hal_rcc_ex.o
                0x00000000080015a0                HAL_RCCEx_PeriphCLKConfig
 .text.HAL_GPIO_Init
                0x00000000080016b8      0x21c build/stm32f1xx_hal_gpio.o
                0x00000000080016b8                HAL_GPIO_Init
 .text.HAL_GPIO_ReadPin
                0x00000000080018d4        0xe build/stm32f1xx_hal_gpio.o
                0x00000000080018d4                HAL_GPIO_ReadPin
 .text.HAL_GPIO_WritePin
                0x00000000080018e2        0xc build/stm32f1xx_hal_gpio.o
                0x00000000080018e2                HAL_GPIO_WritePin
 *fill*         0x00000000080018ee        0x2 
 .text.__NVIC_SetPriority
                0x00000000080018f0       0x28 build/stm32f1xx_hal_cortex.o
 .text.NVIC_EncodePriority
                0x0000000008001918       0x3e build/stm32f1xx_hal_cortex.o
 *fill*         0x0000000008001956        0x2 
 .text.HAL_NVIC_SetPriorityGrouping
                0x0000000008001958       0x24 build/stm32f1xx_hal_cortex.o
                0x0000000008001958                HAL_NVIC_SetPriorityGrouping
 .text.HAL_NVIC_SetPriority
                0x000000000800197c       0x20 build/stm32f1xx_hal_cortex.o
                0x000000000800197c                HAL_NVIC_SetPriority
 .text.HAL_NVIC_EnableIRQ
                0x000000000800199c       0x1c build/stm32f1xx_hal_cortex.o
                0x000000000800199c                HAL_NVIC_EnableIRQ
 .text.HAL_TIM_Base_MspInit
                0x00000000080019b8        0x2 build/stm32f1xx_hal_tim.o
                0x00000000080019b8                HAL_TIM_Base_MspInit
 *fill*         0x00000000080019ba        0x2 
 .text.HAL_TIM_Base_Start_IT
                0x00000000080019bc       0x68 build/stm32f1xx_hal_tim.o
                0x00000000080019bc                HAL_TIM_Base_Start_IT
 .text.HAL_TIM_OC_DelayElapsedCallback
                0x0000000008001a24        0x2 build/stm32f1xx_hal_tim.o
                0x0000000008001a24                HAL_TIM_OC_DelayElapsedCallback
 .text.HAL_TIM_IC_CaptureCallback
                0x0000000008001a26        0x2 build/stm32f1xx_hal_tim.o
                0x0000000008001a26                HAL_TIM_IC_CaptureCallback
 .text.HAL_TIM_PWM_PulseFinishedCallback
                0x0000000008001a28        0x2 build/stm32f1xx_hal_tim.o
                0x0000000008001a28                HAL_TIM_PWM_PulseFinishedCallback
 .text.HAL_TIM_TriggerCallback
                0x0000000008001a2a        0x2 build/stm32f1xx_hal_tim.o
                0x0000000008001a2a                HAL_TIM_TriggerCallback
 .text.HAL_TIM_IRQHandler
                0x0000000008001a2c      0x17a build/stm32f1xx_hal_tim.o
                0x0000000008001a2c                HAL_TIM_IRQHandler
 *fill*         0x0000000008001ba6        0x2 
 .text.TIM_Base_SetConfig
                0x0000000008001ba8       0x74 build/stm32f1xx_hal_tim.o
                0x0000000008001ba8                TIM_Base_SetConfig
 .text.HAL_TIM_Base_Init
                0x0000000008001c1c       0x58 build/stm32f1xx_hal_tim.o
                0x0000000008001c1c                HAL_TIM_Base_Init
 .text.HAL_TIMEx_CommutCallback
                0x0000000008001c74        0x2 build/stm32f1xx_hal_tim_ex.o
                0x0000000008001c74                HAL_TIMEx_CommutCallback
 .text.HAL_TIMEx_BreakCallback
                0x0000000008001c76        0x2 build/stm32f1xx_hal_tim_ex.o
                0x0000000008001c76                HAL_TIMEx_BreakCallback
 .text.HAL_PCD_EP_DB_Receive
                0x0000000008001c78      0x11c build/stm32f1xx_hal_pcd.o
 .text.HAL_PCD_Init
                0x0000000008001d94      0x118 build/stm32f1xx_hal_pcd.o
                0x0000000008001d94                HAL_PCD_Init
 .text.HAL_PCD_Start
                0x0000000008001eac       0x32 build/stm32f1xx_hal_pcd.o
                0x0000000008001eac                HAL_PCD_Start
 .text.HAL_PCD_EP_DB_Transmit
                0x0000000008001ede      0x420 build/stm32f1xx_hal_pcd.o
 .text.PCD_EP_ISR_Handler
                0x00000000080022fe      0x440 build/stm32f1xx_hal_pcd.o
 .text.HAL_PCD_SetAddress
                0x000000000800273e       0x28 build/stm32f1xx_hal_pcd.o
                0x000000000800273e                HAL_PCD_SetAddress
 .text.HAL_PCD_IRQHandler
                0x0000000008002766      0x1d4 build/stm32f1xx_hal_pcd.o
                0x0000000008002766                HAL_PCD_IRQHandler
 .text.HAL_PCD_EP_Open
                0x000000000800293a       0x84 build/stm32f1xx_hal_pcd.o
                0x000000000800293a                HAL_PCD_EP_Open
 .text.HAL_PCD_EP_Close
                0x00000000080029be       0x64 build/stm32f1xx_hal_pcd.o
                0x00000000080029be                HAL_PCD_EP_Close
 .text.HAL_PCD_EP_Receive
                0x0000000008002a22       0x44 build/stm32f1xx_hal_pcd.o
                0x0000000008002a22                HAL_PCD_EP_Receive
 .text.HAL_PCD_EP_Transmit
                0x0000000008002a66       0x50 build/stm32f1xx_hal_pcd.o
                0x0000000008002a66                HAL_PCD_EP_Transmit
 .text.HAL_PCD_EP_SetStall
                0x0000000008002ab6       0x78 build/stm32f1xx_hal_pcd.o
                0x0000000008002ab6                HAL_PCD_EP_SetStall
 .text.HAL_PCD_EP_ClrStall
                0x0000000008002b2e       0x76 build/stm32f1xx_hal_pcd.o
                0x0000000008002b2e                HAL_PCD_EP_ClrStall
 .text.HAL_PCDEx_PMAConfig
                0x0000000008002ba4       0x38 build/stm32f1xx_hal_pcd_ex.o
                0x0000000008002ba4                HAL_PCDEx_PMAConfig
 .text.USB_CoreInit
                0x0000000008002bdc        0xe build/stm32f1xx_ll_usb.o
                0x0000000008002bdc                USB_CoreInit
 .text.USB_EnableGlobalInt
                0x0000000008002bea       0x12 build/stm32f1xx_ll_usb.o
                0x0000000008002bea                USB_EnableGlobalInt
 .text.USB_DisableGlobalInt
                0x0000000008002bfc       0x14 build/stm32f1xx_ll_usb.o
                0x0000000008002bfc                USB_DisableGlobalInt
 .text.USB_SetCurrentMode
                0x0000000008002c10        0x4 build/stm32f1xx_ll_usb.o
                0x0000000008002c10                USB_SetCurrentMode
 .text.USB_DevInit
                0x0000000008002c14       0x22 build/stm32f1xx_ll_usb.o
                0x0000000008002c14                USB_DevInit
 .text.USB_ActivateEndpoint
                0x0000000008002c36      0x378 build/stm32f1xx_ll_usb.o
                0x0000000008002c36                USB_ActivateEndpoint
 .text.USB_DeactivateEndpoint
                0x0000000008002fae      0x1d6 build/stm32f1xx_ll_usb.o
                0x0000000008002fae                USB_DeactivateEndpoint
 .text.USB_EPSetStall
                0x0000000008003184       0x4a build/stm32f1xx_ll_usb.o
                0x0000000008003184                USB_EPSetStall
 .text.USB_EPClearStall
                0x00000000080031ce       0xa2 build/stm32f1xx_ll_usb.o
                0x00000000080031ce                USB_EPClearStall
 .text.USB_SetDevAddress
                0x0000000008003270        0xc build/stm32f1xx_ll_usb.o
                0x0000000008003270                USB_SetDevAddress
 .text.USB_DevConnect
                0x000000000800327c        0x4 build/stm32f1xx_ll_usb.o
                0x000000000800327c                USB_DevConnect
 .text.USB_DevDisconnect
                0x0000000008003280        0x4 build/stm32f1xx_ll_usb.o
                0x0000000008003280                USB_DevDisconnect
 .text.USB_ReadInterrupts
                0x0000000008003284        0x8 build/stm32f1xx_ll_usb.o
                0x0000000008003284                USB_ReadInterrupts
 .text.USB_EP0_OutStart
                0x000000000800328c        0x4 build/stm32f1xx_ll_usb.o
                0x000000000800328c                USB_EP0_OutStart
 .text.USB_WritePMA
                0x0000000008003290       0x26 build/stm32f1xx_ll_usb.o
                0x0000000008003290                USB_WritePMA
 .text.USB_EPStartXfer
                0x00000000080032b6      0x8b2 build/stm32f1xx_ll_usb.o
                0x00000000080032b6                USB_EPStartXfer
 .text.USB_ReadPMA
                0x0000000008003b68       0x30 build/stm32f1xx_ll_usb.o
                0x0000000008003b68                USB_ReadPMA
 .text.ssd1306_WriteCommand
                0x0000000008003b98       0x2c build/ssd1306.o
                0x0000000008003b98                ssd1306_WriteCommand
 .text.ssd1306_WriteData
                0x0000000008003bc4       0x28 build/ssd1306.o
                0x0000000008003bc4                ssd1306_WriteData
 .text.ssd1306_Fill
                0x0000000008003bec       0x20 build/ssd1306.o
                0x0000000008003bec                ssd1306_Fill
 .text.ssd1306_UpdateScreen
                0x0000000008003c0c       0x38 build/ssd1306.o
                0x0000000008003c0c                ssd1306_UpdateScreen
 .text.ssd1306_SetContrast
                0x0000000008003c44       0x12 build/ssd1306.o
                0x0000000008003c44                ssd1306_SetContrast
 *fill*         0x0000000008003c56        0x2 
 .text.ssd1306_SetDisplayOn
                0x0000000008003c58       0x20 build/ssd1306.o
                0x0000000008003c58                ssd1306_SetDisplayOn
 .text.ssd1306_Init
                0x0000000008003c78       0xc8 build/ssd1306.o
                0x0000000008003c78                ssd1306_Init
 .text.usb_send_task
                0x0000000008003d40       0x60 build/usb_send.o
                0x0000000008003d40                usb_send_task
 .text.usb_send
                0x0000000008003da0      0x10c build/usb_send.o
                0x0000000008003da0                usb_send
 .text.usb_send_task_init
                0x0000000008003eac       0x24 build/usb_send.o
                0x0000000008003eac                usb_send_task_init
 .text.MCP23017_init
                0x0000000008003ed0       0x74 build/MCP23017.o
                0x0000000008003ed0                MCP23017_init
 .text.MCP23017_high_all_b_except
                0x0000000008003f44       0x36 build/MCP23017.o
                0x0000000008003f44                MCP23017_high_all_b_except
 .text.MCP23017_read_pin_port_a
                0x0000000008003f7a       0x38 build/MCP23017.o
                0x0000000008003f7a                MCP23017_read_pin_port_a
 *fill*         0x0000000008003fb2        0x2 
 .text.left_check_keys
                0x0000000008003fb4       0x40 build/rigth.o
                0x0000000008003fb4                left_check_keys
 .text.check_keys_task
                0x0000000008003ff4       0x38 build/check_keys.o
                0x0000000008003ff4                check_keys_task
 .text.check_keys_task_init
                0x000000000800402c       0x24 build/check_keys.o
                0x000000000800402c                check_keys_task_init
 .text.right_check_keys
                0x0000000008004050       0x60 build/left.o
                0x0000000008004050                right_check_keys
 .text.SystemInit
                0x00000000080040b0        0x2 build/system_stm32f1xx.o
                0x00000000080040b0                SystemInit
 *fill*         0x00000000080040b2        0x2 
 .text.MX_USB_DEVICE_Init
                0x00000000080040b4       0x40 build/usb_device.o
                0x00000000080040b4                MX_USB_DEVICE_Init
 .text.USBD_FS_DeviceDescriptor
                0x00000000080040f4        0xc build/usbd_desc.o
                0x00000000080040f4                USBD_FS_DeviceDescriptor
 .text.USBD_FS_LangIDStrDescriptor
                0x0000000008004100        0xc build/usbd_desc.o
                0x0000000008004100                USBD_FS_LangIDStrDescriptor
 .text.IntToUnicode
                0x000000000800410c       0x46 build/usbd_desc.o
 *fill*         0x0000000008004152        0x2 
 .text.Get_SerialNum
                0x0000000008004154       0x38 build/usbd_desc.o
 .text.USBD_FS_SerialStrDescriptor
                0x000000000800418c       0x14 build/usbd_desc.o
                0x000000000800418c                USBD_FS_SerialStrDescriptor
 .text.USBD_FS_ProductStrDescriptor
                0x00000000080041a0       0x24 build/usbd_desc.o
                0x00000000080041a0                USBD_FS_ProductStrDescriptor
 .text.USBD_FS_ManufacturerStrDescriptor
                0x00000000080041c4       0x1c build/usbd_desc.o
                0x00000000080041c4                USBD_FS_ManufacturerStrDescriptor
 .text.USBD_FS_ConfigStrDescriptor
                0x00000000080041e0       0x24 build/usbd_desc.o
                0x00000000080041e0                USBD_FS_ConfigStrDescriptor
 .text.USBD_FS_InterfaceStrDescriptor
                0x0000000008004204       0x24 build/usbd_desc.o
                0x0000000008004204                USBD_FS_InterfaceStrDescriptor
 .text.USBD_Get_USB_Status
                0x0000000008004228       0x14 build/usbd_conf.o
 .text.HAL_PCD_MspInit
                0x000000000800423c       0x40 build/usbd_conf.o
                0x000000000800423c                HAL_PCD_MspInit
 .text.HAL_PCD_SetupStageCallback
                0x000000000800427c       0x10 build/usbd_conf.o
                0x000000000800427c                HAL_PCD_SetupStageCallback
 .text.HAL_PCD_DataOutStageCallback
                0x000000000800428c       0x18 build/usbd_conf.o
                0x000000000800428c                HAL_PCD_DataOutStageCallback
 .text.HAL_PCD_DataInStageCallback
                0x00000000080042a4       0x16 build/usbd_conf.o
                0x00000000080042a4                HAL_PCD_DataInStageCallback
 .text.HAL_PCD_SOFCallback
                0x00000000080042ba        0xc build/usbd_conf.o
                0x00000000080042ba                HAL_PCD_SOFCallback
 .text.HAL_PCD_ResetCallback
                0x00000000080042c6       0x24 build/usbd_conf.o
                0x00000000080042c6                HAL_PCD_ResetCallback
 *fill*         0x00000000080042ea        0x2 
 .text.HAL_PCD_SuspendCallback
                0x00000000080042ec       0x20 build/usbd_conf.o
                0x00000000080042ec                HAL_PCD_SuspendCallback
 .text.HAL_PCD_ResumeCallback
                0x000000000800430c        0xc build/usbd_conf.o
                0x000000000800430c                HAL_PCD_ResumeCallback
 .text.USBD_LL_Init
                0x0000000008004318       0x68 build/usbd_conf.o
                0x0000000008004318                USBD_LL_Init
 .text.USBD_LL_Start
                0x0000000008004380       0x10 build/usbd_conf.o
                0x0000000008004380                USBD_LL_Start
 .text.USBD_LL_OpenEP
                0x0000000008004390       0x16 build/usbd_conf.o
                0x0000000008004390                USBD_LL_OpenEP
 .text.USBD_LL_CloseEP
                0x00000000080043a6       0x10 build/usbd_conf.o
                0x00000000080043a6                USBD_LL_CloseEP
 .text.USBD_LL_StallEP
                0x00000000080043b6       0x10 build/usbd_conf.o
                0x00000000080043b6                USBD_LL_StallEP
 .text.USBD_LL_ClearStallEP
                0x00000000080043c6       0x10 build/usbd_conf.o
                0x00000000080043c6                USBD_LL_ClearStallEP
 .text.USBD_LL_IsStallEP
                0x00000000080043d6       0x2e build/usbd_conf.o
                0x00000000080043d6                USBD_LL_IsStallEP
 .text.USBD_LL_SetUSBAddress
                0x0000000008004404       0x10 build/usbd_conf.o
                0x0000000008004404                USBD_LL_SetUSBAddress
 .text.USBD_LL_Transmit
                0x0000000008004414       0x10 build/usbd_conf.o
                0x0000000008004414                USBD_LL_Transmit
 .text.USBD_LL_PrepareReceive
                0x0000000008004424       0x10 build/usbd_conf.o
                0x0000000008004424                USBD_LL_PrepareReceive
 .text.USBD_static_malloc
                0x0000000008004434        0x8 build/usbd_conf.o
                0x0000000008004434                USBD_static_malloc
 .text.USBD_static_free
                0x000000000800443c        0x2 build/usbd_conf.o
                0x000000000800443c                USBD_static_free
 .text.HAL_PCDEx_SetConnectionState
                0x000000000800443e        0x2 build/usbd_conf.o
                0x000000000800443e                HAL_PCDEx_SetConnectionState
 .text.vListInitialise
                0x0000000008004440       0x16 build/list.o
                0x0000000008004440                vListInitialise
 .text.vListInitialiseItem
                0x0000000008004456        0x6 build/list.o
                0x0000000008004456                vListInitialiseItem
 .text.vListInsertEnd
                0x000000000800445c       0x16 build/list.o
                0x000000000800445c                vListInsertEnd
 .text.vListInsert
                0x0000000008004472       0x32 build/list.o
                0x0000000008004472                vListInsert
 .text.uxListRemove
                0x00000000080044a4       0x26 build/list.o
                0x00000000080044a4                uxListRemove
 .text.prvIsQueueFull
                0x00000000080044ca       0x1e build/queue.o
 .text.prvIsQueueEmpty
                0x00000000080044e8       0x1a build/queue.o
 .text.prvCopyDataToQueue
                0x0000000008004502       0x76 build/queue.o
 .text.prvCopyDataFromQueue
                0x0000000008004578       0x24 build/queue.o
 .text.prvUnlockQueue
                0x000000000800459c       0x6e build/queue.o
 .text.xQueueGenericReset
                0x000000000800460a       0x84 build/queue.o
                0x000000000800460a                xQueueGenericReset
 .text.prvInitialiseNewQueue
                0x000000000800468e       0x22 build/queue.o
 .text.xQueueGenericCreateStatic
                0x00000000080046b0       0x92 build/queue.o
                0x00000000080046b0                xQueueGenericCreateStatic
 .text.xQueueGenericSend
                0x0000000008004742      0x188 build/queue.o
                0x0000000008004742                xQueueGenericSend
 .text.xQueueGenericSendFromISR
                0x00000000080048ca       0xcc build/queue.o
                0x00000000080048ca                xQueueGenericSendFromISR
 .text.xQueueReceive
                0x0000000008004996      0x15e build/queue.o
                0x0000000008004996                xQueueReceive
 .text.vQueueAddToRegistry
                0x0000000008004af4       0x28 build/queue.o
                0x0000000008004af4                vQueueAddToRegistry
 .text.vQueueWaitForMessageRestricted
                0x0000000008004b1c       0x52 build/queue.o
                0x0000000008004b1c                vQueueWaitForMessageRestricted
 *fill*         0x0000000008004b6e        0x2 
 .text.prvResetNextTaskUnblockTime
                0x0000000008004b70       0x2c build/tasks.o
 .text.prvInitialiseNewTask
                0x0000000008004b9c       0xf8 build/tasks.o
 .text.prvInitialiseTaskLists
                0x0000000008004c94       0x68 build/tasks.o
 .text.prvAddNewTaskToReadyList
                0x0000000008004cfc       0xac build/tasks.o
 .text.prvDeleteTCB
                0x0000000008004da8       0x40 build/tasks.o
 .text.prvCheckTasksWaitingTermination
                0x0000000008004de8       0x4c build/tasks.o
 .text.prvIdleTask
                0x0000000008004e34       0x28 build/tasks.o
 .text.prvAddCurrentTaskToDelayedList
                0x0000000008004e5c       0x7c build/tasks.o
 .text.xTaskCreateStatic
                0x0000000008004ed8       0x78 build/tasks.o
                0x0000000008004ed8                xTaskCreateStatic
 .text.xTaskCreate
                0x0000000008004f50       0x66 build/tasks.o
                0x0000000008004f50                xTaskCreate
 *fill*         0x0000000008004fb6        0x2 
 .text.vTaskStartScheduler
                0x0000000008004fb8       0xac build/tasks.o
                0x0000000008004fb8                vTaskStartScheduler
 .text.vTaskSuspendAll
                0x0000000008005064       0x10 build/tasks.o
                0x0000000008005064                vTaskSuspendAll
 .text.xTaskGetTickCount
                0x0000000008005074        0xc build/tasks.o
                0x0000000008005074                xTaskGetTickCount
 .text.xTaskIncrementTick
                0x0000000008005080      0x118 build/tasks.o
                0x0000000008005080                xTaskIncrementTick
 .text.xTaskResumeAll
                0x0000000008005198       0xf8 build/tasks.o
                0x0000000008005198                xTaskResumeAll
 .text.vTaskDelay
                0x0000000008005290       0x4c build/tasks.o
                0x0000000008005290                vTaskDelay
 .text.vTaskSwitchContext
                0x00000000080052dc       0xa4 build/tasks.o
                0x00000000080052dc                vTaskSwitchContext
 .text.vTaskPlaceOnEventList
                0x0000000008005380       0x30 build/tasks.o
                0x0000000008005380                vTaskPlaceOnEventList
 .text.vTaskPlaceOnEventListRestricted
                0x00000000080053b0       0x38 build/tasks.o
                0x00000000080053b0                vTaskPlaceOnEventListRestricted
 .text.xTaskRemoveFromEventList
                0x00000000080053e8       0x8c build/tasks.o
                0x00000000080053e8                xTaskRemoveFromEventList
 .text.vTaskInternalSetTimeOutState
                0x0000000008005474       0x18 build/tasks.o
                0x0000000008005474                vTaskInternalSetTimeOutState
 .text.xTaskCheckForTimeOut
                0x000000000800548c       0x84 build/tasks.o
                0x000000000800548c                xTaskCheckForTimeOut
 .text.vTaskMissedYield
                0x0000000008005510        0xc build/tasks.o
                0x0000000008005510                vTaskMissedYield
 .text.xTaskGetSchedulerState
                0x000000000800551c       0x20 build/tasks.o
                0x000000000800551c                xTaskGetSchedulerState
 .text.xTaskPriorityDisinherit
                0x000000000800553c       0x90 build/tasks.o
                0x000000000800553c                xTaskPriorityDisinherit
 .text.prvGetNextExpireTime
                0x00000000080055cc       0x20 build/timers.o
 .text.prvInsertTimerInActiveList
                0x00000000080055ec       0x48 build/timers.o
 .text.prvCheckForValidListAndQueue
                0x0000000008005634       0x70 build/timers.o
 .text.xTimerCreateTimerTask
                0x00000000080056a4       0x64 build/timers.o
                0x00000000080056a4                xTimerCreateTimerTask
 .text.xTimerGenericCommand
                0x0000000008005708       0x6c build/timers.o
                0x0000000008005708                xTimerGenericCommand
 .text.prvSwitchTimerLists
                0x0000000008005774       0x78 build/timers.o
 .text.prvSampleTimeNow
                0x00000000080057ec       0x2c build/timers.o
 .text.prvProcessExpiredTimer
                0x0000000008005818       0x60 build/timers.o
 .text.prvProcessTimerOrBlockTask
                0x0000000008005878       0x70 build/timers.o
 .text.prvProcessReceivedCommands
                0x00000000080058e8       0xf8 build/timers.o
 .text.prvTimerTask
                0x00000000080059e0       0x16 build/timers.o
 *fill*         0x00000000080059f6        0x2 
 .text.prvHeapInit
                0x00000000080059f8       0x64 build/heap_4.o
 .text.prvInsertBlockIntoFreeList
                0x0000000008005a5c       0x60 build/heap_4.o
 .text.pvPortMalloc
                0x0000000008005abc       0xf8 build/heap_4.o
                0x0000000008005abc                pvPortMalloc
 .text.vPortFree
                0x0000000008005bb4       0x70 build/heap_4.o
                0x0000000008005bb4                vPortFree
 .text.prvTaskExitError
                0x0000000008005c24       0x40 build/port.o
 .text.prvPortStartFirstTask
                0x0000000008005c64       0x20 build/port.o
 .text.pxPortInitialiseStack
                0x0000000008005c84       0x24 build/port.o
                0x0000000008005c84                pxPortInitialiseStack
 *fill*         0x0000000008005ca8        0x8 
 .text.SVC_Handler
                0x0000000008005cb0       0x24 build/port.o
                0x0000000008005cb0                SVC_Handler
 .text.vPortEnterCritical
                0x0000000008005cd4       0x44 build/port.o
                0x0000000008005cd4                vPortEnterCritical
 .text.vPortExitCritical
                0x0000000008005d18       0x2c build/port.o
                0x0000000008005d18                vPortExitCritical
 *fill*         0x0000000008005d44        0xc 
 .text.PendSV_Handler
                0x0000000008005d50       0x44 build/port.o
                0x0000000008005d50                PendSV_Handler
 .text.SysTick_Handler
                0x0000000008005d94       0x2c build/port.o
                0x0000000008005d94                SysTick_Handler
 .text.vPortSetupTimerInterrupt
                0x0000000008005dc0       0x28 build/port.o
                0x0000000008005dc0                vPortSetupTimerInterrupt
 .text.xPortStartScheduler
                0x0000000008005de8       0xc0 build/port.o
                0x0000000008005de8                xPortStartScheduler
 .text.vPortValidateInterruptPriority
                0x0000000008005ea8       0x5c build/port.o
                0x0000000008005ea8                vPortValidateInterruptPriority
 .text.USBD_Init
                0x0000000008005f04       0x2e build/usbd_core.o
                0x0000000008005f04                USBD_Init
 .text.USBD_RegisterClass
                0x0000000008005f32        0xe build/usbd_core.o
                0x0000000008005f32                USBD_RegisterClass
 .text.USBD_Start
                0x0000000008005f40        0xa build/usbd_core.o
                0x0000000008005f40                USBD_Start
 .text.USBD_SetClassConfig
                0x0000000008005f4a       0x18 build/usbd_core.o
                0x0000000008005f4a                USBD_SetClassConfig
 .text.USBD_ClrClassConfig
                0x0000000008005f62        0xe build/usbd_core.o
                0x0000000008005f62                USBD_ClrClassConfig
 .text.USBD_LL_SetupStage
                0x0000000008005f70       0x5a build/usbd_core.o
                0x0000000008005f70                USBD_LL_SetupStage
 .text.USBD_LL_DataOutStage
                0x0000000008005fca       0x8c build/usbd_core.o
                0x0000000008005fca                USBD_LL_DataOutStage
 .text.USBD_LL_DataInStage
                0x0000000008006056       0xd0 build/usbd_core.o
                0x0000000008006056                USBD_LL_DataInStage
 .text.USBD_LL_Reset
                0x0000000008006126       0x50 build/usbd_core.o
                0x0000000008006126                USBD_LL_Reset
 .text.USBD_LL_SetSpeed
                0x0000000008006176        0x6 build/usbd_core.o
                0x0000000008006176                USBD_LL_SetSpeed
 .text.USBD_LL_Suspend
                0x000000000800617c       0x12 build/usbd_core.o
                0x000000000800617c                USBD_LL_Suspend
 .text.USBD_LL_Resume
                0x000000000800618e       0x16 build/usbd_core.o
                0x000000000800618e                USBD_LL_Resume
 .text.USBD_LL_SOF
                0x00000000080061a4       0x1c build/usbd_core.o
                0x00000000080061a4                USBD_LL_SOF
 .text.USBD_GetLen
                0x00000000080061c0       0x14 build/usbd_ctlreq.o
 .text.USBD_SetFeature
                0x00000000080061d4       0x14 build/usbd_ctlreq.o
 .text.USBD_ParseSetupRequest
                0x00000000080061e8       0x28 build/usbd_ctlreq.o
                0x00000000080061e8                USBD_ParseSetupRequest
 .text.USBD_CtlError
                0x0000000008006210       0x14 build/usbd_ctlreq.o
                0x0000000008006210                USBD_CtlError
 .text.USBD_GetDescriptor
                0x0000000008006224      0x186 build/usbd_ctlreq.o
 .text.USBD_SetAddress
                0x00000000080063aa       0x4e build/usbd_ctlreq.o
 .text.USBD_SetConfig
                0x00000000080063f8       0xb0 build/usbd_ctlreq.o
 .text.USBD_GetConfig
                0x00000000080064a8       0x3e build/usbd_ctlreq.o
 .text.USBD_GetStatus
                0x00000000080064e6       0x38 build/usbd_ctlreq.o
 .text.USBD_ClrFeature
                0x000000000800651e       0x26 build/usbd_ctlreq.o
 .text.USBD_StdDevReq
                0x0000000008006544       0x68 build/usbd_ctlreq.o
                0x0000000008006544                USBD_StdDevReq
 .text.USBD_StdItfReq
                0x00000000080065ac       0x60 build/usbd_ctlreq.o
                0x00000000080065ac                USBD_StdItfReq
 .text.USBD_StdEPReq
                0x000000000800660c      0x1e2 build/usbd_ctlreq.o
                0x000000000800660c                USBD_StdEPReq
 .text.USBD_GetString
                0x00000000080067ee       0x3a build/usbd_ctlreq.o
                0x00000000080067ee                USBD_GetString
 .text.USBD_CtlSendData
                0x0000000008006828       0x1a build/usbd_ioreq.o
                0x0000000008006828                USBD_CtlSendData
 .text.USBD_CtlContinueSendData
                0x0000000008006842       0x10 build/usbd_ioreq.o
                0x0000000008006842                USBD_CtlContinueSendData
 .text.USBD_CtlContinueRx
                0x0000000008006852       0x10 build/usbd_ioreq.o
                0x0000000008006852                USBD_CtlContinueRx
 .text.USBD_CtlSendStatus
                0x0000000008006862       0x16 build/usbd_ioreq.o
                0x0000000008006862                USBD_CtlSendStatus
 .text.USBD_CtlReceiveStatus
                0x0000000008006878       0x16 build/usbd_ioreq.o
                0x0000000008006878                USBD_CtlReceiveStatus
 *fill*         0x000000000800688e        0x2 
 .text.USBD_HID_GetFSCfgDesc
                0x0000000008006890        0xc build/usbd_hid.o
 .text.USBD_HID_GetHSCfgDesc
                0x000000000800689c        0xc build/usbd_hid.o
 .text.USBD_HID_GetOtherSpeedCfgDesc
                0x00000000080068a8        0xc build/usbd_hid.o
 .text.USBD_HID_DataIn
                0x00000000080068b4        0xa build/usbd_hid.o
 *fill*         0x00000000080068be        0x2 
 .text.USBD_HID_GetDeviceQualifierDesc
                0x00000000080068c0        0xc build/usbd_hid.o
 .text.USBD_HID_Setup
                0x00000000080068cc      0x114 build/usbd_hid.o
 .text.USBD_HID_DeInit
                0x00000000080069e0       0x22 build/usbd_hid.o
 .text.USBD_HID_Init
                0x0000000008006a02       0x2a build/usbd_hid.o
 .text.USBD_HID_SendReport
                0x0000000008006a2c       0x28 build/usbd_hid.o
                0x0000000008006a2c                USBD_HID_SendReport
 .text.HAL_InitTick
                0x0000000008006a54       0xa0 build/stm32f1xx_hal_timebase_tim.o
                0x0000000008006a54                HAL_InitTick
 .text.osKernelInitialize
                0x0000000008006af4       0x44 build/cmsis_os2.o
                0x0000000008006af4                osKernelInitialize
 .text.osKernelStart
                0x0000000008006b38       0x4c build/cmsis_os2.o
                0x0000000008006b38                osKernelStart
 .text.vApplicationGetIdleTaskMemory
                0x0000000008006b84       0x18 build/cmsis_os2.o
                0x0000000008006b84                vApplicationGetIdleTaskMemory
 .text.vApplicationGetTimerTaskMemory
                0x0000000008006b9c       0x18 build/cmsis_os2.o
                0x0000000008006b9c                vApplicationGetTimerTaskMemory
 .text.Reset_Handler
                0x0000000008006bb4       0x48 build/startup_stm32f103xb.o
                0x0000000008006bb4                Reset_Handler
 .text.Default_Handler
                0x0000000008006bfc        0x2 build/startup_stm32f103xb.o
                0x0000000008006bfc                RTC_Alarm_IRQHandler
                0x0000000008006bfc                EXTI2_IRQHandler
                0x0000000008006bfc                TIM1_CC_IRQHandler
                0x0000000008006bfc                PVD_IRQHandler
                0x0000000008006bfc                EXTI3_IRQHandler
                0x0000000008006bfc                EXTI0_IRQHandler
                0x0000000008006bfc                I2C2_EV_IRQHandler
                0x0000000008006bfc                ADC1_2_IRQHandler
                0x0000000008006bfc                SPI1_IRQHandler
                0x0000000008006bfc                TAMPER_IRQHandler
                0x0000000008006bfc                DMA1_Channel4_IRQHandler
                0x0000000008006bfc                USART3_IRQHandler
                0x0000000008006bfc                RTC_IRQHandler
                0x0000000008006bfc                DMA1_Channel7_IRQHandler
                0x0000000008006bfc                CAN1_RX1_IRQHandler
                0x0000000008006bfc                TIM4_IRQHandler
                0x0000000008006bfc                I2C1_EV_IRQHandler
                0x0000000008006bfc                DMA1_Channel6_IRQHandler
                0x0000000008006bfc                TIM3_IRQHandler
                0x0000000008006bfc                RCC_IRQHandler
                0x0000000008006bfc                TIM1_TRG_COM_IRQHandler
                0x0000000008006bfc                DMA1_Channel1_IRQHandler
                0x0000000008006bfc                Default_Handler
                0x0000000008006bfc                EXTI15_10_IRQHandler
                0x0000000008006bfc                EXTI9_5_IRQHandler
                0x0000000008006bfc                SPI2_IRQHandler
                0x0000000008006bfc                DMA1_Channel5_IRQHandler
                0x0000000008006bfc                EXTI4_IRQHandler
                0x0000000008006bfc                USB_HP_CAN1_TX_IRQHandler
                0x0000000008006bfc                DMA1_Channel3_IRQHandler
                0x0000000008006bfc                TIM1_UP_IRQHandler
                0x0000000008006bfc                WWDG_IRQHandler
                0x0000000008006bfc                TIM1_BRK_IRQHandler
                0x0000000008006bfc                EXTI1_IRQHandler
                0x0000000008006bfc                USART2_IRQHandler
                0x0000000008006bfc                I2C2_ER_IRQHandler
                0x0000000008006bfc                DMA1_Channel2_IRQHandler
                0x0000000008006bfc                CAN1_SCE_IRQHandler
                0x0000000008006bfc                FLASH_IRQHandler
                0x0000000008006bfc                USART1_IRQHandler
                0x0000000008006bfc                I2C1_ER_IRQHandler
                0x0000000008006bfc                USBWakeUp_IRQHandler
 .text.memset   0x0000000008006bfe       0x10 /usr/lib/gcc/arm-none-eabi/12.2.0/../../../../arm-none-eabi/lib/thumb/v7-m/nofp/libc_nano.a(libc_a-memset.o)
                0x0000000008006bfe                memset
 *fill*         0x0000000008006c0e        0x2 
 .text._reclaim_reent
                0x0000000008006c10       0xac /usr/lib/gcc/arm-none-eabi/12.2.0/../../../../arm-none-eabi/lib/thumb/v7-m/nofp/libc_nano.a(libc_a-reent.o)
                0x0000000008006c10                _reclaim_reent
 .text.__libc_init_array
                0x0000000008006cbc       0x48 /usr/lib/gcc/arm-none-eabi/12.2.0/../../../../arm-none-eabi/lib/thumb/v7-m/nofp/libc_nano.a(libc_a-init.o)
                0x0000000008006cbc                __libc_init_array
 .text.__retarget_lock_acquire_recursive
                0x0000000008006d04        0x2 /usr/lib/gcc/arm-none-eabi/12.2.0/../../../../arm-none-eabi/lib/thumb/v7-m/nofp/libc_nano.a(libc_a-lock.o)
                0x0000000008006d04                __retarget_lock_acquire_recursive
 .text.__retarget_lock_release_recursive
                0x0000000008006d06        0x2 /usr/lib/gcc/arm-none-eabi/12.2.0/../../../../arm-none-eabi/lib/thumb/v7-m/nofp/libc_nano.a(libc_a-lock.o)
                0x0000000008006d06                __retarget_lock_release_recursive
 .text.memcpy   0x0000000008006d08       0x1c /usr/lib/gcc/arm-none-eabi/12.2.0/../../../../arm-none-eabi/lib/thumb/v7-m/nofp/libc_nano.a(libc_a-memcpy-stub.o)
                0x0000000008006d08                memcpy
 .text._free_r  0x0000000008006d24       0x90 /usr/lib/gcc/arm-none-eabi/12.2.0/../../../../arm-none-eabi/lib/thumb/v7-m/nofp/libc_nano.a(libc_a-freer.o)
                0x0000000008006d24                _free_r
 .text.__malloc_lock
                0x0000000008006db4        0xc /usr/lib/gcc/arm-none-eabi/12.2.0/../../../../arm-none-eabi/lib/thumb/v7-m/nofp/libc_nano.a(libc_a-mlock.o)
                0x0000000008006db4                __malloc_lock
 .text.__malloc_unlock
                0x0000000008006dc0        0xc /usr/lib/gcc/arm-none-eabi/12.2.0/../../../../arm-none-eabi/lib/thumb/v7-m/nofp/libc_nano.a(libc_a-mlock.o)
                0x0000000008006dc0                __malloc_unlock
 *(.glue_7)
 .glue_7        0x0000000008006dcc        0x0 linker stubs
 *(.glue_7t)
 .glue_7t       0x0000000008006dcc        0x0 linker stubs
 *(.eh_frame)
 .eh_frame      0x0000000008006dcc        0x0 /usr/lib/gcc/arm-none-eabi/12.2.0/thumb/v7-m/nofp/crtbegin.o
 *(.init)
 .init          0x0000000008006dcc        0x4 /usr/lib/gcc/arm-none-eabi/12.2.0/thumb/v7-m/nofp/crti.o
                0x0000000008006dcc                _init
 .init          0x0000000008006dd0        0x8 /usr/lib/gcc/arm-none-eabi/12.2.0/thumb/v7-m/nofp/crtn.o
 *(.fini)
 .fini          0x0000000008006dd8        0x4 /usr/lib/gcc/arm-none-eabi/12.2.0/thumb/v7-m/nofp/crti.o
                0x0000000008006dd8                _fini
 .fini          0x0000000008006ddc        0x8 /usr/lib/gcc/arm-none-eabi/12.2.0/thumb/v7-m/nofp/crtn.o
                0x0000000008006de4                . = ALIGN (0x4)
                0x0000000008006de4                _etext = .

.vfp11_veneer   0x0000000008006de4        0x0
 .vfp11_veneer  0x0000000008006de4        0x0 linker stubs

.v4_bx          0x0000000008006de4        0x0
 .v4_bx         0x0000000008006de4        0x0 linker stubs

.iplt           0x0000000008006de4        0x0
 .iplt          0x0000000008006de4        0x0 /usr/lib/gcc/arm-none-eabi/12.2.0/thumb/v7-m/nofp/crtbegin.o

.rodata         0x0000000008006de4      0x17c
                0x0000000008006de4                . = ALIGN (0x4)
 *(.rodata)
 *(.rodata*)
 .rodata.HAL_RCC_GetSysClockFreq.str1.4
                0x0000000008006de4       0x11 build/stm32f1xx_hal_rcc.o
 *fill*         0x0000000008006df5        0x3 
 .rodata.usb_send_task_init.str1.4
                0x0000000008006df8        0xe build/usb_send.o
 *fill*         0x0000000008006e06        0x2 
 .rodata.keyboard_keys_right_spc
                0x0000000008006e08       0x1e build/usb_send.o
                0x0000000008006e08                keyboard_keys_right_spc
 *fill*         0x0000000008006e26        0x2 
 .rodata.keyboard_keys_left_spc
                0x0000000008006e28       0x1e build/usb_send.o
                0x0000000008006e28                keyboard_keys_left_spc
 *fill*         0x0000000008006e46        0x2 
 .rodata.keyboard_keys_right
                0x0000000008006e48       0x1e build/usb_send.o
                0x0000000008006e48                keyboard_keys_right
 *fill*         0x0000000008006e66        0x2 
 .rodata.keyboard_keys_left
                0x0000000008006e68       0x1e build/usb_send.o
                0x0000000008006e68                keyboard_keys_left
 *fill*         0x0000000008006e86        0x2 
 .rodata.check_keys_task_init.str1.4
                0x0000000008006e88       0x10 build/check_keys.o
 .rodata.rows   0x0000000008006e98       0x28 build/left.o
                0x0000000008006e98                rows
 .rodata.cols   0x0000000008006ec0       0x30 build/left.o
                0x0000000008006ec0                cols
 .rodata.APBPrescTable
                0x0000000008006ef0        0x8 build/system_stm32f1xx.o
                0x0000000008006ef0                APBPrescTable
 .rodata.AHBPrescTable
                0x0000000008006ef8       0x10 build/system_stm32f1xx.o
                0x0000000008006ef8                AHBPrescTable
 .rodata.USBD_FS_ProductStrDescriptor.str1.4
                0x0000000008006f08        0xf build/usbd_desc.o
 *fill*         0x0000000008006f17        0x1 
 .rodata.USBD_FS_ManufacturerStrDescriptor.str1.4
                0x0000000008006f18       0x13 build/usbd_desc.o
 *fill*         0x0000000008006f2b        0x1 
 .rodata.USBD_FS_ConfigStrDescriptor.str1.4
                0x0000000008006f2c        0xb build/usbd_desc.o
 *fill*         0x0000000008006f37        0x1 
 .rodata.USBD_FS_InterfaceStrDescriptor.str1.4
                0x0000000008006f38        0xe build/usbd_desc.o
 *fill*         0x0000000008006f46        0x2 
 .rodata.vTaskStartScheduler.str1.4
                0x0000000008006f48        0x5 build/tasks.o
 *fill*         0x0000000008006f4d        0x3 
 .rodata.prvCheckForValidListAndQueue.str1.4
                0x0000000008006f50        0x5 build/timers.o
 *fill*         0x0000000008006f55        0x3 
 .rodata.xTimerCreateTimerTask.str1.4
                0x0000000008006f58        0x8 build/timers.o
                0x0000000008006f60                . = ALIGN (0x4)

.rel.dyn        0x0000000008006f60        0x0
 .rel.iplt      0x0000000008006f60        0x0 /usr/lib/gcc/arm-none-eabi/12.2.0/thumb/v7-m/nofp/crtbegin.o

.ARM.extab
 *(.ARM.extab* .gnu.linkonce.armextab.*)

.ARM            0x0000000008006f60        0x0
                0x0000000008006f60                __exidx_start = .
 *(.ARM.exidx*)
                0x0000000008006f60                __exidx_end = .

.preinit_array  0x0000000008006f60        0x0
                0x0000000008006f60                PROVIDE (__preinit_array_start = .)
 *(.preinit_array*)
                0x0000000008006f60                PROVIDE (__preinit_array_end = .)

.init_array     0x0000000008006f60        0x4
                0x0000000008006f60                PROVIDE (__init_array_start = .)
 *(SORT_BY_NAME(.init_array.*))
 *(.init_array*)
 .init_array    0x0000000008006f60        0x4 /usr/lib/gcc/arm-none-eabi/12.2.0/thumb/v7-m/nofp/crtbegin.o
                0x0000000008006f64                PROVIDE (__init_array_end = .)

.fini_array     0x0000000008006f64        0x4
                0x0000000008006f64                PROVIDE (__fini_array_start = .)
 *(SORT_BY_NAME(.fini_array.*))
 *(.fini_array*)
 .fini_array    0x0000000008006f64        0x4 /usr/lib/gcc/arm-none-eabi/12.2.0/thumb/v7-m/nofp/crtbegin.o
                0x0000000008006f68                PROVIDE (__fini_array_end = .)
                0x0000000008006f68                _sidata = LOADADDR (.data)

.data           0x0000000020000000      0x1ac load address 0x0000000008006f68
                0x0000000020000000                . = ALIGN (0x4)
                0x0000000020000000                _sdata = .
 *(.data)
 *(.data*)
 .data.uwTickFreq
                0x0000000020000000        0x1 build/stm32f1xx_hal.o
                0x0000000020000000                uwTickFreq
 *fill*         0x0000000020000001        0x3 
 .data.uwTickPrio
                0x0000000020000004        0x4 build/stm32f1xx_hal.o
                0x0000000020000004                uwTickPrio
 .data.SystemCoreClock
                0x0000000020000008        0x4 build/system_stm32f1xx.o
                0x0000000020000008                SystemCoreClock
 .data.USBD_StringSerial
                0x000000002000000c       0x1a build/usbd_desc.o
                0x000000002000000c                USBD_StringSerial
 *fill*         0x0000000020000026        0x2 
 .data.USBD_LangIDDesc
                0x0000000020000028        0x4 build/usbd_desc.o
                0x0000000020000028                USBD_LangIDDesc
 .data.USBD_FS_DeviceDesc
                0x000000002000002c       0x12 build/usbd_desc.o
                0x000000002000002c                USBD_FS_DeviceDesc
 *fill*         0x000000002000003e        0x2 
 .data.FS_Desc  0x0000000020000040       0x1c build/usbd_desc.o
                0x0000000020000040                FS_Desc
 .data.uxCriticalNesting
                0x000000002000005c        0x4 build/port.o
 .data.HID_MOUSE_ReportDesc
                0x0000000020000060       0x3f build/usbd_hid.o
 *fill*         0x000000002000009f        0x1 
 .data.USBD_HID_DeviceQualifierDesc
                0x00000000200000a0        0xa build/usbd_hid.o
 *fill*         0x00000000200000aa        0x2 
 .data.USBD_HID_Desc
                0x00000000200000ac        0x9 build/usbd_hid.o
 *fill*         0x00000000200000b5        0x3 
 .data.USBD_HID_OtherSpeedCfgDesc
                0x00000000200000b8       0x22 build/usbd_hid.o
 *fill*         0x00000000200000da        0x2 
 .data.USBD_HID_CfgHSDesc
                0x00000000200000dc       0x22 build/usbd_hid.o
 *fill*         0x00000000200000fe        0x2 
 .data.USBD_HID_CfgFSDesc
                0x0000000020000100       0x22 build/usbd_hid.o
 *fill*         0x0000000020000122        0x2 
 .data.USBD_HID
                0x0000000020000124       0x38 build/usbd_hid.o
                0x0000000020000124                USBD_HID
 .data._impure_ptr
                0x000000002000015c        0x4 /usr/lib/gcc/arm-none-eabi/12.2.0/../../../../arm-none-eabi/lib/thumb/v7-m/nofp/libc_nano.a(libc_a-impure.o)
                0x000000002000015c                _impure_ptr
 .data._impure_data
                0x0000000020000160       0x4c /usr/lib/gcc/arm-none-eabi/12.2.0/../../../../arm-none-eabi/lib/thumb/v7-m/nofp/libc_nano.a(libc_a-impure.o)
                0x0000000020000160                _impure_data
                0x00000000200001ac                . = ALIGN (0x4)
                0x00000000200001ac                _edata = .

.igot.plt       0x00000000200001ac        0x0 load address 0x0000000008007114
 .igot.plt      0x00000000200001ac        0x0 /usr/lib/gcc/arm-none-eabi/12.2.0/thumb/v7-m/nofp/crtbegin.o
                0x00000000200001ac                . = ALIGN (0x4)

.bss            0x00000000200001b0     0x2964 load address 0x0000000008007114
                0x00000000200001b0                _sbss = .
                0x00000000200001b0                __bss_start__ = _sbss
 *(.bss)
 *(.bss*)
 .bss.completed.1
                0x00000000200001b0        0x1 /usr/lib/gcc/arm-none-eabi/12.2.0/thumb/v7-m/nofp/crtbegin.o
 *fill*         0x00000000200001b1        0x3 
 .bss.object.0  0x00000000200001b4       0x18 /usr/lib/gcc/arm-none-eabi/12.2.0/thumb/v7-m/nofp/crtbegin.o
 .bss.keyboar_commands
                0x00000000200001cc        0x8 build/main.o
                0x00000000200001cc                keyboar_commands
 .bss.hi2c1     0x00000000200001d4       0x54 build/main.o
                0x00000000200001d4                hi2c1
 .bss.uwTick    0x0000000020000228        0x4 build/stm32f1xx_hal.o
                0x0000000020000228                uwTick
 .bss.SSD1306   0x000000002000022c        0x6 build/ssd1306.o
 *fill*         0x0000000020000232        0x2 
 .bss.SSD1306_Buffer
                0x0000000020000234      0x400 build/ssd1306.o
 .bss.isFunctionPressed
                0x0000000020000634        0x4 build/usb_send.o
                0x0000000020000634                isFunctionPressed
 .bss.hUsbDeviceFS
                0x0000000020000638      0x2c4 build/usb_device.o
                0x0000000020000638                hUsbDeviceFS
 .bss.USBD_StrDesc
                0x00000000200008fc      0x200 build/usbd_desc.o
                0x00000000200008fc                USBD_StrDesc
 .bss.mem.0     0x0000000020000afc       0x14 build/usbd_conf.o
 .bss.hpcd_USB_FS
                0x0000000020000b10      0x2ec build/usbd_conf.o
                0x0000000020000b10                hpcd_USB_FS
 .bss.xQueueRegistry
                0x0000000020000dfc       0x40 build/queue.o
                0x0000000020000dfc                xQueueRegistry
 .bss.uxSchedulerSuspended
                0x0000000020000e3c        0x4 build/tasks.o
 .bss.xIdleTaskHandle
                0x0000000020000e40        0x4 build/tasks.o
 .bss.xNextTaskUnblockTime
                0x0000000020000e44        0x4 build/tasks.o
 .bss.uxTaskNumber
                0x0000000020000e48        0x4 build/tasks.o
 .bss.xNumOfOverflows
                0x0000000020000e4c        0x4 build/tasks.o
 .bss.xYieldPending
                0x0000000020000e50        0x4 build/tasks.o
 .bss.uxPendedTicks
                0x0000000020000e54        0x4 build/tasks.o
 .bss.xSchedulerRunning
                0x0000000020000e58        0x4 build/tasks.o
 .bss.uxTopReadyPriority
                0x0000000020000e5c        0x4 build/tasks.o
 .bss.xTickCount
                0x0000000020000e60        0x4 build/tasks.o
 .bss.uxCurrentNumberOfTasks
                0x0000000020000e64        0x4 build/tasks.o
 .bss.xSuspendedTaskList
                0x0000000020000e68       0x14 build/tasks.o
 .bss.uxDeletedTasksWaitingCleanUp
                0x0000000020000e7c        0x4 build/tasks.o
 .bss.xTasksWaitingTermination
                0x0000000020000e80       0x14 build/tasks.o
 .bss.xPendingReadyList
                0x0000000020000e94       0x14 build/tasks.o
 .bss.pxOverflowDelayedTaskList
                0x0000000020000ea8        0x4 build/tasks.o
 .bss.pxDelayedTaskList
                0x0000000020000eac        0x4 build/tasks.o
 .bss.xDelayedTaskList2
                0x0000000020000eb0       0x14 build/tasks.o
 .bss.xDelayedTaskList1
                0x0000000020000ec4       0x14 build/tasks.o
 .bss.pxReadyTasksLists
                0x0000000020000ed8      0x460 build/tasks.o
 .bss.pxCurrentTCB
                0x0000000020001338        0x4 build/tasks.o
                0x0000000020001338                pxCurrentTCB
 .bss.xStaticTimerQueue.0
                0x000000002000133c       0x50 build/timers.o
 .bss.ucStaticTimerQueueStorage.1
                0x000000002000138c       0xa0 build/timers.o
 .bss.xLastTime.2
                0x000000002000142c        0x4 build/timers.o
 .bss.xTimerTaskHandle
                0x0000000020001430        0x4 build/timers.o
 .bss.xTimerQueue
                0x0000000020001434        0x4 build/timers.o
 .bss.pxOverflowTimerList
                0x0000000020001438        0x4 build/timers.o
 .bss.pxCurrentTimerList
                0x000000002000143c        0x4 build/timers.o
 .bss.xActiveTimerList2
                0x0000000020001440       0x14 build/timers.o
 .bss.xActiveTimerList1
                0x0000000020001454       0x14 build/timers.o
 .bss.xBlockAllocatedBit
                0x0000000020001468        0x4 build/heap_4.o
 .bss.xMinimumEverFreeBytesRemaining
                0x000000002000146c        0x4 build/heap_4.o
 .bss.xFreeBytesRemaining
                0x0000000020001470        0x4 build/heap_4.o
 .bss.pxEnd     0x0000000020001474        0x4 build/heap_4.o
 .bss.xStart    0x0000000020001478        0x8 build/heap_4.o
 .bss.ucHeap    0x0000000020001480      0xc00 build/heap_4.o
 .bss.ulMaxPRIGROUPValue
                0x0000000020002080        0x4 build/port.o
 .bss.ucMaxSysCallPriority
                0x0000000020002084        0x1 build/port.o
 .bss.cfgidx.0  0x0000000020002085        0x1 build/usbd_ctlreq.o
 *fill*         0x0000000020002086        0x2 
 .bss.htim2     0x0000000020002088       0x48 build/stm32f1xx_hal_timebase_tim.o
                0x0000000020002088                htim2
 .bss.Timer_Stack
                0x00000000200020d0      0x400 build/cmsis_os2.o
 .bss.Timer_TCB
                0x00000000200024d0      0x180 build/cmsis_os2.o
 .bss.Idle_Stack
                0x0000000020002650      0x200 build/cmsis_os2.o
 .bss.Idle_TCB  0x0000000020002850      0x180 build/cmsis_os2.o
 .bss.KernelState
                0x00000000200029d0        0x4 build/cmsis_os2.o
 .bss.__sf      0x00000000200029d4      0x138 /usr/lib/gcc/arm-none-eabi/12.2.0/../../../../arm-none-eabi/lib/thumb/v7-m/nofp/libc_nano.a(libc_a-findfp.o)
                0x00000000200029d4                __sf
 .bss.__lock___malloc_recursive_mutex
                0x0000000020002b0c        0x1 /usr/lib/gcc/arm-none-eabi/12.2.0/../../../../arm-none-eabi/lib/thumb/v7-m/nofp/libc_nano.a(libc_a-lock.o)
                0x0000000020002b0c                __lock___malloc_recursive_mutex
 *fill*         0x0000000020002b0d        0x3 
 .bss.__malloc_free_list
                0x0000000020002b10        0x4 /usr/lib/gcc/arm-none-eabi/12.2.0/../../../../arm-none-eabi/lib/thumb/v7-m/nofp/libc_nano.a(libc_a-mallocr.o)
                0x0000000020002b10                __malloc_free_list
 *(COMMON)
                0x0000000020002b14                . = ALIGN (0x4)
                0x0000000020002b14                _ebss = .
                0x0000000020002b14                __bss_end__ = _ebss

._user_heap_stack
                0x0000000020002b14      0x604 load address 0x0000000008007114
                0x0000000020002b18                . = ALIGN (0x8)
 *fill*         0x0000000020002b14        0x4 
                0x0000000020002b18                PROVIDE (end = .)
                [!provide]                        PROVIDE (_end = .)
                0x0000000020002d18                . = (. + _Min_Heap_Size)
 *fill*         0x0000000020002b18      0x200 
                0x0000000020003118                . = (. + _Min_Stack_Size)
 *fill*         0x0000000020002d18      0x400 
                0x0000000020003118                . = ALIGN (0x8)

/DISCARD/
 libc.a(*)
 libm.a(*)
 libgcc.a(*)

.ARM.attributes
                0x0000000000000000       0x29
 *(.ARM.attributes)
 .ARM.attributes
                0x0000000000000000       0x1d /usr/lib/gcc/arm-none-eabi/12.2.0/thumb/v7-m/nofp/crti.o
 .ARM.attributes
                0x000000000000001d       0x2d /usr/lib/gcc/arm-none-eabi/12.2.0/thumb/v7-m/nofp/crtbegin.o
 .ARM.attributes
                0x000000000000004a       0x2d build/main.o
 .ARM.attributes
                0x0000000000000077       0x2d build/stm32f1xx_it.o
 .ARM.attributes
                0x00000000000000a4       0x2d build/stm32f1xx_hal_msp.o
 .ARM.attributes
                0x00000000000000d1       0x2d build/stm32f1xx_hal_i2c.o
 .ARM.attributes
                0x00000000000000fe       0x2d build/stm32f1xx_hal.o
 .ARM.attributes
                0x000000000000012b       0x2d build/stm32f1xx_hal_rcc.o
 .ARM.attributes
                0x0000000000000158       0x2d build/stm32f1xx_hal_rcc_ex.o
 .ARM.attributes
                0x0000000000000185       0x2d build/stm32f1xx_hal_gpio.o
 .ARM.attributes
                0x00000000000001b2       0x2d build/stm32f1xx_hal_cortex.o
 .ARM.attributes
                0x00000000000001df       0x2d build/stm32f1xx_hal_tim.o
 .ARM.attributes
                0x000000000000020c       0x2d build/stm32f1xx_hal_tim_ex.o
 .ARM.attributes
                0x0000000000000239       0x2d build/stm32f1xx_hal_pcd.o
 .ARM.attributes
                0x0000000000000266       0x2d build/stm32f1xx_hal_pcd_ex.o
 .ARM.attributes
                0x0000000000000293       0x2d build/stm32f1xx_ll_usb.o
 .ARM.attributes
                0x00000000000002c0       0x2d build/ssd1306.o
 .ARM.attributes
                0x00000000000002ed       0x2d build/usb_send.o
 .ARM.attributes
                0x000000000000031a       0x2d build/MCP23017.o
 .ARM.attributes
                0x0000000000000347       0x2d build/rigth.o
 .ARM.attributes
                0x0000000000000374       0x2d build/check_keys.o
 .ARM.attributes
                0x00000000000003a1       0x2d build/left.o
 .ARM.attributes
                0x00000000000003ce       0x2d build/system_stm32f1xx.o
 .ARM.attributes
                0x00000000000003fb       0x2d build/usb_device.o
 .ARM.attributes
                0x0000000000000428       0x2d build/usbd_desc.o
 .ARM.attributes
                0x0000000000000455       0x2d build/usbd_conf.o
 .ARM.attributes
                0x0000000000000482       0x2d build/list.o
 .ARM.attributes
                0x00000000000004af       0x2d build/queue.o
 .ARM.attributes
                0x00000000000004dc       0x2d build/tasks.o
 .ARM.attributes
                0x0000000000000509       0x2d build/timers.o
 .ARM.attributes
                0x0000000000000536       0x2d build/heap_4.o
 .ARM.attributes
                0x0000000000000563       0x2d build/port.o
 .ARM.attributes
                0x0000000000000590       0x2d build/usbd_core.o
 .ARM.attributes
                0x00000000000005bd       0x2d build/usbd_ctlreq.o
 .ARM.attributes
                0x00000000000005ea       0x2d build/usbd_ioreq.o
 .ARM.attributes
                0x0000000000000617       0x2d build/usbd_hid.o
 .ARM.attributes
                0x0000000000000644       0x2d build/stm32f1xx_hal_timebase_tim.o
 .ARM.attributes
                0x0000000000000671       0x2d build/cmsis_os2.o
 .ARM.attributes
                0x000000000000069e       0x21 build/startup_stm32f103xb.o
 .ARM.attributes
                0x00000000000006bf       0x2d /usr/lib/gcc/arm-none-eabi/12.2.0/../../../../arm-none-eabi/lib/thumb/v7-m/nofp/libc_nano.a(libc_a-findfp.o)
 .ARM.attributes
                0x00000000000006ec       0x2d /usr/lib/gcc/arm-none-eabi/12.2.0/../../../../arm-none-eabi/lib/thumb/v7-m/nofp/libc_nano.a(libc_a-memset.o)
 .ARM.attributes
                0x0000000000000719       0x2d /usr/lib/gcc/arm-none-eabi/12.2.0/../../../../arm-none-eabi/lib/thumb/v7-m/nofp/libc_nano.a(libc_a-reent.o)
 .ARM.attributes
                0x0000000000000746       0x2d /usr/lib/gcc/arm-none-eabi/12.2.0/../../../../arm-none-eabi/lib/thumb/v7-m/nofp/libc_nano.a(libc_a-impure.o)
 .ARM.attributes
                0x0000000000000773       0x2d /usr/lib/gcc/arm-none-eabi/12.2.0/../../../../arm-none-eabi/lib/thumb/v7-m/nofp/libc_nano.a(libc_a-init.o)
 .ARM.attributes
                0x00000000000007a0       0x2d /usr/lib/gcc/arm-none-eabi/12.2.0/../../../../arm-none-eabi/lib/thumb/v7-m/nofp/libc_nano.a(libc_a-lock.o)
 .ARM.attributes
                0x00000000000007cd       0x2d /usr/lib/gcc/arm-none-eabi/12.2.0/../../../../arm-none-eabi/lib/thumb/v7-m/nofp/libc_nano.a(libc_a-memcpy-stub.o)
 .ARM.attributes
                0x00000000000007fa       0x2d /usr/lib/gcc/arm-none-eabi/12.2.0/../../../../arm-none-eabi/lib/thumb/v7-m/nofp/libc_nano.a(libc_a-freer.o)
 .ARM.attributes
                0x0000000000000827       0x2d /usr/lib/gcc/arm-none-eabi/12.2.0/../../../../arm-none-eabi/lib/thumb/v7-m/nofp/libc_nano.a(libc_a-mallocr.o)
 .ARM.attributes
                0x0000000000000854       0x2d /usr/lib/gcc/arm-none-eabi/12.2.0/../../../../arm-none-eabi/lib/thumb/v7-m/nofp/libc_nano.a(libc_a-mlock.o)
 .ARM.attributes
                0x0000000000000881       0x1d /usr/lib/gcc/arm-none-eabi/12.2.0/thumb/v7-m/nofp/crtn.o
OUTPUT(build/Keyboard-makefile.elf elf32-littlearm)
LOAD linker stubs
LOAD /usr/lib/gcc/arm-none-eabi/12.2.0/../../../../arm-none-eabi/lib/thumb/v7-m/nofp/libc.a
LOAD /usr/lib/gcc/arm-none-eabi/12.2.0/../../../../arm-none-eabi/lib/thumb/v7-m/nofp/libm.a
LOAD /usr/lib/gcc/arm-none-eabi/12.2.0/thumb/v7-m/nofp/libgcc.a

.debug_info     0x0000000000000000    0x31149
 .debug_info    0x0000000000000000     0x168a build/main.o
 .debug_info    0x000000000000168a      0xce3 build/stm32f1xx_it.o
 .debug_info    0x000000000000236d      0xac4 build/stm32f1xx_hal_msp.o
 .debug_info    0x0000000000002e31     0x3c84 build/stm32f1xx_hal_i2c.o
 .debug_info    0x0000000000006ab5      0x880 build/stm32f1xx_hal.o
 .debug_info    0x0000000000007335      0xb07 build/stm32f1xx_hal_rcc.o
 .debug_info    0x0000000000007e3c      0x46d build/stm32f1xx_hal_rcc_ex.o
 .debug_info    0x00000000000082a9      0x6d7 build/stm32f1xx_hal_gpio.o
 .debug_info    0x0000000000008980      0xe13 build/stm32f1xx_hal_cortex.o
 .debug_info    0x0000000000009793     0x3e57 build/stm32f1xx_hal_tim.o
 .debug_info    0x000000000000d5ea     0x1c4f build/stm32f1xx_hal_tim_ex.o
 .debug_info    0x000000000000f239     0x1de1 build/stm32f1xx_hal_pcd.o
 .debug_info    0x000000000001101a      0x7c7 build/stm32f1xx_hal_pcd_ex.o
 .debug_info    0x00000000000117e1     0x1d8b build/stm32f1xx_ll_usb.o
 .debug_info    0x000000000001356c     0x18cd build/ssd1306.o
 .debug_info    0x0000000000014e39      0xba1 build/usb_send.o
 .debug_info    0x00000000000159da      0x994 build/MCP23017.o
 .debug_info    0x000000000001636e      0x755 build/rigth.o
 .debug_info    0x0000000000016ac3      0x901 build/check_keys.o
 .debug_info    0x00000000000173c4      0x363 build/left.o
 .debug_info    0x0000000000017727      0x26e build/system_stm32f1xx.o
 .debug_info    0x0000000000017995      0x685 build/usb_device.o
 .debug_info    0x000000000001801a      0x63c build/usbd_desc.o
 .debug_info    0x0000000000018656     0x1eef build/usbd_conf.o
 .debug_info    0x000000000001a545      0x309 build/list.o
 .debug_info    0x000000000001a84e     0x2927 build/queue.o
 .debug_info    0x000000000001d175     0x3a35 build/tasks.o
 .debug_info    0x0000000000020baa     0x233f build/timers.o
 .debug_info    0x0000000000022ee9      0x493 build/heap_4.o
 .debug_info    0x000000000002337c      0x563 build/port.o
 .debug_info    0x00000000000238df      0xf47 build/usbd_core.o
 .debug_info    0x0000000000024826     0x11b1 build/usbd_ctlreq.o
 .debug_info    0x00000000000259d7      0x8c3 build/usbd_ioreq.o
 .debug_info    0x000000000002629a      0xbde build/usbd_hid.o
 .debug_info    0x0000000000026e78      0xb57 build/stm32f1xx_hal_timebase_tim.o
 .debug_info    0x00000000000279cf     0x59b5 build/cmsis_os2.o
 .debug_info    0x000000000002d384       0x30 build/startup_stm32f103xb.o
 .debug_info    0x000000000002d3b4      0xfa9 /usr/lib/gcc/arm-none-eabi/12.2.0/../../../../arm-none-eabi/lib/thumb/v7-m/nofp/libc_nano.a(libc_a-findfp.o)
 .debug_info    0x000000000002e35d       0xe0 /usr/lib/gcc/arm-none-eabi/12.2.0/../../../../arm-none-eabi/lib/thumb/v7-m/nofp/libc_nano.a(libc_a-memset.o)
 .debug_info    0x000000000002e43d      0x855 /usr/lib/gcc/arm-none-eabi/12.2.0/../../../../arm-none-eabi/lib/thumb/v7-m/nofp/libc_nano.a(libc_a-reent.o)
 .debug_info    0x000000000002ec92      0x715 /usr/lib/gcc/arm-none-eabi/12.2.0/../../../../arm-none-eabi/lib/thumb/v7-m/nofp/libc_nano.a(libc_a-impure.o)
 .debug_info    0x000000000002f3a7      0x10b /usr/lib/gcc/arm-none-eabi/12.2.0/../../../../arm-none-eabi/lib/thumb/v7-m/nofp/libc_nano.a(libc_a-init.o)
 .debug_info    0x000000000002f4b2      0x20a /usr/lib/gcc/arm-none-eabi/12.2.0/../../../../arm-none-eabi/lib/thumb/v7-m/nofp/libc_nano.a(libc_a-lock.o)
 .debug_info    0x000000000002f6bc      0x121 /usr/lib/gcc/arm-none-eabi/12.2.0/../../../../arm-none-eabi/lib/thumb/v7-m/nofp/libc_nano.a(libc_a-memcpy-stub.o)
 .debug_info    0x000000000002f7dd      0x84b /usr/lib/gcc/arm-none-eabi/12.2.0/../../../../arm-none-eabi/lib/thumb/v7-m/nofp/libc_nano.a(libc_a-freer.o)
 .debug_info    0x0000000000030028      0x9b6 /usr/lib/gcc/arm-none-eabi/12.2.0/../../../../arm-none-eabi/lib/thumb/v7-m/nofp/libc_nano.a(libc_a-mallocr.o)
 .debug_info    0x00000000000309de      0x76b /usr/lib/gcc/arm-none-eabi/12.2.0/../../../../arm-none-eabi/lib/thumb/v7-m/nofp/libc_nano.a(libc_a-mlock.o)

.debug_abbrev   0x0000000000000000     0x6d93
 .debug_abbrev  0x0000000000000000      0x33f build/main.o
 .debug_abbrev  0x000000000000033f      0x19d build/stm32f1xx_it.o
 .debug_abbrev  0x00000000000004dc      0x1bd build/stm32f1xx_hal_msp.o
 .debug_abbrev  0x0000000000000699      0x31e build/stm32f1xx_hal_i2c.o
 .debug_abbrev  0x00000000000009b7      0x232 build/stm32f1xx_hal.o
 .debug_abbrev  0x0000000000000be9      0x2b8 build/stm32f1xx_hal_rcc.o
 .debug_abbrev  0x0000000000000ea1      0x1d4 build/stm32f1xx_hal_rcc_ex.o
 .debug_abbrev  0x0000000000001075      0x222 build/stm32f1xx_hal_gpio.o
 .debug_abbrev  0x0000000000001297      0x3aa build/stm32f1xx_hal_cortex.o
 .debug_abbrev  0x0000000000001641      0x2b6 build/stm32f1xx_hal_tim.o
 .debug_abbrev  0x00000000000018f7      0x2b0 build/stm32f1xx_hal_tim_ex.o
 .debug_abbrev  0x0000000000001ba7      0x326 build/stm32f1xx_hal_pcd.o
 .debug_abbrev  0x0000000000001ecd      0x184 build/stm32f1xx_hal_pcd_ex.o
 .debug_abbrev  0x0000000000002051      0x25b build/stm32f1xx_ll_usb.o
 .debug_abbrev  0x00000000000022ac      0x3e3 build/ssd1306.o
 .debug_abbrev  0x000000000000268f      0x27b build/usb_send.o
 .debug_abbrev  0x000000000000290a      0x1a3 build/MCP23017.o
 .debug_abbrev  0x0000000000002aad      0x1cb build/rigth.o
 .debug_abbrev  0x0000000000002c78      0x1f3 build/check_keys.o
 .debug_abbrev  0x0000000000002e6b      0x19b build/left.o
 .debug_abbrev  0x0000000000003006      0x140 build/system_stm32f1xx.o
 .debug_abbrev  0x0000000000003146      0x18c build/usb_device.o
 .debug_abbrev  0x00000000000032d2      0x23c build/usbd_desc.o
 .debug_abbrev  0x000000000000350e      0x33e build/usbd_conf.o
 .debug_abbrev  0x000000000000384c      0x124 build/list.o
 .debug_abbrev  0x0000000000003970      0x454 build/queue.o
 .debug_abbrev  0x0000000000003dc4      0x4a4 build/tasks.o
 .debug_abbrev  0x0000000000004268      0x40e build/timers.o
 .debug_abbrev  0x0000000000004676      0x267 build/heap_4.o
 .debug_abbrev  0x00000000000048dd      0x2c2 build/port.o
 .debug_abbrev  0x0000000000004b9f      0x2ae build/usbd_core.o
 .debug_abbrev  0x0000000000004e4d      0x2ec build/usbd_ctlreq.o
 .debug_abbrev  0x0000000000005139      0x18e build/usbd_ioreq.o
 .debug_abbrev  0x00000000000052c7      0x2a3 build/usbd_hid.o
 .debug_abbrev  0x000000000000556a      0x22d build/stm32f1xx_hal_timebase_tim.o
 .debug_abbrev  0x0000000000005797      0x509 build/cmsis_os2.o
 .debug_abbrev  0x0000000000005ca0       0x1d build/startup_stm32f103xb.o
 .debug_abbrev  0x0000000000005cbd      0x424 /usr/lib/gcc/arm-none-eabi/12.2.0/../../../../arm-none-eabi/lib/thumb/v7-m/nofp/libc_nano.a(libc_a-findfp.o)
 .debug_abbrev  0x00000000000060e1       0x9e /usr/lib/gcc/arm-none-eabi/12.2.0/../../../../arm-none-eabi/lib/thumb/v7-m/nofp/libc_nano.a(libc_a-memset.o)
 .debug_abbrev  0x000000000000617f      0x1ed /usr/lib/gcc/arm-none-eabi/12.2.0/../../../../arm-none-eabi/lib/thumb/v7-m/nofp/libc_nano.a(libc_a-reent.o)
 .debug_abbrev  0x000000000000636c      0x149 /usr/lib/gcc/arm-none-eabi/12.2.0/../../../../arm-none-eabi/lib/thumb/v7-m/nofp/libc_nano.a(libc_a-impure.o)
 .debug_abbrev  0x00000000000064b5       0xc9 /usr/lib/gcc/arm-none-eabi/12.2.0/../../../../arm-none-eabi/lib/thumb/v7-m/nofp/libc_nano.a(libc_a-init.o)
 .debug_abbrev  0x000000000000657e      0x115 /usr/lib/gcc/arm-none-eabi/12.2.0/../../../../arm-none-eabi/lib/thumb/v7-m/nofp/libc_nano.a(libc_a-lock.o)
 .debug_abbrev  0x0000000000006693       0xc1 /usr/lib/gcc/arm-none-eabi/12.2.0/../../../../arm-none-eabi/lib/thumb/v7-m/nofp/libc_nano.a(libc_a-memcpy-stub.o)
 .debug_abbrev  0x0000000000006754      0x236 /usr/lib/gcc/arm-none-eabi/12.2.0/../../../../arm-none-eabi/lib/thumb/v7-m/nofp/libc_nano.a(libc_a-freer.o)
 .debug_abbrev  0x000000000000698a      0x24a /usr/lib/gcc/arm-none-eabi/12.2.0/../../../../arm-none-eabi/lib/thumb/v7-m/nofp/libc_nano.a(libc_a-mallocr.o)
 .debug_abbrev  0x0000000000006bd4      0x1bf /usr/lib/gcc/arm-none-eabi/12.2.0/../../../../arm-none-eabi/lib/thumb/v7-m/nofp/libc_nano.a(libc_a-mlock.o)

.debug_loc      0x0000000000000000    0x2327d
 .debug_loc     0x0000000000000000      0x1aa build/main.o
 .debug_loc     0x00000000000001aa       0x40 build/stm32f1xx_it.o
 .debug_loc     0x00000000000001ea      0x103 build/stm32f1xx_hal_msp.o
 .debug_loc     0x00000000000002ed     0x4dd8 build/stm32f1xx_hal_i2c.o
 .debug_loc     0x00000000000050c5      0x1e1 build/stm32f1xx_hal.o
 .debug_loc     0x00000000000052a6      0x7ee build/stm32f1xx_hal_rcc.o
 .debug_loc     0x0000000000005a94      0x444 build/stm32f1xx_hal_rcc_ex.o
 .debug_loc     0x0000000000005ed8      0x53c build/stm32f1xx_hal_gpio.o
 .debug_loc     0x0000000000006414      0x782 build/stm32f1xx_hal_cortex.o
 .debug_loc     0x0000000000006b96     0x5358 build/stm32f1xx_hal_tim.o
 .debug_loc     0x000000000000beee     0x1efa build/stm32f1xx_hal_tim_ex.o
 .debug_loc     0x000000000000dde8     0x17ab build/stm32f1xx_hal_pcd.o
 .debug_loc     0x000000000000f593      0x12a build/stm32f1xx_hal_pcd_ex.o
 .debug_loc     0x000000000000f6bd     0x1cf2 build/stm32f1xx_ll_usb.o
 .debug_loc     0x00000000000113af      0xfc1 build/ssd1306.o
 .debug_loc     0x0000000000012370      0x412 build/usb_send.o
 .debug_loc     0x0000000000012782      0x1bb build/MCP23017.o
 .debug_loc     0x000000000001293d       0x8b build/rigth.o
 .debug_loc     0x00000000000129c8       0x7d build/check_keys.o
 .debug_loc     0x0000000000012a45       0x66 build/left.o
 .debug_loc     0x0000000000012aab       0xff build/system_stm32f1xx.o
 .debug_loc     0x0000000000012baa       0x20 build/usb_device.o
 .debug_loc     0x0000000000012bca      0x47b build/usbd_desc.o
 .debug_loc     0x0000000000013045      0xefc build/usbd_conf.o
 .debug_loc     0x0000000000013f41       0xe5 build/list.o
 .debug_loc     0x0000000000014026     0x1e5d build/queue.o
 .debug_loc     0x0000000000015e83     0x29db build/tasks.o
 .debug_loc     0x000000000001885e     0x134d build/timers.o
 .debug_loc     0x0000000000019bab      0x3ed build/heap_4.o
 .debug_loc     0x0000000000019f98      0x16c build/port.o
 .debug_loc     0x000000000001a104      0xaf6 build/usbd_core.o
 .debug_loc     0x000000000001abfa     0x1631 build/usbd_ctlreq.o
 .debug_loc     0x000000000001c22b      0x364 build/usbd_ioreq.o
 .debug_loc     0x000000000001c58f      0x7af build/usbd_hid.o
 .debug_loc     0x000000000001cd3e      0x152 build/stm32f1xx_hal_timebase_tim.o
 .debug_loc     0x000000000001ce90     0x63ed build/cmsis_os2.o

.debug_aranges  0x0000000000000000     0x1cc8
 .debug_aranges
                0x0000000000000000       0x58 build/main.o
 .debug_aranges
                0x0000000000000058       0x58 build/stm32f1xx_it.o
 .debug_aranges
                0x00000000000000b0       0x30 build/stm32f1xx_hal_msp.o
 .debug_aranges
                0x00000000000000e0      0x2a0 build/stm32f1xx_hal_i2c.o
 .debug_aranges
                0x0000000000000380       0xe0 build/stm32f1xx_hal.o
 .debug_aranges
                0x0000000000000460       0x90 build/stm32f1xx_hal_rcc.o
 .debug_aranges
                0x00000000000004f0       0x30 build/stm32f1xx_hal_rcc_ex.o
 .debug_aranges
                0x0000000000000520       0x58 build/stm32f1xx_hal_gpio.o
 .debug_aranges
                0x0000000000000578       0xc0 build/stm32f1xx_hal_cortex.o
 .debug_aranges
                0x0000000000000638      0x3d0 build/stm32f1xx_hal_tim.o
 .debug_aranges
                0x0000000000000a08      0x168 build/stm32f1xx_hal_tim_ex.o
 .debug_aranges
                0x0000000000000b70      0x138 build/stm32f1xx_hal_pcd.o
 .debug_aranges
                0x0000000000000ca8       0x38 build/stm32f1xx_hal_pcd_ex.o
 .debug_aranges
                0x0000000000000ce0       0xf0 build/stm32f1xx_ll_usb.o
 .debug_aranges
                0x0000000000000dd0       0xc8 build/ssd1306.o
 .debug_aranges
                0x0000000000000e98       0x38 build/usb_send.o
 .debug_aranges
                0x0000000000000ed0       0x38 build/MCP23017.o
 .debug_aranges
                0x0000000000000f08       0x20 build/rigth.o
 .debug_aranges
                0x0000000000000f28       0x28 build/check_keys.o
 .debug_aranges
                0x0000000000000f50       0x20 build/left.o
 .debug_aranges
                0x0000000000000f70       0x28 build/system_stm32f1xx.o
 .debug_aranges
                0x0000000000000f98       0x20 build/usb_device.o
 .debug_aranges
                0x0000000000000fb8       0x60 build/usbd_desc.o
 .debug_aranges
                0x0000000000001018      0x118 build/usbd_conf.o
 .debug_aranges
                0x0000000000001130       0x40 build/list.o
 .debug_aranges
                0x0000000000001170      0x158 build/queue.o
 .debug_aranges
                0x00000000000012c8      0x1f8 build/tasks.o
 .debug_aranges
                0x00000000000014c0       0xe0 build/timers.o
 .debug_aranges
                0x00000000000015a0       0x50 build/heap_4.o
 .debug_aranges
                0x00000000000015f0       0x78 build/port.o
 .debug_aranges
                0x0000000000001668       0xb8 build/usbd_core.o
 .debug_aranges
                0x0000000000001720       0x88 build/usbd_ctlreq.o
 .debug_aranges
                0x00000000000017a8       0x50 build/usbd_ioreq.o
 .debug_aranges
                0x00000000000017f8       0x68 build/usbd_hid.o
 .debug_aranges
                0x0000000000001860       0x30 build/stm32f1xx_hal_timebase_tim.o
 .debug_aranges
                0x0000000000001890      0x228 build/cmsis_os2.o
 .debug_aranges
                0x0000000000001ab8       0x28 build/startup_stm32f103xb.o
 .debug_aranges
                0x0000000000001ae0       0x78 /usr/lib/gcc/arm-none-eabi/12.2.0/../../../../arm-none-eabi/lib/thumb/v7-m/nofp/libc_nano.a(libc_a-findfp.o)
 .debug_aranges
                0x0000000000001b58       0x20 /usr/lib/gcc/arm-none-eabi/12.2.0/../../../../arm-none-eabi/lib/thumb/v7-m/nofp/libc_nano.a(libc_a-memset.o)
 .debug_aranges
                0x0000000000001b78       0x20 /usr/lib/gcc/arm-none-eabi/12.2.0/../../../../arm-none-eabi/lib/thumb/v7-m/nofp/libc_nano.a(libc_a-reent.o)
 .debug_aranges
                0x0000000000001b98       0x18 /usr/lib/gcc/arm-none-eabi/12.2.0/../../../../arm-none-eabi/lib/thumb/v7-m/nofp/libc_nano.a(libc_a-impure.o)
 .debug_aranges
                0x0000000000001bb0       0x20 /usr/lib/gcc/arm-none-eabi/12.2.0/../../../../arm-none-eabi/lib/thumb/v7-m/nofp/libc_nano.a(libc_a-init.o)
 .debug_aranges
                0x0000000000001bd0       0x68 /usr/lib/gcc/arm-none-eabi/12.2.0/../../../../arm-none-eabi/lib/thumb/v7-m/nofp/libc_nano.a(libc_a-lock.o)
 .debug_aranges
                0x0000000000001c38       0x20 /usr/lib/gcc/arm-none-eabi/12.2.0/../../../../arm-none-eabi/lib/thumb/v7-m/nofp/libc_nano.a(libc_a-memcpy-stub.o)
 .debug_aranges
                0x0000000000001c58       0x20 /usr/lib/gcc/arm-none-eabi/12.2.0/../../../../arm-none-eabi/lib/thumb/v7-m/nofp/libc_nano.a(libc_a-freer.o)
 .debug_aranges
                0x0000000000001c78       0x28 /usr/lib/gcc/arm-none-eabi/12.2.0/../../../../arm-none-eabi/lib/thumb/v7-m/nofp/libc_nano.a(libc_a-mallocr.o)
 .debug_aranges
                0x0000000000001ca0       0x28 /usr/lib/gcc/arm-none-eabi/12.2.0/../../../../arm-none-eabi/lib/thumb/v7-m/nofp/libc_nano.a(libc_a-mlock.o)

.debug_ranges   0x0000000000000000     0x1ef0
 .debug_ranges  0x0000000000000000       0x48 build/main.o
 .debug_ranges  0x0000000000000048       0x48 build/stm32f1xx_it.o
 .debug_ranges  0x0000000000000090       0x20 build/stm32f1xx_hal_msp.o
 .debug_ranges  0x00000000000000b0      0x2a8 build/stm32f1xx_hal_i2c.o
 .debug_ranges  0x0000000000000358       0xd0 build/stm32f1xx_hal.o
 .debug_ranges  0x0000000000000428       0xa0 build/stm32f1xx_hal_rcc.o
 .debug_ranges  0x00000000000004c8       0x38 build/stm32f1xx_hal_rcc_ex.o
 .debug_ranges  0x0000000000000500       0x48 build/stm32f1xx_hal_gpio.o
 .debug_ranges  0x0000000000000548       0xb0 build/stm32f1xx_hal_cortex.o
 .debug_ranges  0x00000000000005f8      0x3c0 build/stm32f1xx_hal_tim.o
 .debug_ranges  0x00000000000009b8      0x158 build/stm32f1xx_hal_tim_ex.o
 .debug_ranges  0x0000000000000b10      0x208 build/stm32f1xx_hal_pcd.o
 .debug_ranges  0x0000000000000d18       0x28 build/stm32f1xx_hal_pcd_ex.o
 .debug_ranges  0x0000000000000d40      0x3a0 build/stm32f1xx_ll_usb.o
 .debug_ranges  0x00000000000010e0       0xe8 build/ssd1306.o
 .debug_ranges  0x00000000000011c8       0x28 build/usb_send.o
 .debug_ranges  0x00000000000011f0       0x28 build/MCP23017.o
 .debug_ranges  0x0000000000001218       0x28 build/rigth.o
 .debug_ranges  0x0000000000001240       0x18 build/check_keys.o
 .debug_ranges  0x0000000000001258       0x28 build/left.o
 .debug_ranges  0x0000000000001280       0x18 build/system_stm32f1xx.o
 .debug_ranges  0x0000000000001298       0x10 build/usb_device.o
 .debug_ranges  0x00000000000012a8       0x50 build/usbd_desc.o
 .debug_ranges  0x00000000000012f8      0x108 build/usbd_conf.o
 .debug_ranges  0x0000000000001400       0x30 build/list.o
 .debug_ranges  0x0000000000001430      0x218 build/queue.o
 .debug_ranges  0x0000000000001648      0x320 build/tasks.o
 .debug_ranges  0x0000000000001968       0xd0 build/timers.o
 .debug_ranges  0x0000000000001a38       0x40 build/heap_4.o
 .debug_ranges  0x0000000000001a78       0x68 build/port.o
 .debug_ranges  0x0000000000001ae0       0xa8 build/usbd_core.o
 .debug_ranges  0x0000000000001b88       0x78 build/usbd_ctlreq.o
 .debug_ranges  0x0000000000001c00       0x40 build/usbd_ioreq.o
 .debug_ranges  0x0000000000001c40       0x58 build/usbd_hid.o
 .debug_ranges  0x0000000000001c98       0x20 build/stm32f1xx_hal_timebase_tim.o
 .debug_ranges  0x0000000000001cb8      0x218 build/cmsis_os2.o
 .debug_ranges  0x0000000000001ed0       0x20 build/startup_stm32f103xb.o

.debug_line     0x0000000000000000    0x1fa62
 .debug_line    0x0000000000000000      0x5b8 build/main.o
 .debug_line    0x00000000000005b8      0x267 build/stm32f1xx_it.o
 .debug_line    0x000000000000081f      0x220 build/stm32f1xx_hal_msp.o
 .debug_line    0x0000000000000a3f     0x54e4 build/stm32f1xx_hal_i2c.o
 .debug_line    0x0000000000005f23      0x4b6 build/stm32f1xx_hal.o
 .debug_line    0x00000000000063d9      0xbac build/stm32f1xx_hal_rcc.o
 .debug_line    0x0000000000006f85      0x41e build/stm32f1xx_hal_rcc_ex.o
 .debug_line    0x00000000000073a3      0x533 build/stm32f1xx_hal_gpio.o
 .debug_line    0x00000000000078d6      0x659 build/stm32f1xx_hal_cortex.o
 .debug_line    0x0000000000007f2f     0x4576 build/stm32f1xx_hal_tim.o
 .debug_line    0x000000000000c4a5     0x1b63 build/stm32f1xx_hal_tim_ex.o
 .debug_line    0x000000000000e008     0x1841 build/stm32f1xx_hal_pcd.o
 .debug_line    0x000000000000f849      0x21b build/stm32f1xx_hal_pcd_ex.o
 .debug_line    0x000000000000fa64     0x1a22 build/stm32f1xx_ll_usb.o
 .debug_line    0x0000000000011486      0x8f6 build/ssd1306.o
 .debug_line    0x0000000000011d7c      0x451 build/usb_send.o
 .debug_line    0x00000000000121cd      0x1fc build/MCP23017.o
 .debug_line    0x00000000000123c9      0x1f9 build/rigth.o
 .debug_line    0x00000000000125c2      0x26e build/check_keys.o
 .debug_line    0x0000000000012830      0x1b1 build/left.o
 .debug_line    0x00000000000129e1      0x1ce build/system_stm32f1xx.o
 .debug_line    0x0000000000012baf      0x193 build/usb_device.o
 .debug_line    0x0000000000012d42      0x2ee build/usbd_desc.o
 .debug_line    0x0000000000013030      0x740 build/usbd_conf.o
 .debug_line    0x0000000000013770      0x2fc build/list.o
 .debug_line    0x0000000000013a6c     0x1e7e build/queue.o
 .debug_line    0x00000000000158ea     0x2a2b build/tasks.o
 .debug_line    0x0000000000018315      0xd11 build/timers.o
 .debug_line    0x0000000000019026      0x5b7 build/heap_4.o
 .debug_line    0x00000000000195dd      0x57c build/port.o
 .debug_line    0x0000000000019b59      0x6b5 build/usbd_core.o
 .debug_line    0x000000000001a20e      0xa9d build/usbd_ctlreq.o
 .debug_line    0x000000000001acab      0x22c build/usbd_ioreq.o
 .debug_line    0x000000000001aed7      0x4b1 build/usbd_hid.o
 .debug_line    0x000000000001b388      0x28d build/stm32f1xx_hal_timebase_tim.o
 .debug_line    0x000000000001b615     0x2cd7 build/cmsis_os2.o
 .debug_line    0x000000000001e2ec       0x75 build/startup_stm32f103xb.o
 .debug_line    0x000000000001e361      0x558 /usr/lib/gcc/arm-none-eabi/12.2.0/../../../../arm-none-eabi/lib/thumb/v7-m/nofp/libc_nano.a(libc_a-findfp.o)
 .debug_line    0x000000000001e8b9      0x123 /usr/lib/gcc/arm-none-eabi/12.2.0/../../../../arm-none-eabi/lib/thumb/v7-m/nofp/libc_nano.a(libc_a-memset.o)
 .debug_line    0x000000000001e9dc      0x276 /usr/lib/gcc/arm-none-eabi/12.2.0/../../../../arm-none-eabi/lib/thumb/v7-m/nofp/libc_nano.a(libc_a-reent.o)
 .debug_line    0x000000000001ec52      0x108 /usr/lib/gcc/arm-none-eabi/12.2.0/../../../../arm-none-eabi/lib/thumb/v7-m/nofp/libc_nano.a(libc_a-impure.o)
 .debug_line    0x000000000001ed5a      0x12a /usr/lib/gcc/arm-none-eabi/12.2.0/../../../../arm-none-eabi/lib/thumb/v7-m/nofp/libc_nano.a(libc_a-init.o)
 .debug_line    0x000000000001ee84      0x17d /usr/lib/gcc/arm-none-eabi/12.2.0/../../../../arm-none-eabi/lib/thumb/v7-m/nofp/libc_nano.a(libc_a-lock.o)
 .debug_line    0x000000000001f001      0x196 /usr/lib/gcc/arm-none-eabi/12.2.0/../../../../arm-none-eabi/lib/thumb/v7-m/nofp/libc_nano.a(libc_a-memcpy-stub.o)
 .debug_line    0x000000000001f197      0x2bb /usr/lib/gcc/arm-none-eabi/12.2.0/../../../../arm-none-eabi/lib/thumb/v7-m/nofp/libc_nano.a(libc_a-freer.o)
 .debug_line    0x000000000001f452      0x486 /usr/lib/gcc/arm-none-eabi/12.2.0/../../../../arm-none-eabi/lib/thumb/v7-m/nofp/libc_nano.a(libc_a-mallocr.o)
 .debug_line    0x000000000001f8d8      0x18a /usr/lib/gcc/arm-none-eabi/12.2.0/../../../../arm-none-eabi/lib/thumb/v7-m/nofp/libc_nano.a(libc_a-mlock.o)

.debug_str      0x0000000000000000     0x9145
 .debug_str     0x0000000000000000     0x1212 build/main.o
                                       0x1301 (size before relaxing)
 .debug_str     0x0000000000001212      0x3cf build/stm32f1xx_it.o
                                        0xa11 (size before relaxing)
 .debug_str     0x00000000000015e1      0x354 build/stm32f1xx_hal_msp.o
                                        0x9be (size before relaxing)
 .debug_str     0x0000000000001935      0x8e3 build/stm32f1xx_hal_i2c.o
                                        0xf8d (size before relaxing)
 .debug_str     0x0000000000002218      0x2da build/stm32f1xx_hal.o
                                        0x803 (size before relaxing)
 .debug_str     0x00000000000024f2      0x1ed build/stm32f1xx_hal_rcc.o
                                        0x600 (size before relaxing)
 .debug_str     0x00000000000026df       0x9c build/stm32f1xx_hal_rcc_ex.o
                                        0x3a8 (size before relaxing)
 .debug_str     0x000000000000277b      0x12d build/stm32f1xx_hal_gpio.o
                                        0x3d5 (size before relaxing)
 .debug_str     0x00000000000028a8      0x387 build/stm32f1xx_hal_cortex.o
                                        0x8a8 (size before relaxing)
 .debug_str     0x0000000000002c2f      0xeff build/stm32f1xx_hal_tim.o
                                       0x1643 (size before relaxing)
 .debug_str     0x0000000000003b2e      0x55b build/stm32f1xx_hal_tim_ex.o
                                        0xe5f (size before relaxing)
 .debug_str     0x0000000000004089      0x56e build/stm32f1xx_hal_pcd.o
                                        0xab3 (size before relaxing)
 .debug_str     0x00000000000045f7      0x16d build/stm32f1xx_hal_pcd_ex.o
                                        0x69d (size before relaxing)
 .debug_str     0x0000000000004764      0x120 build/stm32f1xx_ll_usb.o
                                        0x6d0 (size before relaxing)
 .debug_str     0x0000000000004884      0x38b build/ssd1306.o
                                        0xa70 (size before relaxing)
 .debug_str     0x0000000000004c0f      0x490 build/usb_send.o
                                        0x7b6 (size before relaxing)
 .debug_str     0x000000000000509f       0x91 build/MCP23017.o
                                        0x6c5 (size before relaxing)
 .debug_str     0x0000000000005130       0x38 build/rigth.o
                                        0x653 (size before relaxing)
 .debug_str     0x0000000000005168       0x3f build/check_keys.o
                                        0x71a (size before relaxing)
 .debug_str     0x00000000000051a7       0x35 build/left.o
                                        0x23a (size before relaxing)
 .debug_str     0x00000000000051dc       0x4f build/system_stm32f1xx.o
                                        0x229 (size before relaxing)
 .debug_str     0x000000000000522b       0x84 build/usb_device.o
                                        0x5ba (size before relaxing)
 .debug_str     0x00000000000052af      0x181 build/usbd_desc.o
                                        0x426 (size before relaxing)
 .debug_str     0x0000000000005430      0x267 build/usbd_conf.o
                                       0x117b (size before relaxing)
 .debug_str     0x0000000000005697      0x136 build/list.o
                                        0x2ca (size before relaxing)
 .debug_str     0x00000000000057cd      0x989 build/queue.o
                                        0xc55 (size before relaxing)
 .debug_str     0x0000000000006156      0xf1b build/tasks.o
                                       0x1592 (size before relaxing)
 .debug_str     0x0000000000007071      0x5a9 build/timers.o
                                        0xed9 (size before relaxing)
 .debug_str     0x000000000000761a      0x1d5 build/heap_4.o
                                        0x3be (size before relaxing)
 .debug_str     0x00000000000077ef      0x17d build/port.o
                                        0x436 (size before relaxing)
 .debug_str     0x000000000000796c      0x13e build/usbd_core.o
                                        0x806 (size before relaxing)
 .debug_str     0x0000000000007aaa       0xe2 build/usbd_ctlreq.o
                                        0x720 (size before relaxing)
 .debug_str     0x0000000000007b8c       0x60 build/usbd_ioreq.o