Archive member included to satisfy reference by file (symbol)

/usr/lib/gcc/arm-none-eabi/12.2.0/../../../../arm-none-eabi/lib/thumb/v7-m/nofp/libc_nano.a(libc_a-atexit.o)
                              /usr/lib/gcc/arm-none-eabi/12.2.0/../../../../arm-none-eabi/lib/thumb/v7-m/nofp/crt0.o (atexit)
/usr/lib/gcc/arm-none-eabi/12.2.0/../../../../arm-none-eabi/lib/thumb/v7-m/nofp/libc_nano.a(libc_a-exit.o)
                              /usr/lib/gcc/arm-none-eabi/12.2.0/../../../../arm-none-eabi/lib/thumb/v7-m/nofp/crt0.o (exit)
/usr/lib/gcc/arm-none-eabi/12.2.0/../../../../arm-none-eabi/lib/thumb/v7-m/nofp/libc_nano.a(libc_a-findfp.o)
                              build/tasks.o (__sf)
/usr/lib/gcc/arm-none-eabi/12.2.0/../../../../arm-none-eabi/lib/thumb/v7-m/nofp/libc_nano.a(libc_a-fwalk.o)
                              /usr/lib/gcc/arm-none-eabi/12.2.0/../../../../arm-none-eabi/lib/thumb/v7-m/nofp/libc_nano.a(libc_a-findfp.o) (_fwalk_sglue)
/usr/lib/gcc/arm-none-eabi/12.2.0/../../../../arm-none-eabi/lib/thumb/v7-m/nofp/libc_nano.a(libc_a-stdio.o)
                              /usr/lib/gcc/arm-none-eabi/12.2.0/../../../../arm-none-eabi/lib/thumb/v7-m/nofp/libc_nano.a(libc_a-findfp.o) (__sread)
/usr/lib/gcc/arm-none-eabi/12.2.0/../../../../arm-none-eabi/lib/thumb/v7-m/nofp/libc_nano.a(libc_a-memset.o)
                              /usr/lib/gcc/arm-none-eabi/12.2.0/../../../../arm-none-eabi/lib/thumb/v7-m/nofp/crt0.o (memset)
/usr/lib/gcc/arm-none-eabi/12.2.0/../../../../arm-none-eabi/lib/thumb/v7-m/nofp/libc_nano.a(libc_a-closer.o)
                              /usr/lib/gcc/arm-none-eabi/12.2.0/../../../../arm-none-eabi/lib/thumb/v7-m/nofp/libc_nano.a(libc_a-stdio.o) (_close_r)
/usr/lib/gcc/arm-none-eabi/12.2.0/../../../../arm-none-eabi/lib/thumb/v7-m/nofp/libc_nano.a(libc_a-reent.o)
                              build/tasks.o (_reclaim_reent)
/usr/lib/gcc/arm-none-eabi/12.2.0/../../../../arm-none-eabi/lib/thumb/v7-m/nofp/libc_nano.a(libc_a-impure.o)
                              build/tasks.o (_impure_ptr)
/usr/lib/gcc/arm-none-eabi/12.2.0/../../../../arm-none-eabi/lib/thumb/v7-m/nofp/libc_nano.a(libc_a-lseekr.o)
                              /usr/lib/gcc/arm-none-eabi/12.2.0/../../../../arm-none-eabi/lib/thumb/v7-m/nofp/libc_nano.a(libc_a-stdio.o) (_lseek_r)
/usr/lib/gcc/arm-none-eabi/12.2.0/../../../../arm-none-eabi/lib/thumb/v7-m/nofp/libc_nano.a(libc_a-readr.o)
                              /usr/lib/gcc/arm-none-eabi/12.2.0/../../../../arm-none-eabi/lib/thumb/v7-m/nofp/libc_nano.a(libc_a-stdio.o) (_read_r)
/usr/lib/gcc/arm-none-eabi/12.2.0/../../../../arm-none-eabi/lib/thumb/v7-m/nofp/libc_nano.a(libc_a-writer.o)
                              /usr/lib/gcc/arm-none-eabi/12.2.0/../../../../arm-none-eabi/lib/thumb/v7-m/nofp/libc_nano.a(libc_a-stdio.o) (_write_r)
/usr/lib/gcc/arm-none-eabi/12.2.0/../../../../arm-none-eabi/lib/thumb/v7-m/nofp/libc_nano.a(libc_a-init.o)
                              /usr/lib/gcc/arm-none-eabi/12.2.0/../../../../arm-none-eabi/lib/thumb/v7-m/nofp/crt0.o (__libc_init_array)
/usr/lib/gcc/arm-none-eabi/12.2.0/../../../../arm-none-eabi/lib/thumb/v7-m/nofp/libc_nano.a(libc_a-fini.o)
                              /usr/lib/gcc/arm-none-eabi/12.2.0/../../../../arm-none-eabi/lib/thumb/v7-m/nofp/crt0.o (__libc_fini_array)
/usr/lib/gcc/arm-none-eabi/12.2.0/../../../../arm-none-eabi/lib/thumb/v7-m/nofp/libc_nano.a(libc_a-lock.o)
                              /usr/lib/gcc/arm-none-eabi/12.2.0/../../../../arm-none-eabi/lib/thumb/v7-m/nofp/libc_nano.a(libc_a-findfp.o) (__retarget_lock_init_recursive)
/usr/lib/gcc/arm-none-eabi/12.2.0/../../../../arm-none-eabi/lib/thumb/v7-m/nofp/libc_nano.a(libc_a-memcpy-stub.o)
                              build/queue.o (memcpy)
/usr/lib/gcc/arm-none-eabi/12.2.0/../../../../arm-none-eabi/lib/thumb/v7-m/nofp/libc_nano.a(libc_a-__atexit.o)
                              /usr/lib/gcc/arm-none-eabi/12.2.0/../../../../arm-none-eabi/lib/thumb/v7-m/nofp/libc_nano.a(libc_a-atexit.o) (__register_exitproc)
/usr/lib/gcc/arm-none-eabi/12.2.0/../../../../arm-none-eabi/lib/thumb/v7-m/nofp/libc_nano.a(libc_a-__call_atexit.o)
                              /usr/lib/gcc/arm-none-eabi/12.2.0/../../../../arm-none-eabi/lib/thumb/v7-m/nofp/libc_nano.a(libc_a-__atexit.o) (__call_exitprocs)
/usr/lib/gcc/arm-none-eabi/12.2.0/../../../../arm-none-eabi/lib/thumb/v7-m/nofp/libc_nano.a(libc_a-freer.o)
                              /usr/lib/gcc/arm-none-eabi/12.2.0/../../../../arm-none-eabi/lib/thumb/v7-m/nofp/libc_nano.a(libc_a-reent.o) (_free_r)
/usr/lib/gcc/arm-none-eabi/12.2.0/../../../../arm-none-eabi/lib/thumb/v7-m/nofp/libc_nano.a(libc_a-mallocr.o)
                              /usr/lib/gcc/arm-none-eabi/12.2.0/../../../../arm-none-eabi/lib/thumb/v7-m/nofp/libc_nano.a(libc_a-findfp.o) (_malloc_r)
/usr/lib/gcc/arm-none-eabi/12.2.0/../../../../arm-none-eabi/lib/thumb/v7-m/nofp/libc_nano.a(libc_a-mlock.o)
[...]
Memory Configuration

Name             Origin             Length             Attributes
RAM              0x0000000020000000 0x0000000000005000 xrw
FLASH            0x0000000008000000 0x0000000000010000 xr
*default*        0x0000000000000000 0xffffffffffffffff

Linker script and memory map

LOAD /usr/lib/gcc/arm-none-eabi/12.2.0/thumb/v7-m/nofp/crti.o
LOAD /usr/lib/gcc/arm-none-eabi/12.2.0/thumb/v7-m/nofp/crtbegin.o
LOAD /usr/lib/gcc/arm-none-eabi/12.2.0/../../../../arm-none-eabi/lib/thumb/v7-m/nofp/crt0.o
LOAD build/main.o
LOAD build/freertos.o
LOAD build/stm32f1xx_it.o
LOAD build/stm32f1xx_hal_msp.o
LOAD build/stm32f1xx_hal_timebase_tim.o
LOAD build/usb_device.o
LOAD build/usbd_desc.o
LOAD build/usbd_conf.o
LOAD build/stm32f1xx_hal_gpio_ex.o
LOAD build/stm32f1xx_hal_pcd.o
LOAD build/stm32f1xx_hal_pcd_ex.o
LOAD build/stm32f1xx_ll_usb.o
LOAD build/stm32f1xx_hal.o
LOAD build/stm32f1xx_hal_rcc.o
LOAD build/stm32f1xx_hal_rcc_ex.o
LOAD build/stm32f1xx_hal_gpio.o
LOAD build/stm32f1xx_hal_dma.o
LOAD build/stm32f1xx_hal_cortex.o
LOAD build/stm32f1xx_hal_pwr.o
LOAD build/stm32f1xx_hal_flash.o
LOAD build/stm32f1xx_hal_flash_ex.o
LOAD build/stm32f1xx_hal_exti.o
LOAD build/stm32f1xx_hal_tim.o
LOAD build/stm32f1xx_hal_tim_ex.o
LOAD build/system_stm32f1xx.o
LOAD build/croutine.o
LOAD build/event_groups.o
LOAD build/list.o
LOAD build/queue.o
LOAD build/stream_buffer.o
LOAD build/tasks.o
LOAD build/timers.o
LOAD build/cmsis_os2.o
LOAD build/heap_4.o
LOAD build/port.o
LOAD build/usbd_core.o
LOAD build/usbd_ctlreq.o
LOAD build/usbd_ioreq.o
LOAD build/usbd_hid.o
LOAD build/stm32f1xx_hal_i2c.o
LOAD build/startup_stm32f103xb.o
LOAD /usr/lib/gcc/arm-none-eabi/12.2.0/../../../../arm-none-eabi/lib/thumb/v7-m/nofp/libc_nano.a
LOAD /usr/lib/gcc/arm-none-eabi/12.2.0/../../../../arm-none-eabi/lib/thumb/v7-m/nofp/libm.a
LOAD /usr/lib/gcc/arm-none-eabi/12.2.0/../../../../arm-none-eabi/lib/thumb/v7-m/nofp/libnosys.a
START GROUP
LOAD /usr/lib/gcc/arm-none-eabi/12.2.0/thumb/v7-m/nofp/libgcc.a
LOAD /usr/lib/gcc/arm-none-eabi/12.2.0/../../../../arm-none-eabi/lib/thumb/v7-m/nofp/libc_nano.a
END GROUP
START GROUP
LOAD /usr/lib/gcc/arm-none-eabi/12.2.0/thumb/v7-m/nofp/libgcc.a
LOAD /usr/lib/gcc/arm-none-eabi/12.2.0/../../../../arm-none-eabi/lib/thumb/v7-m/nofp/libc_nano.a
END GROUP
LOAD /usr/lib/gcc/arm-none-eabi/12.2.0/thumb/v7-m/nofp/crtend.o
LOAD /usr/lib/gcc/arm-none-eabi/12.2.0/thumb/v7-m/nofp/crtn.o
                0x0000000020005000                _estack = (ORIGIN (RAM) + LENGTH (RAM))
                0x0000000000000200                _Min_Heap_Size = 0x200
                0x0000000000000400                _Min_Stack_Size = 0x400

.isr_vector     0x0000000008000000      0x10c
                0x0000000008000000                . = ALIGN (0x4)
 *(.isr_vector)
 .isr_vector    0x0000000008000000      0x10c build/startup_stm32f103xb.o
                0x0000000008000000                g_pfnVectors
                0x000000000800010c                . = ALIGN (0x4)

.text           0x0000000008000110     0x6010
                0x0000000008000110                . = ALIGN (0x4)
 *(.text)
 *(.text*)
 .text.__do_global_dtors_aux
                0x0000000008000110       0x24 /usr/lib/gcc/arm-none-eabi/12.2.0/thumb/v7-m/nofp/crtbegin.o
 .text.frame_dummy
                0x0000000008000134       0x1c /usr/lib/gcc/arm-none-eabi/12.2.0/thumb/v7-m/nofp/crtbegin.o
 .text.test_task
                0x0000000008000150       0x3c build/main.o
                0x0000000008000150                test_task
 .text.MX_GPIO_Init
                0x000000000800018c       0x90 build/main.o
 .text.StartDefaultTask
                0x000000000800021c        0xe build/main.o
                0x000000000800021c                StartDefaultTask
 .text.HAL_TIM_PeriodElapsedCallback
                0x000000000800022a       0x12 build/main.o
                0x000000000800022a                HAL_TIM_PeriodElapsedCallback
 .text.Error_Handler
                0x000000000800023c        0x4 build/main.o
                0x000000000800023c                Error_Handler
 .text.MX_I2C1_Init
                0x0000000008000240       0x38 build/main.o
 .text.SystemClock_Config
                0x0000000008000278       0x82 build/main.o
                0x0000000008000278                SystemClock_Config
 *fill*         0x00000000080002fa        0x2 
 .text.main     0x00000000080002fc       0x58 build/main.o
                0x00000000080002fc                main
 .text.NMI_Handler
                0x0000000008000354        0x2 build/stm32f1xx_it.o
                0x0000000008000354                NMI_Handler
 .text.HardFault_Handler
                0x0000000008000356        0x2 build/stm32f1xx_it.o
                0x0000000008000356                HardFault_Handler
 .text.MemManage_Handler
                0x0000000008000358        0x2 build/stm32f1xx_it.o
                0x0000000008000358                MemManage_Handler
 .text.BusFault_Handler
                0x000000000800035a        0x2 build/stm32f1xx_it.o
                0x000000000800035a                BusFault_Handler
 .text.UsageFault_Handler
                0x000000000800035c        0x2 build/stm32f1xx_it.o
                0x000000000800035c                UsageFault_Handler
 .text.DebugMon_Handler
                0x000000000800035e        0x2 build/stm32f1xx_it.o
                0x000000000800035e                DebugMon_Handler
 .text.USB_LP_CAN1_RX0_IRQHandler
                0x0000000008000360       0x10 build/stm32f1xx_it.o
                0x0000000008000360                USB_LP_CAN1_RX0_IRQHandler
 .text.TIM2_IRQHandler
                0x0000000008000370       0x10 build/stm32f1xx_it.o
                0x0000000008000370                TIM2_IRQHandler
 .text.HAL_MspInit
                0x0000000008000380       0x40 build/stm32f1xx_hal_msp.o
                0x0000000008000380                HAL_MspInit
 .text.HAL_I2C_MspInit
                0x00000000080003c0       0x64 build/stm32f1xx_hal_msp.o
                0x00000000080003c0                HAL_I2C_MspInit
 .text.HAL_InitTick
                0x0000000008000424       0xa0 build/stm32f1xx_hal_timebase_tim.o
                0x0000000008000424                HAL_InitTick
 .text.MX_USB_DEVICE_Init
                0x00000000080004c4       0x40 build/usb_device.o
                0x00000000080004c4                MX_USB_DEVICE_Init
 .text.USBD_FS_DeviceDescriptor
                0x0000000008000504        0xc build/usbd_desc.o
                0x0000000008000504                USBD_FS_DeviceDescriptor
 .text.USBD_FS_LangIDStrDescriptor
                0x0000000008000510        0xc build/usbd_desc.o
                0x0000000008000510                USBD_FS_LangIDStrDescriptor
 .text.IntToUnicode
                0x000000000800051c       0x46 build/usbd_desc.o
 *fill*         0x0000000008000562        0x2 
 .text.Get_SerialNum
                0x0000000008000564       0x38 build/usbd_desc.o
 .text.USBD_FS_SerialStrDescriptor
                0x000000000800059c       0x14 build/usbd_desc.o
                0x000000000800059c                USBD_FS_SerialStrDescriptor
 .text.USBD_FS_ProductStrDescriptor
                0x00000000080005b0       0x24 build/usbd_desc.o
                0x00000000080005b0                USBD_FS_ProductStrDescriptor
 .text.USBD_FS_ManufacturerStrDescriptor
                0x00000000080005d4       0x1c build/usbd_desc.o
                0x00000000080005d4                USBD_FS_ManufacturerStrDescriptor
 .text.USBD_FS_ConfigStrDescriptor
                0x00000000080005f0       0x24 build/usbd_desc.o
                0x00000000080005f0                USBD_FS_ConfigStrDescriptor
 .text.USBD_FS_InterfaceStrDescriptor
                0x0000000008000614       0x24 build/usbd_desc.o
                0x0000000008000614                USBD_FS_InterfaceStrDescriptor
 .text.USBD_Get_USB_Status
                0x0000000008000638       0x14 build/usbd_conf.o
 .text.HAL_PCD_MspInit
                0x000000000800064c       0x40 build/usbd_conf.o
                0x000000000800064c                HAL_PCD_MspInit
 .text.HAL_PCD_SetupStageCallback
                0x000000000800068c       0x10 build/usbd_conf.o
                0x000000000800068c                HAL_PCD_SetupStageCallback
 .text.HAL_PCD_DataOutStageCallback
                0x000000000800069c       0x18 build/usbd_conf.o
                0x000000000800069c                HAL_PCD_DataOutStageCallback
 .text.HAL_PCD_DataInStageCallback
                0x00000000080006b4       0x16 build/usbd_conf.o
                0x00000000080006b4                HAL_PCD_DataInStageCallback
 .text.HAL_PCD_SOFCallback
                0x00000000080006ca        0xc build/usbd_conf.o
                0x00000000080006ca                HAL_PCD_SOFCallback
 .text.HAL_PCD_ResetCallback
                0x00000000080006d6       0x24 build/usbd_conf.o
                0x00000000080006d6                HAL_PCD_ResetCallback
 *fill*         0x00000000080006fa        0x2 
 .text.HAL_PCD_SuspendCallback
                0x00000000080006fc       0x20 build/usbd_conf.o
                0x00000000080006fc                HAL_PCD_SuspendCallback
 .text.HAL_PCD_ResumeCallback
                0x000000000800071c        0xc build/usbd_conf.o
                0x000000000800071c                HAL_PCD_ResumeCallback
 .text.USBD_LL_Init
                0x0000000008000728       0x68 build/usbd_conf.o
                0x0000000008000728                USBD_LL_Init
 .text.USBD_LL_Start
                0x0000000008000790       0x10 build/usbd_conf.o
                0x0000000008000790                USBD_LL_Start
 .text.USBD_LL_OpenEP
                0x00000000080007a0       0x16 build/usbd_conf.o
                0x00000000080007a0                USBD_LL_OpenEP
 .text.USBD_LL_CloseEP
                0x00000000080007b6       0x10 build/usbd_conf.o
                0x00000000080007b6                USBD_LL_CloseEP
 .text.USBD_LL_StallEP
                0x00000000080007c6       0x10 build/usbd_conf.o
                0x00000000080007c6                USBD_LL_StallEP
 .text.USBD_LL_ClearStallEP
                0x00000000080007d6       0x10 build/usbd_conf.o
                0x00000000080007d6                USBD_LL_ClearStallEP
 .text.USBD_LL_IsStallEP
                0x00000000080007e6       0x2e build/usbd_conf.o
                0x00000000080007e6                USBD_LL_IsStallEP
 .text.USBD_LL_SetUSBAddress
                0x0000000008000814       0x10 build/usbd_conf.o
                0x0000000008000814                USBD_LL_SetUSBAddress
 .text.USBD_LL_Transmit
                0x0000000008000824       0x10 build/usbd_conf.o
                0x0000000008000824                USBD_LL_Transmit
 .text.USBD_LL_PrepareReceive
                0x0000000008000834       0x10 build/usbd_conf.o
                0x0000000008000834                USBD_LL_PrepareReceive
 .text.USBD_static_malloc
                0x0000000008000844        0x8 build/usbd_conf.o
                0x0000000008000844                USBD_static_malloc
 .text.USBD_static_free
                0x000000000800084c        0x2 build/usbd_conf.o
                0x000000000800084c                USBD_static_free
 .text.HAL_PCDEx_SetConnectionState
                0x000000000800084e        0x2 build/usbd_conf.o
                0x000000000800084e                HAL_PCDEx_SetConnectionState
 .text.HAL_PCD_EP_DB_Receive
                0x0000000008000850      0x11c build/stm32f1xx_hal_pcd.o
 .text.HAL_PCD_Init
                0x000000000800096c      0x118 build/stm32f1xx_hal_pcd.o
                0x000000000800096c                HAL_PCD_Init
 .text.HAL_PCD_Start
                0x0000000008000a84       0x32 build/stm32f1xx_hal_pcd.o
                0x0000000008000a84                HAL_PCD_Start
 .text.HAL_PCD_EP_DB_Transmit
                0x0000000008000ab6      0x420 build/stm32f1xx_hal_pcd.o
 .text.PCD_EP_ISR_Handler
                0x0000000008000ed6      0x440 build/stm32f1xx_hal_pcd.o
 .text.HAL_PCD_SetAddress
                0x0000000008001316       0x28 build/stm32f1xx_hal_pcd.o
                0x0000000008001316                HAL_PCD_SetAddress
 .text.HAL_PCD_IRQHandler
                0x000000000800133e      0x1d4 build/stm32f1xx_hal_pcd.o
                0x000000000800133e                HAL_PCD_IRQHandler
 .text.HAL_PCD_EP_Open
                0x0000000008001512       0x84 build/stm32f1xx_hal_pcd.o
                0x0000000008001512                HAL_PCD_EP_Open
 .text.HAL_PCD_EP_Close
                0x0000000008001596       0x64 build/stm32f1xx_hal_pcd.o
                0x0000000008001596                HAL_PCD_EP_Close
 .text.HAL_PCD_EP_Receive
                0x00000000080015fa       0x44 build/stm32f1xx_hal_pcd.o
                0x00000000080015fa                HAL_PCD_EP_Receive
 .text.HAL_PCD_EP_Transmit
                0x000000000800163e       0x50 build/stm32f1xx_hal_pcd.o
                0x000000000800163e                HAL_PCD_EP_Transmit
 .text.HAL_PCD_EP_SetStall
                0x000000000800168e       0x78 build/stm32f1xx_hal_pcd.o
                0x000000000800168e                HAL_PCD_EP_SetStall
 .text.HAL_PCD_EP_ClrStall
                0x0000000008001706       0x76 build/stm32f1xx_hal_pcd.o
                0x0000000008001706                HAL_PCD_EP_ClrStall
 .text.HAL_PCDEx_PMAConfig
                0x000000000800177c       0x38 build/stm32f1xx_hal_pcd_ex.o
                0x000000000800177c                HAL_PCDEx_PMAConfig
 .text.USB_CoreInit
                0x00000000080017b4        0xe build/stm32f1xx_ll_usb.o
                0x00000000080017b4                USB_CoreInit
 .text.USB_EnableGlobalInt
                0x00000000080017c2       0x12 build/stm32f1xx_ll_usb.o
                0x00000000080017c2                USB_EnableGlobalInt
 .text.USB_DisableGlobalInt
                0x00000000080017d4       0x14 build/stm32f1xx_ll_usb.o
                0x00000000080017d4                USB_DisableGlobalInt
 .text.USB_SetCurrentMode
                0x00000000080017e8        0x4 build/stm32f1xx_ll_usb.o
                0x00000000080017e8                USB_SetCurrentMode
 .text.USB_DevInit
                0x00000000080017ec       0x22 build/stm32f1xx_ll_usb.o
                0x00000000080017ec                USB_DevInit
 .text.USB_ActivateEndpoint
                0x000000000800180e      0x378 build/stm32f1xx_ll_usb.o
                0x000000000800180e                USB_ActivateEndpoint
 .text.USB_DeactivateEndpoint
                0x0000000008001b86      0x1d6 build/stm32f1xx_ll_usb.o
                0x0000000008001b86                USB_DeactivateEndpoint
 .text.USB_EPSetStall
                0x0000000008001d5c       0x4a build/stm32f1xx_ll_usb.o
                0x0000000008001d5c                USB_EPSetStall
 .text.USB_EPClearStall
                0x0000000008001da6       0xa2 build/stm32f1xx_ll_usb.o
                0x0000000008001da6                USB_EPClearStall
 .text.USB_SetDevAddress
                0x0000000008001e48        0xc build/stm32f1xx_ll_usb.o
                0x0000000008001e48                USB_SetDevAddress
 .text.USB_DevConnect
                0x0000000008001e54        0x4 build/stm32f1xx_ll_usb.o
                0x0000000008001e54                USB_DevConnect
 .text.USB_DevDisconnect
                0x0000000008001e58        0x4 build/stm32f1xx_ll_usb.o
                0x0000000008001e58                USB_DevDisconnect
 .text.USB_ReadInterrupts
                0x0000000008001e5c        0x8 build/stm32f1xx_ll_usb.o
                0x0000000008001e5c                USB_ReadInterrupts
 .text.USB_EP0_OutStart
                0x0000000008001e64        0x4 build/stm32f1xx_ll_usb.o
                0x0000000008001e64                USB_EP0_OutStart
 .text.USB_WritePMA
                0x0000000008001e68       0x26 build/stm32f1xx_ll_usb.o
                0x0000000008001e68                USB_WritePMA
 .text.USB_EPStartXfer
                0x0000000008001e8e      0x8b2 build/stm32f1xx_ll_usb.o
                0x0000000008001e8e                USB_EPStartXfer
 .text.USB_ReadPMA
                0x0000000008002740       0x30 build/stm32f1xx_ll_usb.o
                0x0000000008002740                USB_ReadPMA
 .text.HAL_Init
                0x0000000008002770       0x24 build/stm32f1xx_hal.o
                0x0000000008002770                HAL_Init
 .text.HAL_IncTick
                0x0000000008002794       0x18 build/stm32f1xx_hal.o
                0x0000000008002794                HAL_IncTick
 .text.HAL_GetTick
                0x00000000080027ac        0xc build/stm32f1xx_hal.o
                0x00000000080027ac                HAL_GetTick
 .text.HAL_Delay
                0x00000000080027b8       0x28 build/stm32f1xx_hal.o
                0x00000000080027b8                HAL_Delay
 .text.RCC_Delay
                0x00000000080027e0       0x2c build/stm32f1xx_hal_rcc.o
 .text.HAL_RCC_OscConfig
                0x000000000800280c      0x410 build/stm32f1xx_hal_rcc.o
                0x000000000800280c                HAL_RCC_OscConfig
 .text.HAL_RCC_GetSysClockFreq
                0x0000000008002c1c       0x70 build/stm32f1xx_hal_rcc.o
                0x0000000008002c1c                HAL_RCC_GetSysClockFreq
 .text.HAL_RCC_ClockConfig
                0x0000000008002c8c      0x16c build/stm32f1xx_hal_rcc.o
                0x0000000008002c8c                HAL_RCC_ClockConfig
 .text.HAL_RCC_GetHCLKFreq
                0x0000000008002df8        0xc build/stm32f1xx_hal_rcc.o
                0x0000000008002df8                HAL_RCC_GetHCLKFreq
 .text.HAL_RCC_GetPCLK1Freq
                0x0000000008002e04       0x20 build/stm32f1xx_hal_rcc.o
                0x0000000008002e04                HAL_RCC_GetPCLK1Freq
 .text.HAL_RCC_GetClockConfig
                0x0000000008002e24       0x3c build/stm32f1xx_hal_rcc.o
                0x0000000008002e24                HAL_RCC_GetClockConfig
 .text.HAL_RCCEx_PeriphCLKConfig
                0x0000000008002e60      0x118 build/stm32f1xx_hal_rcc_ex.o
                0x0000000008002e60                HAL_RCCEx_PeriphCLKConfig
 .text.HAL_GPIO_Init
                0x0000000008002f78      0x21c build/stm32f1xx_hal_gpio.o
                0x0000000008002f78                HAL_GPIO_Init
 .text.HAL_GPIO_WritePin
                0x0000000008003194        0xc build/stm32f1xx_hal_gpio.o
                0x0000000008003194                HAL_GPIO_WritePin
 .text.__NVIC_SetPriority
                0x00000000080031a0       0x28 build/stm32f1xx_hal_cortex.o
 .text.NVIC_EncodePriority
                0x00000000080031c8       0x3e build/stm32f1xx_hal_cortex.o
 *fill*         0x0000000008003206        0x2 
 .text.HAL_NVIC_SetPriorityGrouping
                0x0000000008003208       0x24 build/stm32f1xx_hal_cortex.o
                0x0000000008003208                HAL_NVIC_SetPriorityGrouping
 .text.HAL_NVIC_SetPriority
                0x000000000800322c       0x20 build/stm32f1xx_hal_cortex.o
                0x000000000800322c                HAL_NVIC_SetPriority
 .text.HAL_NVIC_EnableIRQ
                0x000000000800324c       0x1c build/stm32f1xx_hal_cortex.o
                0x000000000800324c                HAL_NVIC_EnableIRQ
 .text.HAL_TIM_Base_MspInit
                0x0000000008003268        0x2 build/stm32f1xx_hal_tim.o
                0x0000000008003268                HAL_TIM_Base_MspInit
 *fill*         0x000000000800326a        0x2 
 .text.HAL_TIM_Base_Start_IT
                0x000000000800326c       0x68 build/stm32f1xx_hal_tim.o
                0x000000000800326c                HAL_TIM_Base_Start_IT
 .text.HAL_TIM_OC_DelayElapsedCallback
                0x00000000080032d4        0x2 build/stm32f1xx_hal_tim.o
                0x00000000080032d4                HAL_TIM_OC_DelayElapsedCallback
 .text.HAL_TIM_IC_CaptureCallback
                0x00000000080032d6        0x2 build/stm32f1xx_hal_tim.o
                0x00000000080032d6                HAL_TIM_IC_CaptureCallback
 .text.HAL_TIM_PWM_PulseFinishedCallback
                0x00000000080032d8        0x2 build/stm32f1xx_hal_tim.o
                0x00000000080032d8                HAL_TIM_PWM_PulseFinishedCallback
 .text.HAL_TIM_TriggerCallback
                0x00000000080032da        0x2 build/stm32f1xx_hal_tim.o
                0x00000000080032da                HAL_TIM_TriggerCallback
 .text.HAL_TIM_IRQHandler
                0x00000000080032dc      0x17a build/stm32f1xx_hal_tim.o
                0x00000000080032dc                HAL_TIM_IRQHandler
 *fill*         0x0000000008003456        0x2 
 .text.TIM_Base_SetConfig
                0x0000000008003458       0x74 build/stm32f1xx_hal_tim.o
                0x0000000008003458                TIM_Base_SetConfig
 .text.HAL_TIM_Base_Init
                0x00000000080034cc       0x58 build/stm32f1xx_hal_tim.o
                0x00000000080034cc                HAL_TIM_Base_Init
 .text.HAL_TIMEx_CommutCallback
                0x0000000008003524        0x2 build/stm32f1xx_hal_tim_ex.o
                0x0000000008003524                HAL_TIMEx_CommutCallback
 .text.HAL_TIMEx_BreakCallback
                0x0000000008003526        0x2 build/stm32f1xx_hal_tim_ex.o
                0x0000000008003526                HAL_TIMEx_BreakCallback
 .text.SystemInit
                0x0000000008003528        0x2 build/system_stm32f1xx.o
                0x0000000008003528                SystemInit
 .text.vListInitialise
                0x000000000800352a       0x16 build/list.o
                0x000000000800352a                vListInitialise
 .text.vListInitialiseItem
                0x0000000008003540        0x6 build/list.o
                0x0000000008003540                vListInitialiseItem
 .text.vListInsertEnd
                0x0000000008003546       0x16 build/list.o
                0x0000000008003546                vListInsertEnd
 .text.vListInsert
                0x000000000800355c       0x32 build/list.o
                0x000000000800355c                vListInsert
 .text.uxListRemove
                0x000000000800358e       0x26 build/list.o
                0x000000000800358e                uxListRemove
 .text.prvIsQueueFull
                0x00000000080035b4       0x1e build/queue.o
 .text.prvIsQueueEmpty
                0x00000000080035d2       0x1a build/queue.o
 .text.prvCopyDataToQueue
                0x00000000080035ec       0x76 build/queue.o
 .text.prvCopyDataFromQueue
                0x0000000008003662       0x24 build/queue.o
 .text.prvUnlockQueue
                0x0000000008003686       0x6e build/queue.o
 .text.xQueueGenericReset
                0x00000000080036f4       0x84 build/queue.o
                0x00000000080036f4                xQueueGenericReset
 .text.prvInitialiseNewQueue
                0x0000000008003778       0x22 build/queue.o
 .text.xQueueGenericCreateStatic
                0x000000000800379a       0x92 build/queue.o
                0x000000000800379a                xQueueGenericCreateStatic
 .text.xQueueGenericSend
                0x000000000800382c      0x188 build/queue.o
                0x000000000800382c                xQueueGenericSend
 .text.xQueueGenericSendFromISR
                0x00000000080039b4       0xcc build/queue.o
                0x00000000080039b4                xQueueGenericSendFromISR
 .text.xQueueReceive
                0x0000000008003a80      0x15e build/queue.o
                0x0000000008003a80                xQueueReceive
 *fill*         0x0000000008003bde        0x2 
 .text.vQueueAddToRegistry
                0x0000000008003be0       0x28 build/queue.o
                0x0000000008003be0                vQueueAddToRegistry
 .text.vQueueWaitForMessageRestricted
                0x0000000008003c08       0x52 build/queue.o
                0x0000000008003c08                vQueueWaitForMessageRestricted
 *fill*         0x0000000008003c5a        0x2 
 .text.prvResetNextTaskUnblockTime
                0x0000000008003c5c       0x2c build/tasks.o
 .text.prvInitialiseNewTask
                0x0000000008003c88       0xf8 build/tasks.o
 .text.prvInitialiseTaskLists
                0x0000000008003d80       0x68 build/tasks.o
 .text.prvAddNewTaskToReadyList
                0x0000000008003de8       0xac build/tasks.o
 .text.prvDeleteTCB
                0x0000000008003e94       0x40 build/tasks.o
 .text.prvCheckTasksWaitingTermination
                0x0000000008003ed4       0x4c build/tasks.o
 .text.prvIdleTask
                0x0000000008003f20       0x28 build/tasks.o
 .text.prvAddCurrentTaskToDelayedList
                0x0000000008003f48       0x7c build/tasks.o
 .text.xTaskCreateStatic
                0x0000000008003fc4       0x78 build/tasks.o
                0x0000000008003fc4                xTaskCreateStatic
 .text.xTaskCreate
                0x000000000800403c       0x66 build/tasks.o
                0x000000000800403c                xTaskCreate
 *fill*         0x00000000080040a2        0x2 
 .text.vTaskStartScheduler
                0x00000000080040a4       0xac build/tasks.o
                0x00000000080040a4                vTaskStartScheduler
 .text.vTaskSuspendAll
                0x0000000008004150       0x10 build/tasks.o
                0x0000000008004150                vTaskSuspendAll
 .text.xTaskGetTickCount
                0x0000000008004160        0xc build/tasks.o
                0x0000000008004160                xTaskGetTickCount
 .text.xTaskIncrementTick
                0x000000000800416c      0x118 build/tasks.o
                0x000000000800416c                xTaskIncrementTick
 .text.xTaskResumeAll
                0x0000000008004284       0xf8 build/tasks.o
                0x0000000008004284                xTaskResumeAll
 .text.vTaskDelay
                0x000000000800437c       0x4c build/tasks.o
                0x000000000800437c                vTaskDelay
 .text.vTaskSwitchContext
                0x00000000080043c8       0xa4 build/tasks.o
                0x00000000080043c8                vTaskSwitchContext
 .text.vTaskPlaceOnEventList
                0x000000000800446c       0x30 build/tasks.o
                0x000000000800446c                vTaskPlaceOnEventList
 .text.vTaskPlaceOnEventListRestricted
                0x000000000800449c       0x38 build/tasks.o
                0x000000000800449c                vTaskPlaceOnEventListRestricted
 .text.xTaskRemoveFromEventList
                0x00000000080044d4       0x8c build/tasks.o
                0x00000000080044d4                xTaskRemoveFromEventList
 .text.vTaskInternalSetTimeOutState
                0x0000000008004560       0x18 build/tasks.o
                0x0000000008004560                vTaskInternalSetTimeOutState
 .text.xTaskCheckForTimeOut
                0x0000000008004578       0x84 build/tasks.o
                0x0000000008004578                xTaskCheckForTimeOut
 .text.vTaskMissedYield
                0x00000000080045fc        0xc build/tasks.o
                0x00000000080045fc                vTaskMissedYield
 .text.xTaskGetSchedulerState
                0x0000000008004608       0x20 build/tasks.o
                0x0000000008004608                xTaskGetSchedulerState
 .text.xTaskPriorityDisinherit
                0x0000000008004628       0x90 build/tasks.o
                0x0000000008004628                xTaskPriorityDisinherit
 .text.prvGetNextExpireTime
                0x00000000080046b8       0x20 build/timers.o
 .text.prvInsertTimerInActiveList
                0x00000000080046d8       0x48 build/timers.o
 .text.prvCheckForValidListAndQueue
                0x0000000008004720       0x70 build/timers.o
 .text.xTimerCreateTimerTask
                0x0000000008004790       0x64 build/timers.o
                0x0000000008004790                xTimerCreateTimerTask
 .text.xTimerGenericCommand
                0x00000000080047f4       0x6c build/timers.o
                0x00000000080047f4                xTimerGenericCommand
 .text.prvSwitchTimerLists
                0x0000000008004860       0x78 build/timers.o
 .text.prvSampleTimeNow
                0x00000000080048d8       0x2c build/timers.o
 .text.prvProcessExpiredTimer
                0x0000000008004904       0x60 build/timers.o
 .text.prvProcessTimerOrBlockTask
                0x0000000008004964       0x70 build/timers.o
 .text.prvProcessReceivedCommands
                0x00000000080049d4       0xf8 build/timers.o
 .text.prvTimerTask
                0x0000000008004acc       0x16 build/timers.o
 *fill*         0x0000000008004ae2        0x2 
 .text.osKernelInitialize
                0x0000000008004ae4       0x44 build/cmsis_os2.o
                0x0000000008004ae4                osKernelInitialize
 .text.osKernelStart
                0x0000000008004b28       0x4c build/cmsis_os2.o
                0x0000000008004b28                osKernelStart
 .text.osThreadNew
                0x0000000008004b74       0xf0 build/cmsis_os2.o
                0x0000000008004b74                osThreadNew
 .text.osDelay  0x0000000008004c64       0x44 build/cmsis_os2.o
                0x0000000008004c64                osDelay
 .text.vApplicationGetIdleTaskMemory
                0x0000000008004ca8       0x18 build/cmsis_os2.o
                0x0000000008004ca8                vApplicationGetIdleTaskMemory
 .text.vApplicationGetTimerTaskMemory
                0x0000000008004cc0       0x18 build/cmsis_os2.o
                0x0000000008004cc0                vApplicationGetTimerTaskMemory
 .text.prvHeapInit
                0x0000000008004cd8       0x64 build/heap_4.o
 .text.prvInsertBlockIntoFreeList
                0x0000000008004d3c       0x60 build/heap_4.o
 .text.pvPortMalloc
                0x0000000008004d9c       0xf8 build/heap_4.o
                0x0000000008004d9c                pvPortMalloc
 .text.vPortFree
                0x0000000008004e94       0x70 build/heap_4.o
                0x0000000008004e94                vPortFree
 .text.prvTaskExitError
                0x0000000008004f04       0x40 build/port.o
 .text.prvPortStartFirstTask
                0x0000000008004f44       0x20 build/port.o
 .text.pxPortInitialiseStack
                0x0000000008004f64       0x24 build/port.o
                0x0000000008004f64                pxPortInitialiseStack
 *fill*         0x0000000008004f88        0x8 
 .text.SVC_Handler
                0x0000000008004f90       0x24 build/port.o
                0x0000000008004f90                SVC_Handler
 .text.vPortEnterCritical
                0x0000000008004fb4       0x44 build/port.o
                0x0000000008004fb4                vPortEnterCritical
 .text.vPortExitCritical
                0x0000000008004ff8       0x2c build/port.o
                0x0000000008004ff8                vPortExitCritical
 *fill*         0x0000000008005024        0xc 
 .text.PendSV_Handler
                0x0000000008005030       0x44 build/port.o
                0x0000000008005030                PendSV_Handler
 .text.SysTick_Handler
                0x0000000008005074       0x2c build/port.o
                0x0000000008005074                SysTick_Handler
 .text.vPortSetupTimerInterrupt
                0x00000000080050a0       0x28 build/port.o
                0x00000000080050a0                vPortSetupTimerInterrupt
 .text.xPortStartScheduler
                0x00000000080050c8       0xc0 build/port.o
                0x00000000080050c8                xPortStartScheduler
 .text.vPortValidateInterruptPriority
                0x0000000008005188       0x5c build/port.o
                0x0000000008005188                vPortValidateInterruptPriority
 .text.USBD_Init
                0x00000000080051e4       0x2e build/usbd_core.o
                0x00000000080051e4                USBD_Init
 .text.USBD_RegisterClass
                0x0000000008005212        0xe build/usbd_core.o
                0x0000000008005212                USBD_RegisterClass
 .text.USBD_Start
                0x0000000008005220        0xa build/usbd_core.o
                0x0000000008005220                USBD_Start
 .text.USBD_SetClassConfig
                0x000000000800522a       0x18 build/usbd_core.o
                0x000000000800522a                USBD_SetClassConfig
 .text.USBD_ClrClassConfig
                0x0000000008005242        0xe build/usbd_core.o
                0x0000000008005242                USBD_ClrClassConfig
 .text.USBD_LL_SetupStage
                0x0000000008005250       0x5a build/usbd_core.o
                0x0000000008005250                USBD_LL_SetupStage
 .text.USBD_LL_DataOutStage
                0x00000000080052aa       0x8c build/usbd_core.o
                0x00000000080052aa                USBD_LL_DataOutStage
 .text.USBD_LL_DataInStage
                0x0000000008005336       0xd0 build/usbd_core.o
                0x0000000008005336                USBD_LL_DataInStage
 .text.USBD_LL_Reset
                0x0000000008005406       0x50 build/usbd_core.o
                0x0000000008005406                USBD_LL_Reset
 .text.USBD_LL_SetSpeed
                0x0000000008005456        0x6 build/usbd_core.o
                0x0000000008005456                USBD_LL_SetSpeed
 .text.USBD_LL_Suspend
                0x000000000800545c       0x12 build/usbd_core.o
                0x000000000800545c                USBD_LL_Suspend
 .text.USBD_LL_Resume
                0x000000000800546e       0x16 build/usbd_core.o
                0x000000000800546e                USBD_LL_Resume
 .text.USBD_LL_SOF
                0x0000000008005484       0x1c build/usbd_core.o
                0x0000000008005484                USBD_LL_SOF
 .text.USBD_GetLen
                0x00000000080054a0       0x14 build/usbd_ctlreq.o
 .text.USBD_SetFeature
                0x00000000080054b4       0x14 build/usbd_ctlreq.o
 .text.USBD_ParseSetupRequest
                0x00000000080054c8       0x28 build/usbd_ctlreq.o
                0x00000000080054c8                USBD_ParseSetupRequest
 .text.USBD_CtlError
                0x00000000080054f0       0x14 build/usbd_ctlreq.o
                0x00000000080054f0                USBD_CtlError
 .text.USBD_GetDescriptor
                0x0000000008005504      0x186 build/usbd_ctlreq.o
 .text.USBD_SetAddress
                0x000000000800568a       0x4e build/usbd_ctlreq.o
 .text.USBD_SetConfig
                0x00000000080056d8       0xb0 build/usbd_ctlreq.o
 .text.USBD_GetConfig
                0x0000000008005788       0x3e build/usbd_ctlreq.o
 .text.USBD_GetStatus
                0x00000000080057c6       0x38 build/usbd_ctlreq.o
 .text.USBD_ClrFeature
                0x00000000080057fe       0x26 build/usbd_ctlreq.o
 .text.USBD_StdDevReq
                0x0000000008005824       0x68 build/usbd_ctlreq.o
                0x0000000008005824                USBD_StdDevReq
 .text.USBD_StdItfReq
                0x000000000800588c       0x60 build/usbd_ctlreq.o
                0x000000000800588c                USBD_StdItfReq
 .text.USBD_StdEPReq
                0x00000000080058ec      0x1e2 build/usbd_ctlreq.o
                0x00000000080058ec                USBD_StdEPReq
 .text.USBD_GetString
                0x0000000008005ace       0x3a build/usbd_ctlreq.o
                0x0000000008005ace                USBD_GetString
 .text.USBD_CtlSendData
                0x0000000008005b08       0x1a build/usbd_ioreq.o
                0x0000000008005b08                USBD_CtlSendData
 .text.USBD_CtlContinueSendData
                0x0000000008005b22       0x10 build/usbd_ioreq.o
                0x0000000008005b22                USBD_CtlContinueSendData
 .text.USBD_CtlContinueRx
                0x0000000008005b32       0x10 build/usbd_ioreq.o
                0x0000000008005b32                USBD_CtlContinueRx
 .text.USBD_CtlSendStatus
                0x0000000008005b42       0x16 build/usbd_ioreq.o
                0x0000000008005b42                USBD_CtlSendStatus
 .text.USBD_CtlReceiveStatus
                0x0000000008005b58       0x16 build/usbd_ioreq.o
                0x0000000008005b58                USBD_CtlReceiveStatus
 *fill*         0x0000000008005b6e        0x2 
 .text.USBD_HID_GetFSCfgDesc
                0x0000000008005b70        0xc build/usbd_hid.o
 .text.USBD_HID_GetHSCfgDesc
                0x0000000008005b7c        0xc build/usbd_hid.o
 .text.USBD_HID_GetOtherSpeedCfgDesc
                0x0000000008005b88        0xc build/usbd_hid.o
 .text.USBD_HID_DataIn
                0x0000000008005b94        0xa build/usbd_hid.o
 *fill*         0x0000000008005b9e        0x2 
 .text.USBD_HID_GetDeviceQualifierDesc
                0x0000000008005ba0        0xc build/usbd_hid.o
 .text.USBD_HID_Setup
                0x0000000008005bac      0x114 build/usbd_hid.o
 .text.USBD_HID_DeInit
                0x0000000008005cc0       0x22 build/usbd_hid.o
 .text.USBD_HID_Init
                0x0000000008005ce2       0x2a build/usbd_hid.o
 .text.USBD_HID_SendReport
                0x0000000008005d0c       0x28 build/usbd_hid.o
                0x0000000008005d0c                USBD_HID_SendReport
 .text.HAL_I2C_Init
                0x0000000008005d34      0x1bc build/stm32f1xx_hal_i2c.o
                0x0000000008005d34                HAL_I2C_Init
 .text.Reset_Handler
                0x0000000008005ef0       0x48 build/startup_stm32f103xb.o
                0x0000000008005ef0                Reset_Handler
 .text.Default_Handler
                0x0000000008005f38        0x2 build/startup_stm32f103xb.o
                0x0000000008005f38                RTC_Alarm_IRQHandler
                0x0000000008005f38                EXTI2_IRQHandler
                0x0000000008005f38                TIM1_CC_IRQHandler
                0x0000000008005f38                PVD_IRQHandler
                0x0000000008005f38                EXTI3_IRQHandler
                0x0000000008005f38                EXTI0_IRQHandler
                0x0000000008005f38                I2C2_EV_IRQHandler
                0x0000000008005f38                ADC1_2_IRQHandler
                0x0000000008005f38                SPI1_IRQHandler
                0x0000000008005f38                TAMPER_IRQHandler
                0x0000000008005f38                DMA1_Channel4_IRQHandler
                0x0000000008005f38                USART3_IRQHandler
                0x0000000008005f38                RTC_IRQHandler
                0x0000000008005f38                DMA1_Channel7_IRQHandler
                0x0000000008005f38                CAN1_RX1_IRQHandler
                0x0000000008005f38                TIM4_IRQHandler
                0x0000000008005f38                I2C1_EV_IRQHandler
                0x0000000008005f38                DMA1_Channel6_IRQHandler
                0x0000000008005f38                TIM3_IRQHandler
                0x0000000008005f38                RCC_IRQHandler
                0x0000000008005f38                TIM1_TRG_COM_IRQHandler
                0x0000000008005f38                DMA1_Channel1_IRQHandler
                0x0000000008005f38                Default_Handler
                0x0000000008005f38                EXTI15_10_IRQHandler
                0x0000000008005f38                EXTI9_5_IRQHandler
                0x0000000008005f38                SPI2_IRQHandler
                0x0000000008005f38                DMA1_Channel5_IRQHandler
                0x0000000008005f38                EXTI4_IRQHandler
                0x0000000008005f38                USB_HP_CAN1_TX_IRQHandler
                0x0000000008005f38                DMA1_Channel3_IRQHandler
                0x0000000008005f38                TIM1_UP_IRQHandler
                0x0000000008005f38                WWDG_IRQHandler
                0x0000000008005f38                TIM1_BRK_IRQHandler
                0x0000000008005f38                EXTI1_IRQHandler
                0x0000000008005f38                USART2_IRQHandler
                0x0000000008005f38                I2C2_ER_IRQHandler
                0x0000000008005f38                DMA1_Channel2_IRQHandler
                0x0000000008005f38                CAN1_SCE_IRQHandler
                0x0000000008005f38                FLASH_IRQHandler
                0x0000000008005f38                USART1_IRQHandler
                0x0000000008005f38                I2C1_ER_IRQHandler
                0x0000000008005f38                USBWakeUp_IRQHandler
 .text.memset   0x0000000008005f3a       0x10 /usr/lib/gcc/arm-none-eabi/12.2.0/../../../../arm-none-eabi/lib/thumb/v7-m/nofp/libc_nano.a(libc_a-memset.o)
                0x0000000008005f3a                memset
 *fill*         0x0000000008005f4a        0x2 
 .text._reclaim_reent
                0x0000000008005f4c       0xac /usr/lib/gcc/arm-none-eabi/12.2.0/../../../../arm-none-eabi/lib/thumb/v7-m/nofp/libc_nano.a(libc_a-reent.o)
                0x0000000008005f4c                _reclaim_reent
 .text.__libc_init_array
                0x0000000008005ff8       0x48 /usr/lib/gcc/arm-none-eabi/12.2.0/../../../../arm-none-eabi/lib/thumb/v7-m/nofp/libc_nano.a(libc_a-init.o)
                0x0000000008005ff8                __libc_init_array
 .text.__retarget_lock_acquire_recursive
                0x0000000008006040        0x2 /usr/lib/gcc/arm-none-eabi/12.2.0/../../../../arm-none-eabi/lib/thumb/v7-m/nofp/libc_nano.a(libc_a-lock.o)
                0x0000000008006040                __retarget_lock_acquire_recursive
 .text.__retarget_lock_release_recursive
                0x0000000008006042        0x2 /usr/lib/gcc/arm-none-eabi/12.2.0/../../../../arm-none-eabi/lib/thumb/v7-m/nofp/libc_nano.a(libc_a-lock.o)
                0x0000000008006042                __retarget_lock_release_recursive
 .text.memcpy   0x0000000008006044       0x1c /usr/lib/gcc/arm-none-eabi/12.2.0/../../../../arm-none-eabi/lib/thumb/v7-m/nofp/libc_nano.a(libc_a-memcpy-stub.o)
                0x0000000008006044                memcpy
 .text._free_r  0x0000000008006060       0x90 /usr/lib/gcc/arm-none-eabi/12.2.0/../../../../arm-none-eabi/lib/thumb/v7-m/nofp/libc_nano.a(libc_a-freer.o)
                0x0000000008006060                _free_r
 .text.__malloc_lock
                0x00000000080060f0        0xc /usr/lib/gcc/arm-none-eabi/12.2.0/../../../../arm-none-eabi/lib/thumb/v7-m/nofp/libc_nano.a(libc_a-mlock.o)
                0x00000000080060f0                __malloc_lock
 .text.__malloc_unlock
                0x00000000080060fc        0xc /usr/lib/gcc/arm-none-eabi/12.2.0/../../../../arm-none-eabi/lib/thumb/v7-m/nofp/libc_nano.a(libc_a-mlock.o)
                0x00000000080060fc                __malloc_unlock
 *(.glue_7)
 .glue_7        0x0000000008006108        0x0 linker stubs
 *(.glue_7t)
 .glue_7t       0x0000000008006108        0x0 linker stubs
 *(.eh_frame)
 .eh_frame      0x0000000008006108        0x0 /usr/lib/gcc/arm-none-eabi/12.2.0/thumb/v7-m/nofp/crtbegin.o
 *(.init)
 .init          0x0000000008006108        0x4 /usr/lib/gcc/arm-none-eabi/12.2.0/thumb/v7-m/nofp/crti.o
                0x0000000008006108                _init
 .init          0x000000000800610c        0x8 /usr/lib/gcc/arm-none-eabi/12.2.0/thumb/v7-m/nofp/crtn.o
 *(.fini)
 .fini          0x0000000008006114        0x4 /usr/lib/gcc/arm-none-eabi/12.2.0/thumb/v7-m/nofp/crti.o
                0x0000000008006114                _fini
 .fini          0x0000000008006118        0x8 /usr/lib/gcc/arm-none-eabi/12.2.0/thumb/v7-m/nofp/crtn.o
                0x0000000008006120                . = ALIGN (0x4)
                0x0000000008006120                _etext = .

.vfp11_veneer   0x0000000008006120        0x0
 .vfp11_veneer  0x0000000008006120        0x0 linker stubs

.v4_bx          0x0000000008006120        0x0
 .v4_bx         0x0000000008006120        0x0 linker stubs

.iplt           0x0000000008006120        0x0
 .iplt          0x0000000008006120        0x0 /usr/lib/gcc/arm-none-eabi/12.2.0/thumb/v7-m/nofp/crtbegin.o

.rodata         0x0000000008006120       0xc0
                0x0000000008006120                . = ALIGN (0x4)
 *(.rodata)
 *(.rodata*)
 .rodata.main.str1.4
                0x0000000008006120        0xa build/main.o
 *fill*         0x000000000800612a        0x2 
 .rodata.str1.4
                0x000000000800612c        0xc build/main.o
 .rodata.defaultTask_attributes
                0x0000000008006138       0x24 build/main.o
                0x0000000008006138                defaultTask_attributes
 .rodata.USBD_FS_ProductStrDescriptor.str1.4
                0x000000000800615c        0xf build/usbd_desc.o
 *fill*         0x000000000800616b        0x1 
 .rodata.USBD_FS_ManufacturerStrDescriptor.str1.4
                0x000000000800616c       0x13 build/usbd_desc.o
 *fill*         0x000000000800617f        0x1 
 .rodata.USBD_FS_ConfigStrDescriptor.str1.4
                0x0000000008006180        0xb build/usbd_desc.o
 *fill*         0x000000000800618b        0x1 
 .rodata.USBD_FS_InterfaceStrDescriptor.str1.4
                0x000000000800618c        0xe build/usbd_desc.o
 *fill*         0x000000000800619a        0x2 
 .rodata.HAL_RCC_GetSysClockFreq.str1.4
                0x000000000800619c       0x11 build/stm32f1xx_hal_rcc.o
 *fill*         0x00000000080061ad        0x3 
 .rodata.APBPrescTable
                0x00000000080061b0        0x8 build/system_stm32f1xx.o
                0x00000000080061b0                APBPrescTable
 .rodata.AHBPrescTable
                0x00000000080061b8       0x10 build/system_stm32f1xx.o
                0x00000000080061b8                AHBPrescTable
 .rodata.vTaskStartScheduler.str1.4
                0x00000000080061c8        0x5 build/tasks.o
 *fill*         0x00000000080061cd        0x3 
 .rodata.prvCheckForValidListAndQueue.str1.4
                0x00000000080061d0        0x5 build/timers.o
 *fill*         0x00000000080061d5        0x3 
 .rodata.xTimerCreateTimerTask.str1.4
                0x00000000080061d8        0x8 build/timers.o
                0x00000000080061e0                . = ALIGN (0x4)

.rel.dyn        0x00000000080061e0        0x0
 .rel.iplt      0x00000000080061e0        0x0 /usr/lib/gcc/arm-none-eabi/12.2.0/thumb/v7-m/nofp/crtbegin.o

.ARM.extab
 *(.ARM.extab* .gnu.linkonce.armextab.*)

.ARM            0x00000000080061e0        0x0
                0x00000000080061e0                __exidx_start = .
 *(.ARM.exidx*)
                0x00000000080061e0                __exidx_end = .

.preinit_array  0x00000000080061e0        0x0
                0x00000000080061e0                PROVIDE (__preinit_array_start = .)
 *(.preinit_array*)
                0x00000000080061e0                PROVIDE (__preinit_array_end = .)

.init_array     0x00000000080061e0        0x4
                0x00000000080061e0                PROVIDE (__init_array_start = .)
 *(SORT_BY_NAME(.init_array.*))
 *(.init_array*)
 .init_array    0x00000000080061e0        0x4 /usr/lib/gcc/arm-none-eabi/12.2.0/thumb/v7-m/nofp/crtbegin.o
                0x00000000080061e4                PROVIDE (__init_array_end = .)

.fini_array     0x00000000080061e4        0x4
                0x00000000080061e4                PROVIDE (__fini_array_start = .)
 *(SORT_BY_NAME(.fini_array.*))
 *(.fini_array*)
 .fini_array    0x00000000080061e4        0x4 /usr/lib/gcc/arm-none-eabi/12.2.0/thumb/v7-m/nofp/crtbegin.o
                0x00000000080061e8                PROVIDE (__fini_array_end = .)
                0x00000000080061e8                _sidata = LOADADDR (.data)

.data           0x0000000020000000      0x1ac load address 0x00000000080061e8
                0x0000000020000000                . = ALIGN (0x4)
                0x0000000020000000                _sdata = .
 *(.data)
 *(.data*)
 .data.USBD_StringSerial
                0x0000000020000000       0x1a build/usbd_desc.o
                0x0000000020000000                USBD_StringSerial
 *fill*         0x000000002000001a        0x2 
 .data.USBD_LangIDDesc
                0x000000002000001c        0x4 build/usbd_desc.o
                0x000000002000001c                USBD_LangIDDesc
 .data.USBD_FS_DeviceDesc
                0x0000000020000020       0x12 build/usbd_desc.o
                0x0000000020000020                USBD_FS_DeviceDesc
 *fill*         0x0000000020000032        0x2 
 .data.FS_Desc  0x0000000020000034       0x1c build/usbd_desc.o
                0x0000000020000034                FS_Desc
 .data.uwTickFreq
                0x0000000020000050        0x1 build/stm32f1xx_hal.o
                0x0000000020000050                uwTickFreq
 *fill*         0x0000000020000051        0x3 
 .data.uwTickPrio
                0x0000000020000054        0x4 build/stm32f1xx_hal.o
                0x0000000020000054                uwTickPrio
 .data.SystemCoreClock
                0x0000000020000058        0x4 build/system_stm32f1xx.o
                0x0000000020000058                SystemCoreClock
 .data.uxCriticalNesting
                0x000000002000005c        0x4 build/port.o
 .data.HID_MOUSE_ReportDesc
                0x0000000020000060       0x3f build/usbd_hid.o
 *fill*         0x000000002000009f        0x1 
 .data.USBD_HID_DeviceQualifierDesc
                0x00000000200000a0        0xa build/usbd_hid.o
 *fill*         0x00000000200000aa        0x2 
 .data.USBD_HID_Desc
                0x00000000200000ac        0x9 build/usbd_hid.o
 *fill*         0x00000000200000b5        0x3 
 .data.USBD_HID_OtherSpeedCfgDesc
                0x00000000200000b8       0x22 build/usbd_hid.o
 *fill*         0x00000000200000da        0x2 
 .data.USBD_HID_CfgHSDesc
                0x00000000200000dc       0x22 build/usbd_hid.o
 *fill*         0x00000000200000fe        0x2 
 .data.USBD_HID_CfgFSDesc
                0x0000000020000100       0x22 build/usbd_hid.o
 *fill*         0x0000000020000122        0x2 
 .data.USBD_HID
                0x0000000020000124       0x38 build/usbd_hid.o
                0x0000000020000124                USBD_HID
 .data._impure_ptr
                0x000000002000015c        0x4 /usr/lib/gcc/arm-none-eabi/12.2.0/../../../../arm-none-eabi/lib/thumb/v7-m/nofp/libc_nano.a(libc_a-impure.o)
                0x000000002000015c                _impure_ptr
 .data._impure_data
                0x0000000020000160       0x4c /usr/lib/gcc/arm-none-eabi/12.2.0/../../../../arm-none-eabi/lib/thumb/v7-m/nofp/libc_nano.a(libc_a-impure.o)
                0x0000000020000160                _impure_data
                0x00000000200001ac                . = ALIGN (0x4)
                0x00000000200001ac                _edata = .

.igot.plt       0x00000000200001ac        0x0 load address 0x0000000008006394
 .igot.plt      0x00000000200001ac        0x0 /usr/lib/gcc/arm-none-eabi/12.2.0/thumb/v7-m/nofp/crtbegin.o
                0x00000000200001ac                . = ALIGN (0x4)

.bss            0x00000000200001b0     0x255c load address 0x0000000008006394
                0x00000000200001b0                _sbss = .
                0x00000000200001b0                __bss_start__ = _sbss
 *(.bss)
 *(.bss*)
 .bss.completed.1
                0x00000000200001b0        0x1 /usr/lib/gcc/arm-none-eabi/12.2.0/thumb/v7-m/nofp/crtbegin.o
 *fill*         0x00000000200001b1        0x3 
 .bss.object.0  0x00000000200001b4       0x18 /usr/lib/gcc/arm-none-eabi/12.2.0/thumb/v7-m/nofp/crtbegin.o
 .bss.buffer    0x00000000200001cc        0x8 build/main.o
                0x00000000200001cc                buffer
 .bss.defaultTaskHandle
                0x00000000200001d4        0x4 build/main.o
                0x00000000200001d4                defaultTaskHandle
 .bss.hi2c1     0x00000000200001d8       0x54 build/main.o
                0x00000000200001d8                hi2c1
 .bss.htim2     0x000000002000022c       0x48 build/stm32f1xx_hal_timebase_tim.o
                0x000000002000022c                htim2
 .bss.hUsbDeviceFS
                0x0000000020000274      0x2c4 build/usb_device.o
                0x0000000020000274                hUsbDeviceFS
 .bss.USBD_StrDesc
                0x0000000020000538      0x200 build/usbd_desc.o
                0x0000000020000538                USBD_StrDesc
 .bss.mem.0     0x0000000020000738       0x14 build/usbd_conf.o
 .bss.hpcd_USB_FS
                0x000000002000074c      0x2ec build/usbd_conf.o
                0x000000002000074c                hpcd_USB_FS
 .bss.uwTick    0x0000000020000a38        0x4 build/stm32f1xx_hal.o
                0x0000000020000a38                uwTick
 .bss.xQueueRegistry
                0x0000000020000a3c       0x40 build/queue.o
                0x0000000020000a3c                xQueueRegistry
 .bss.uxSchedulerSuspended
                0x0000000020000a7c        0x4 build/tasks.o
 .bss.xIdleTaskHandle
                0x0000000020000a80        0x4 build/tasks.o
 .bss.xNextTaskUnblockTime
                0x0000000020000a84        0x4 build/tasks.o
 .bss.uxTaskNumber
                0x0000000020000a88        0x4 build/tasks.o
 .bss.xNumOfOverflows
                0x0000000020000a8c        0x4 build/tasks.o
 .bss.xYieldPending
                0x0000000020000a90        0x4 build/tasks.o
 .bss.uxPendedTicks
                0x0000000020000a94        0x4 build/tasks.o
 .bss.xSchedulerRunning
                0x0000000020000a98        0x4 build/tasks.o
 .bss.uxTopReadyPriority
                0x0000000020000a9c        0x4 build/tasks.o
 .bss.xTickCount
                0x0000000020000aa0        0x4 build/tasks.o
 .bss.uxCurrentNumberOfTasks
                0x0000000020000aa4        0x4 build/tasks.o
 .bss.xSuspendedTaskList
                0x0000000020000aa8       0x14 build/tasks.o
 .bss.uxDeletedTasksWaitingCleanUp
                0x0000000020000abc        0x4 build/tasks.o
 .bss.xTasksWaitingTermination
                0x0000000020000ac0       0x14 build/tasks.o
 .bss.xPendingReadyList
                0x0000000020000ad4       0x14 build/tasks.o
 .bss.pxOverflowDelayedTaskList
                0x0000000020000ae8        0x4 build/tasks.o
 .bss.pxDelayedTaskList
                0x0000000020000aec        0x4 build/tasks.o
 .bss.xDelayedTaskList2
                0x0000000020000af0       0x14 build/tasks.o
 .bss.xDelayedTaskList1
                0x0000000020000b04       0x14 build/tasks.o
 .bss.pxReadyTasksLists
                0x0000000020000b18      0x460 build/tasks.o
 .bss.pxCurrentTCB
                0x0000000020000f78        0x4 build/tasks.o
                0x0000000020000f78                pxCurrentTCB
 .bss.xStaticTimerQueue.0
                0x0000000020000f7c       0x50 build/timers.o
 .bss.ucStaticTimerQueueStorage.1
                0x0000000020000fcc       0xa0 build/timers.o
 .bss.xLastTime.2
                0x000000002000106c        0x4 build/timers.o
 .bss.xTimerTaskHandle
                0x0000000020001070        0x4 build/timers.o
 .bss.xTimerQueue
                0x0000000020001074        0x4 build/timers.o
 .bss.pxOverflowTimerList
                0x0000000020001078        0x4 build/timers.o
 .bss.pxCurrentTimerList
                0x000000002000107c        0x4 build/timers.o
 .bss.xActiveTimerList2
                0x0000000020001080       0x14 build/timers.o
 .bss.xActiveTimerList1
                0x0000000020001094       0x14 build/timers.o
 .bss.Timer_Stack
                0x00000000200010a8      0x400 build/cmsis_os2.o
 .bss.Timer_TCB
                0x00000000200014a8      0x180 build/cmsis_os2.o
 .bss.Idle_Stack
                0x0000000020001628      0x200 build/cmsis_os2.o
 .bss.Idle_TCB  0x0000000020001828      0x180 build/cmsis_os2.o
 .bss.KernelState
                0x00000000200019a8        0x4 build/cmsis_os2.o
 .bss.xBlockAllocatedBit
                0x00000000200019ac        0x4 build/heap_4.o
 .bss.xMinimumEverFreeBytesRemaining
                0x00000000200019b0        0x4 build/heap_4.o
 .bss.xFreeBytesRemaining
                0x00000000200019b4        0x4 build/heap_4.o
 .bss.pxEnd     0x00000000200019b8        0x4 build/heap_4.o
 .bss.xStart    0x00000000200019bc        0x8 build/heap_4.o
 .bss.ucHeap    0x00000000200019c4      0xc00 build/heap_4.o
 .bss.ulMaxPRIGROUPValue
                0x00000000200025c4        0x4 build/port.o
 .bss.ucMaxSysCallPriority
                0x00000000200025c8        0x1 build/port.o
 .bss.cfgidx.0  0x00000000200025c9        0x1 build/usbd_ctlreq.o
 *fill*         0x00000000200025ca        0x2 
 .bss.__sf      0x00000000200025cc      0x138 /usr/lib/gcc/arm-none-eabi/12.2.0/../../../../arm-none-eabi/lib/thumb/v7-m/nofp/libc_nano.a(libc_a-findfp.o)
                0x00000000200025cc                __sf
 .bss.__lock___malloc_recursive_mutex
                0x0000000020002704        0x1 /usr/lib/gcc/arm-none-eabi/12.2.0/../../../../arm-none-eabi/lib/thumb/v7-m/nofp/libc_nano.a(libc_a-lock.o)
                0x0000000020002704                __lock___malloc_recursive_mutex
 *fill*         0x0000000020002705        0x3 
 .bss.__malloc_free_list
                0x0000000020002708        0x4 /usr/lib/gcc/arm-none-eabi/12.2.0/../../../../arm-none-eabi/lib/thumb/v7-m/nofp/libc_nano.a(libc_a-mallocr.o)
                0x0000000020002708                __malloc_free_list
 *(COMMON)
                0x000000002000270c                . = ALIGN (0x4)
                0x000000002000270c                _ebss = .
                0x000000002000270c                __bss_end__ = _ebss

._user_heap_stack
                0x000000002000270c      0x604 load address 0x0000000008006394
                0x0000000020002710                . = ALIGN (0x8)
 *fill*         0x000000002000270c        0x4 
                0x0000000020002710                PROVIDE (end = .)
                [!provide]                        PROVIDE (_end = .)
                0x0000000020002910                . = (. + _Min_Heap_Size)
 *fill*         0x0000000020002710      0x200 
                0x0000000020002d10                . = (. + _Min_Stack_Size)
 *fill*         0x0000000020002910      0x400 
                0x0000000020002d10                . = ALIGN (0x8)

/DISCARD/
 libc.a(*)
 libm.a(*)
 libgcc.a(*)

.ARM.attributes
                0x0000000000000000       0x29
 *(.ARM.attributes)
 .ARM.attributes
                0x0000000000000000       0x1d /usr/lib/gcc/arm-none-eabi/12.2.0/thumb/v7-m/nofp/crti.o
 .ARM.attributes
                0x000000000000001d       0x2d /usr/lib/gcc/arm-none-eabi/12.2.0/thumb/v7-m/nofp/crtbegin.o
 .ARM.attributes
                0x000000000000004a       0x2d build/main.o
 .ARM.attributes
                0x0000000000000077       0x2d build/stm32f1xx_it.o
 .ARM.attributes
                0x00000000000000a4       0x2d build/stm32f1xx_hal_msp.o
 .ARM.attributes
                0x00000000000000d1       0x2d build/stm32f1xx_hal_timebase_tim.o
 .ARM.attributes
                0x00000000000000fe       0x2d build/usb_device.o
 .ARM.attributes
                0x000000000000012b       0x2d build/usbd_desc.o
 .ARM.attributes
                0x0000000000000158       0x2d build/usbd_conf.o
 .ARM.attributes
                0x0000000000000185       0x2d build/stm32f1xx_hal_pcd.o
 .ARM.attributes
                0x00000000000001b2       0x2d build/stm32f1xx_hal_pcd_ex.o
 .ARM.attributes
                0x00000000000001df       0x2d build/stm32f1xx_ll_usb.o
 .ARM.attributes
                0x000000000000020c       0x2d build/stm32f1xx_hal.o
 .ARM.attributes
                0x0000000000000239       0x2d build/stm32f1xx_hal_rcc.o
 .ARM.attributes
                0x0000000000000266       0x2d build/stm32f1xx_hal_rcc_ex.o
 .ARM.attributes
                0x0000000000000293       0x2d build/stm32f1xx_hal_gpio.o
 .ARM.attributes
                0x00000000000002c0       0x2d build/stm32f1xx_hal_cortex.o
 .ARM.attributes
                0x00000000000002ed       0x2d build/stm32f1xx_hal_tim.o
 .ARM.attributes
                0x000000000000031a       0x2d build/stm32f1xx_hal_tim_ex.o
 .ARM.attributes
                0x0000000000000347       0x2d build/system_stm32f1xx.o
 .ARM.attributes
                0x0000000000000374       0x2d build/list.o
 .ARM.attributes
                0x00000000000003a1       0x2d build/queue.o
 .ARM.attributes
                0x00000000000003ce       0x2d build/tasks.o
 .ARM.attributes
                0x00000000000003fb       0x2d build/timers.o
 .ARM.attributes
                0x0000000000000428       0x2d build/cmsis_os2.o
 .ARM.attributes
                0x0000000000000455       0x2d build/heap_4.o
 .ARM.attributes
                0x0000000000000482       0x2d build/port.o
 .ARM.attributes
                0x00000000000004af       0x2d build/usbd_core.o
 .ARM.attributes
                0x00000000000004dc       0x2d build/usbd_ctlreq.o
 .ARM.attributes
                0x0000000000000509       0x2d build/usbd_ioreq.o
 .ARM.attributes
                0x0000000000000536       0x2d build/usbd_hid.o
 .ARM.attributes
                0x0000000000000563       0x2d build/stm32f1xx_hal_i2c.o
 .ARM.attributes
                0x0000000000000590       0x21 build/startup_stm32f103xb.o
 .ARM.attributes
                0x00000000000005b1       0x2d /usr/lib/gcc/arm-none-eabi/12.2.0/../../../../arm-none-eabi/lib/thumb/v7-m/nofp/libc_nano.a(libc_a-findfp.o)
 .ARM.attributes
                0x00000000000005de       0x2d /usr/lib/gcc/arm-none-eabi/12.2.0/../../../../arm-none-eabi/lib/thumb/v7-m/nofp/libc_nano.a(libc_a-memset.o)
 .ARM.attributes
                0x000000000000060b       0x2d /usr/lib/gcc/arm-none-eabi/12.2.0/../../../../arm-none-eabi/lib/thumb/v7-m/nofp/libc_nano.a(libc_a-reent.o)
 .ARM.attributes
                0x0000000000000638       0x2d /usr/lib/gcc/arm-none-eabi/12.2.0/../../../../arm-none-eabi/lib/thumb/v7-m/nofp/libc_nano.a(libc_a-impure.o)
 .ARM.attributes
                0x0000000000000665       0x2d /usr/lib/gcc/arm-none-eabi/12.2.0/../../../../arm-none-eabi/lib/thumb/v7-m/nofp/libc_nano.a(libc_a-init.o)
 .ARM.attributes
                0x0000000000000692       0x2d /usr/lib/gcc/arm-none-eabi/12.2.0/../../../../arm-none-eabi/lib/thumb/v7-m/nofp/libc_nano.a(libc_a-lock.o)
 .ARM.attributes
                0x00000000000006bf       0x2d /usr/lib/gcc/arm-none-eabi/12.2.0/../../../../arm-none-eabi/lib/thumb/v7-m/nofp/libc_nano.a(libc_a-memcpy-stub.o)
 .ARM.attributes
                0x00000000000006ec       0x2d /usr/lib/gcc/arm-none-eabi/12.2.0/../../../../arm-none-eabi/lib/thumb/v7-m/nofp/libc_nano.a(libc_a-freer.o)
 .ARM.attributes
                0x0000000000000719       0x2d /usr/lib/gcc/arm-none-eabi/12.2.0/../../../../arm-none-eabi/lib/thumb/v7-m/nofp/libc_nano.a(libc_a-mallocr.o)
 .ARM.attributes
                0x0000000000000746       0x2d /usr/lib/gcc/arm-none-eabi/12.2.0/../../../../arm-none-eabi/lib/thumb/v7-m/nofp/libc_nano.a(libc_a-mlock.o)
 .ARM.attributes
                0x0000000000000773       0x1d /usr/lib/gcc/arm-none-eabi/12.2.0/thumb/v7-m/nofp/crtn.o
OUTPUT(build/Keyboard-v2.elf elf32-littlearm)
LOAD linker stubs
LOAD /usr/lib/gcc/arm-none-eabi/12.2.0/../../../../arm-none-eabi/lib/thumb/v7-m/nofp/libc.a
LOAD /usr/lib/gcc/arm-none-eabi/12.2.0/../../../../arm-none-eabi/lib/thumb/v7-m/nofp/libm.a
LOAD /usr/lib/gcc/arm-none-eabi/12.2.0/thumb/v7-m/nofp/libgcc.a

.debug_info     0x0000000000000000    0x2d424
 .debug_info    0x0000000000000000     0x1b20 build/main.o
 .debug_info    0x0000000000001b20      0xce3 build/stm32f1xx_it.o
 .debug_info    0x0000000000002803      0xac4 build/stm32f1xx_hal_msp.o
 .debug_info    0x00000000000032c7      0xb57 build/stm32f1xx_hal_timebase_tim.o
 .debug_info    0x0000000000003e1e      0x685 build/usb_device.o
 .debug_info    0x00000000000044a3      0x63c build/usbd_desc.o
 .debug_info    0x0000000000004adf     0x1eef build/usbd_conf.o
 .debug_info    0x00000000000069ce     0x1de1 build/stm32f1xx_hal_pcd.o
 .debug_info    0x00000000000087af      0x7c7 build/stm32f1xx_hal_pcd_ex.o
 .debug_info    0x0000000000008f76     0x1d8b build/stm32f1xx_ll_usb.o
 .debug_info    0x000000000000ad01      0x880 build/stm32f1xx_hal.o
 .debug_info    0x000000000000b581      0xb07 build/stm32f1xx_hal_rcc.o
 .debug_info    0x000000000000c088      0x46d build/stm32f1xx_hal_rcc_ex.o
 .debug_info    0x000000000000c4f5      0x6d7 build/stm32f1xx_hal_gpio.o
 .debug_info    0x000000000000cbcc      0xe13 build/stm32f1xx_hal_cortex.o
 .debug_info    0x000000000000d9df     0x3e57 build/stm32f1xx_hal_tim.o
 .debug_info    0x0000000000011836     0x1c4f build/stm32f1xx_hal_tim_ex.o
 .debug_info    0x0000000000013485      0x26e build/system_stm32f1xx.o
 .debug_info    0x00000000000136f3      0x309 build/list.o
 .debug_info    0x00000000000139fc     0x2927 build/queue.o
 .debug_info    0x0000000000016323     0x3a35 build/tasks.o
 .debug_info    0x0000000000019d58     0x233f build/timers.o
 .debug_info    0x000000000001c097     0x59b5 build/cmsis_os2.o
 .debug_info    0x0000000000021a4c      0x493 build/heap_4.o
 .debug_info    0x0000000000021edf      0x563 build/port.o
 .debug_info    0x0000000000022442      0xf47 build/usbd_core.o
 .debug_info    0x0000000000023389     0x11b1 build/usbd_ctlreq.o
 .debug_info    0x000000000002453a      0x8c3 build/usbd_ioreq.o
 .debug_info    0x0000000000024dfd      0xbde build/usbd_hid.o
 .debug_info    0x00000000000259db     0x3c84 build/stm32f1xx_hal_i2c.o
 .debug_info    0x000000000002965f       0x30 build/startup_stm32f103xb.o
 .debug_info    0x000000000002968f      0xfa9 /usr/lib/gcc/arm-none-eabi/12.2.0/../../../../arm-none-eabi/lib/thumb/v7-m/nofp/libc_nano.a(libc_a-findfp.o)
 .debug_info    0x000000000002a638       0xe0 /usr/lib/gcc/arm-none-eabi/12.2.0/../../../../arm-none-eabi/lib/thumb/v7-m/nofp/libc_nano.a(libc_a-memset.o)
 .debug_info    0x000000000002a718      0x855 /usr/lib/gcc/arm-none-eabi/12.2.0/../../../../arm-none-eabi/lib/thumb/v7-m/nofp/libc_nano.a(libc_a-reent.o)
 .debug_info    0x000000000002af6d      0x715 /usr/lib/gcc/arm-none-eabi/12.2.0/../../../../arm-none-eabi/lib/thumb/v7-m/nofp/libc_nano.a(libc_a-impure.o)
 .debug_info    0x000000000002b682      0x10b /usr/lib/gcc/arm-none-eabi/12.2.0/../../../../arm-none-eabi/lib/thumb/v7-m/nofp/libc_nano.a(libc_a-init.o)
 .debug_info    0x000000000002b78d      0x20a /usr/lib/gcc/arm-none-eabi/12.2.0/../../../../arm-none-eabi/lib/thumb/v7-m/nofp/libc_nano.a(libc_a-lock.o)
 .debug_info    0x000000000002b997      0x121 /usr/lib/gcc/arm-none-eabi/12.2.0/../../../../arm-none-eabi/lib/thumb/v7-m/nofp/libc_nano.a(libc_a-memcpy-stub.o)
 .debug_info    0x000000000002bab8      0x84b /usr/lib/gcc/arm-none-eabi/12.2.0/../../../../arm-none-eabi/lib/thumb/v7-m/nofp/libc_nano.a(libc_a-freer.o)
 .debug_info    0x000000000002c303      0x9b6 /usr/lib/gcc/arm-none-eabi/12.2.0/../../../../arm-none-eabi/lib/thumb/v7-m/nofp/libc_nano.a(libc_a-mallocr.o)
 .debug_info    0x000000000002ccb9      0x76b /usr/lib/gcc/arm-none-eabi/12.2.0/../../../../arm-none-eabi/lib/thumb/v7-m/nofp/libc_nano.a(libc_a-mlock.o)

.debug_abbrev   0x0000000000000000     0x6070
 .debug_abbrev  0x0000000000000000      0x376 build/main.o
 .debug_abbrev  0x0000000000000376      0x19d build/stm32f1xx_it.o
 .debug_abbrev  0x0000000000000513      0x1bd build/stm32f1xx_hal_msp.o
 .debug_abbrev  0x00000000000006d0      0x22d build/stm32f1xx_hal_timebase_tim.o
 .debug_abbrev  0x00000000000008fd      0x18c build/usb_device.o
 .debug_abbrev  0x0000000000000a89      0x23c build/usbd_desc.o
 .debug_abbrev  0x0000000000000cc5      0x33e build/usbd_conf.o
 .debug_abbrev  0x0000000000001003      0x326 build/stm32f1xx_hal_pcd.o
 .debug_abbrev  0x0000000000001329      0x184 build/stm32f1xx_hal_pcd_ex.o
 .debug_abbrev  0x00000000000014ad      0x25b build/stm32f1xx_ll_usb.o
 .debug_abbrev  0x0000000000001708      0x232 build/stm32f1xx_hal.o
 .debug_abbrev  0x000000000000193a      0x2b8 build/stm32f1xx_hal_rcc.o
 .debug_abbrev  0x0000000000001bf2      0x1d4 build/stm32f1xx_hal_rcc_ex.o
 .debug_abbrev  0x0000000000001dc6      0x222 build/stm32f1xx_hal_gpio.o
 .debug_abbrev  0x0000000000001fe8      0x3aa build/stm32f1xx_hal_cortex.o
 .debug_abbrev  0x0000000000002392      0x2b6 build/stm32f1xx_hal_tim.o
 .debug_abbrev  0x0000000000002648      0x2b0 build/stm32f1xx_hal_tim_ex.o
 .debug_abbrev  0x00000000000028f8      0x140 build/system_stm32f1xx.o
 .debug_abbrev  0x0000000000002a38      0x124 build/list.o
 .debug_abbrev  0x0000000000002b5c      0x454 build/queue.o
 .debug_abbrev  0x0000000000002fb0      0x4a4 build/tasks.o
 .debug_abbrev  0x0000000000003454      0x40e build/timers.o
 .debug_abbrev  0x0000000000003862      0x509 build/cmsis_os2.o
 .debug_abbrev  0x0000000000003d6b      0x267 build/heap_4.o
 .debug_abbrev  0x0000000000003fd2      0x2c2 build/port.o
 .debug_abbrev  0x0000000000004294      0x2ae build/usbd_core.o
 .debug_abbrev  0x0000000000004542      0x2ec build/usbd_ctlreq.o
 .debug_abbrev  0x000000000000482e      0x18e build/usbd_ioreq.o
 .debug_abbrev  0x00000000000049bc      0x2a3 build/usbd_hid.o
 .debug_abbrev  0x0000000000004c5f      0x31e build/stm32f1xx_hal_i2c.o
 .debug_abbrev  0x0000000000004f7d       0x1d build/startup_stm32f103xb.o
 .debug_abbrev  0x0000000000004f9a      0x424 /usr/lib/gcc/arm-none-eabi/12.2.0/../../../../arm-none-eabi/lib/thumb/v7-m/nofp/libc_nano.a(libc_a-findfp.o)
 .debug_abbrev  0x00000000000053be       0x9e /usr/lib/gcc/arm-none-eabi/12.2.0/../../../../arm-none-eabi/lib/thumb/v7-m/nofp/libc_nano.a(libc_a-memset.o)
 .debug_abbrev  0x000000000000545c      0x1ed /usr/lib/gcc/arm-none-eabi/12.2.0/../../../../arm-none-eabi/lib/thumb/v7-m/nofp/libc_nano.a(libc_a-reent.o)
 .debug_abbrev  0x0000000000005649      0x149 /usr/lib/gcc/arm-none-eabi/12.2.0/../../../../arm-none-eabi/lib/thumb/v7-m/nofp/libc_nano.a(libc_a-impure.o)
 .debug_abbrev  0x0000000000005792       0xc9 /usr/lib/gcc/arm-none-eabi/12.2.0/../../../../arm-none-eabi/lib/thumb/v7-m/nofp/libc_nano.a(libc_a-init.o)
 .debug_abbrev  0x000000000000585b      0x115 /usr/lib/gcc/arm-none-eabi/12.2.0/../../../../arm-none-eabi/lib/thumb/v7-m/nofp/libc_nano.a(libc_a-lock.o)
 .debug_abbrev  0x0000000000005970       0xc1 /usr/lib/gcc/arm-none-eabi/12.2.0/../../../../arm-none-eabi/lib/thumb/v7-m/nofp/libc_nano.a(libc_a-memcpy-stub.o)
 .debug_abbrev  0x0000000000005a31      0x236 /usr/lib/gcc/arm-none-eabi/12.2.0/../../../../arm-none-eabi/lib/thumb/v7-m/nofp/libc_nano.a(libc_a-freer.o)
 .debug_abbrev  0x0000000000005c67      0x24a /usr/lib/gcc/arm-none-eabi/12.2.0/../../../../arm-none-eabi/lib/thumb/v7-m/nofp/libc_nano.a(libc_a-mallocr.o)
 .debug_abbrev  0x0000000000005eb1      0x1bf /usr/lib/gcc/arm-none-eabi/12.2.0/../../../../arm-none-eabi/lib/thumb/v7-m/nofp/libc_nano.a(libc_a-mlock.o)

.debug_loc      0x0000000000000000    0x21b8d
 .debug_loc     0x0000000000000000      0x1b6 build/main.o
 .debug_loc     0x00000000000001b6       0x40 build/stm32f1xx_it.o
 .debug_loc     0x00000000000001f6      0x103 build/stm32f1xx_hal_msp.o
 .debug_loc     0x00000000000002f9      0x152 build/stm32f1xx_hal_timebase_tim.o
 .debug_loc     0x000000000000044b       0x20 build/usb_device.o
 .debug_loc     0x000000000000046b      0x47b build/usbd_desc.o
 .debug_loc     0x00000000000008e6      0xefc build/usbd_conf.o
 .debug_loc     0x00000000000017e2     0x17ab build/stm32f1xx_hal_pcd.o
 .debug_loc     0x0000000000002f8d      0x12a build/stm32f1xx_hal_pcd_ex.o
 .debug_loc     0x00000000000030b7     0x1cf2 build/stm32f1xx_ll_usb.o
 .debug_loc     0x0000000000004da9      0x1e1 build/stm32f1xx_hal.o
 .debug_loc     0x0000000000004f8a      0x7ee build/stm32f1xx_hal_rcc.o
 .debug_loc     0x0000000000005778      0x444 build/stm32f1xx_hal_rcc_ex.o
 .debug_loc     0x0000000000005bbc      0x53c build/stm32f1xx_hal_gpio.o
 .debug_loc     0x00000000000060f8      0x782 build/stm32f1xx_hal_cortex.o
 .debug_loc     0x000000000000687a     0x5358 build/stm32f1xx_hal_tim.o
 .debug_loc     0x000000000000bbd2     0x1efa build/stm32f1xx_hal_tim_ex.o
 .debug_loc     0x000000000000dacc       0xff build/system_stm32f1xx.o
 .debug_loc     0x000000000000dbcb       0xe5 build/list.o
 .debug_loc     0x000000000000dcb0     0x1e5d build/queue.o
 .debug_loc     0x000000000000fb0d     0x29db build/tasks.o
 .debug_loc     0x00000000000124e8     0x134d build/timers.o
 .debug_loc     0x0000000000013835     0x63ed build/cmsis_os2.o
 .debug_loc     0x0000000000019c22      0x3ed build/heap_4.o
 .debug_loc     0x000000000001a00f      0x16c build/port.o
 .debug_loc     0x000000000001a17b      0xaf6 build/usbd_core.o
 .debug_loc     0x000000000001ac71     0x1631 build/usbd_ctlreq.o
 .debug_loc     0x000000000001c2a2      0x364 build/usbd_ioreq.o
 .debug_loc     0x000000000001c606      0x7af build/usbd_hid.o
 .debug_loc     0x000000000001cdb5     0x4dd8 build/stm32f1xx_hal_i2c.o

.debug_aranges  0x0000000000000000     0x1b28
 .debug_aranges
                0x0000000000000000       0x58 build/main.o
 .debug_aranges
                0x0000000000000058       0x58 build/stm32f1xx_it.o
 .debug_aranges
                0x00000000000000b0       0x30 build/stm32f1xx_hal_msp.o
 .debug_aranges
                0x00000000000000e0       0x30 build/stm32f1xx_hal_timebase_tim.o
 .debug_aranges
                0x0000000000000110       0x20 build/usb_device.o
 .debug_aranges
                0x0000000000000130       0x60 build/usbd_desc.o
 .debug_aranges
                0x0000000000000190      0x118 build/usbd_conf.o
 .debug_aranges
                0x00000000000002a8      0x138 build/stm32f1xx_hal_pcd.o
 .debug_aranges
                0x00000000000003e0       0x38 build/stm32f1xx_hal_pcd_ex.o
 .debug_aranges
                0x0000000000000418       0xf0 build/stm32f1xx_ll_usb.o
 .debug_aranges
                0x0000000000000508       0xe0 build/stm32f1xx_hal.o
 .debug_aranges
                0x00000000000005e8       0x90 build/stm32f1xx_hal_rcc.o
 .debug_aranges
                0x0000000000000678       0x30 build/stm32f1xx_hal_rcc_ex.o
 .debug_aranges
                0x00000000000006a8       0x58 build/stm32f1xx_hal_gpio.o
 .debug_aranges
                0x0000000000000700       0xc0 build/stm32f1xx_hal_cortex.o
 .debug_aranges
                0x00000000000007c0      0x3d0 build/stm32f1xx_hal_tim.o
 .debug_aranges
                0x0000000000000b90      0x168 build/stm32f1xx_hal_tim_ex.o
 .debug_aranges
                0x0000000000000cf8       0x28 build/system_stm32f1xx.o
 .debug_aranges
                0x0000000000000d20       0x40 build/list.o
 .debug_aranges
                0x0000000000000d60      0x158 build/queue.o
 .debug_aranges
                0x0000000000000eb8      0x1f8 build/tasks.o
 .debug_aranges
                0x00000000000010b0       0xe0 build/timers.o
 .debug_aranges
                0x0000000000001190      0x228 build/cmsis_os2.o
 .debug_aranges
                0x00000000000013b8       0x50 build/heap_4.o
 .debug_aranges
                0x0000000000001408       0x78 build/port.o
 .debug_aranges
                0x0000000000001480       0xb8 build/usbd_core.o
 .debug_aranges
                0x0000000000001538       0x88 build/usbd_ctlreq.o
 .debug_aranges
                0x00000000000015c0       0x50 build/usbd_ioreq.o
 .debug_aranges
                0x0000000000001610       0x68 build/usbd_hid.o
 .debug_aranges
                0x0000000000001678      0x2a0 build/stm32f1xx_hal_i2c.o
 .debug_aranges
                0x0000000000001918       0x28 build/startup_stm32f103xb.o
 .debug_aranges
                0x0000000000001940       0x78 /usr/lib/gcc/arm-none-eabi/12.2.0/../../../../arm-none-eabi/lib/thumb/v7-m/nofp/libc_nano.a(libc_a-findfp.o)
 .debug_aranges
                0x00000000000019b8       0x20 /usr/lib/gcc/arm-none-eabi/12.2.0/../../../../arm-none-eabi/lib/thumb/v7-m/nofp/libc_nano.a(libc_a-memset.o)
 .debug_aranges
                0x00000000000019d8       0x20 /usr/lib/gcc/arm-none-eabi/12.2.0/../../../../arm-none-eabi/lib/thumb/v7-m/nofp/libc_nano.a(libc_a-reent.o)
 .debug_aranges
                0x00000000000019f8       0x18 /usr/lib/gcc/arm-none-eabi/12.2.0/../../../../arm-none-eabi/lib/thumb/v7-m/nofp/libc_nano.a(libc_a-impure.o)
 .debug_aranges
                0x0000000000001a10       0x20 /usr/lib/gcc/arm-none-eabi/12.2.0/../../../../arm-none-eabi/lib/thumb/v7-m/nofp/libc_nano.a(libc_a-init.o)
 .debug_aranges
                0x0000000000001a30       0x68 /usr/lib/gcc/arm-none-eabi/12.2.0/../../../../arm-none-eabi/lib/thumb/v7-m/nofp/libc_nano.a(libc_a-lock.o)
 .debug_aranges
                0x0000000000001a98       0x20 /usr/lib/gcc/arm-none-eabi/12.2.0/../../../../arm-none-eabi/lib/thumb/v7-m/nofp/libc_nano.a(libc_a-memcpy-stub.o)
 .debug_aranges
                0x0000000000001ab8       0x20 /usr/lib/gcc/arm-none-eabi/12.2.0/../../../../arm-none-eabi/lib/thumb/v7-m/nofp/libc_nano.a(libc_a-freer.o)
 .debug_aranges
                0x0000000000001ad8       0x28 /usr/lib/gcc/arm-none-eabi/12.2.0/../../../../arm-none-eabi/lib/thumb/v7-m/nofp/libc_nano.a(libc_a-mallocr.o)
 .debug_aranges
                0x0000000000001b00       0x28 /usr/lib/gcc/arm-none-eabi/12.2.0/../../../../arm-none-eabi/lib/thumb/v7-m/nofp/libc_nano.a(libc_a-mlock.o)

.debug_ranges   0x0000000000000000     0x1d50
 .debug_ranges  0x0000000000000000       0x48 build/main.o
 .debug_ranges  0x0000000000000048       0x48 build/stm32f1xx_it.o
 .debug_ranges  0x0000000000000090       0x20 build/stm32f1xx_hal_msp.o
 .debug_ranges  0x00000000000000b0       0x20 build/stm32f1xx_hal_timebase_tim.o
 .debug_ranges  0x00000000000000d0       0x10 build/usb_device.o
 .debug_ranges  0x00000000000000e0       0x50 build/usbd_desc.o
 .debug_ranges  0x0000000000000130      0x108 build/usbd_conf.o
 .debug_ranges  0x0000000000000238      0x208 build/stm32f1xx_hal_pcd.o
 .debug_ranges  0x0000000000000440       0x28 build/stm32f1xx_hal_pcd_ex.o
 .debug_ranges  0x0000000000000468      0x3a0 build/stm32f1xx_ll_usb.o
 .debug_ranges  0x0000000000000808       0xd0 build/stm32f1xx_hal.o
 .debug_ranges  0x00000000000008d8       0xa0 build/stm32f1xx_hal_rcc.o
 .debug_ranges  0x0000000000000978       0x38 build/stm32f1xx_hal_rcc_ex.o
 .debug_ranges  0x00000000000009b0       0x48 build/stm32f1xx_hal_gpio.o
 .debug_ranges  0x00000000000009f8       0xb0 build/stm32f1xx_hal_cortex.o
 .debug_ranges  0x0000000000000aa8      0x3c0 build/stm32f1xx_hal_tim.o
 .debug_ranges  0x0000000000000e68      0x158 build/stm32f1xx_hal_tim_ex.o
 .debug_ranges  0x0000000000000fc0       0x18 build/system_stm32f1xx.o
 .debug_ranges  0x0000000000000fd8       0x30 build/list.o
 .debug_ranges  0x0000000000001008      0x218 build/queue.o
 .debug_ranges  0x0000000000001220      0x320 build/tasks.o
 .debug_ranges  0x0000000000001540       0xd0 build/timers.o
 .debug_ranges  0x0000000000001610      0x218 build/cmsis_os2.o
 .debug_ranges  0x0000000000001828       0x40 build/heap_4.o
 .debug_ranges  0x0000000000001868       0x68 build/port.o
 .debug_ranges  0x00000000000018d0       0xa8 build/usbd_core.o
 .debug_ranges  0x0000000000001978       0x78 build/usbd_ctlreq.o
 .debug_ranges  0x00000000000019f0       0x40 build/usbd_ioreq.o
 .debug_ranges  0x0000000000001a30       0x58 build/usbd_hid.o
 .debug_ranges  0x0000000000001a88      0x2a8 build/stm32f1xx_hal_i2c.o
 .debug_ranges  0x0000000000001d30       0x20 build/startup_stm32f103xb.o

.debug_line     0x0000000000000000    0x1e56a
 .debug_line    0x0000000000000000      0x61b build/main.o
 .debug_line    0x000000000000061b      0x267 build/stm32f1xx_it.o
 .debug_line    0x0000000000000882      0x220 build/stm32f1xx_hal_msp.o
 .debug_line    0x0000000000000aa2      0x28d build/stm32f1xx_hal_timebase_tim.o
 .debug_line    0x0000000000000d2f      0x193 build/usb_device.o
 .debug_line    0x0000000000000ec2      0x2ee build/usbd_desc.o
 .debug_line    0x00000000000011b0      0x740 build/usbd_conf.o
 .debug_line    0x00000000000018f0     0x1841 build/stm32f1xx_hal_pcd.o
 .debug_line    0x0000000000003131      0x21b build/stm32f1xx_hal_pcd_ex.o
 .debug_line    0x000000000000334c     0x1a22 build/stm32f1xx_ll_usb.o
 .debug_line    0x0000000000004d6e      0x4b6 build/stm32f1xx_hal.o
 .debug_line    0x0000000000005224      0xbac build/stm32f1xx_hal_rcc.o
 .debug_line    0x0000000000005dd0      0x41e build/stm32f1xx_hal_rcc_ex.o
 .debug_line    0x00000000000061ee      0x533 build/stm32f1xx_hal_gpio.o
 .debug_line    0x0000000000006721      0x659 build/stm32f1xx_hal_cortex.o
 .debug_line    0x0000000000006d7a     0x4576 build/stm32f1xx_hal_tim.o
 .debug_line    0x000000000000b2f0     0x1b63 build/stm32f1xx_hal_tim_ex.o
 .debug_line    0x000000000000ce53      0x1ce build/system_stm32f1xx.o
 .debug_line    0x000000000000d021      0x2fc build/list.o
 .debug_line    0x000000000000d31d     0x1e7e build/queue.o
 .debug_line    0x000000000000f19b     0x2a2b build/tasks.o
 .debug_line    0x0000000000011bc6      0xd11 build/timers.o
 .debug_line    0x00000000000128d7     0x2cd7 build/cmsis_os2.o
 .debug_line    0x00000000000155ae      0x5b7 build/heap_4.o
 .debug_line    0x0000000000015b65      0x57c build/port.o
 .debug_line    0x00000000000160e1      0x6b5 build/usbd_core.o
 .debug_line    0x0000000000016796      0xa9d build/usbd_ctlreq.o
 .debug_line    0x0000000000017233      0x22c build/usbd_ioreq.o
 .debug_line    0x000000000001745f      0x4b1 build/usbd_hid.o
 .debug_line    0x0000000000017910     0x54e4 build/stm32f1xx_hal_i2c.o
 .debug_line    0x000000000001cdf4       0x75 build/startup_stm32f103xb.o
 .debug_line    0x000000000001ce69      0x558 /usr/lib/gcc/arm-none-eabi/12.2.0/../../../../arm-none-eabi/lib/thumb/v7-m/nofp/libc_nano.a(libc_a-findfp.o)
 .debug_line    0x000000000001d3c1      0x123 /usr/lib/gcc/arm-none-eabi/12.2.0/../../../../arm-none-eabi/lib/thumb/v7-m/nofp/libc_nano.a(libc_a-memset.o)
 .debug_line    0x000000000001d4e4      0x276 /usr/lib/gcc/arm-none-eabi/12.2.0/../../../../arm-none-eabi/lib/thumb/v7-m/nofp/libc_nano.a(libc_a-reent.o)
 .debug_line    0x000000000001d75a      0x108 /usr/lib/gcc/arm-none-eabi/12.2.0/../../../../arm-none-eabi/lib/thumb/v7-m/nofp/libc_nano.a(libc_a-impure.o)
 .debug_line    0x000000000001d862      0x12a /usr/lib/gcc/arm-none-eabi/12.2.0/../../../../arm-none-eabi/lib/thumb/v7-m/nofp/libc_nano.a(libc_a-init.o)
 .debug_line    0x000000000001d98c      0x17d /usr/lib/gcc/arm-none-eabi/12.2.0/../../../../arm-none-eabi/lib/thumb/v7-m/nofp/libc_nano.a(libc_a-lock.o)
 .debug_line    0x000000000001db09      0x196 /usr/lib/gcc/arm-none-eabi/12.2.0/../../../../arm-none-eabi/lib/thumb/v7-m/nofp/libc_nano.a(libc_a-memcpy-stub.o)
 .debug_line    0x000000000001dc9f      0x2bb /usr/lib/gcc/arm-none-eabi/12.2.0/../../../../arm-none-eabi/lib/thumb/v7-m/nofp/libc_nano.a(libc_a-freer.o)
 .debug_line    0x000000000001df5a      0x486 /usr/lib/gcc/arm-none-eabi/12.2.0/../../../../arm-none-eabi/lib/thumb/v7-m/nofp/libc_nano.a(libc_a-mallocr.o)
 .debug_line    0x000000000001e3e0      0x18a /usr/lib/gcc/arm-none-eabi/12.2.0/../../../../arm-none-eabi/lib/thumb/v7-m/nofp/libc_nano.a(libc_a-mlock.o)

.debug_str      0x0000000000000000     0x8aa0
 .debug_str     0x0000000000000000     0x14ca build/main.o
                                       0x1613 (size before relaxing)
 .debug_str     0x00000000000014ca      0x3bf build/stm32f1xx_it.o
                                        0xa11 (size before relaxing)
 .debug_str     0x0000000000001889      0x354 build/stm32f1xx_hal_msp.o
                                        0x9be (size before relaxing)
 .debug_str     0x0000000000001bdd      0x111 build/stm32f1xx_hal_timebase_tim.o
                                        0xaf1 (size before relaxing)
 .debug_str     0x0000000000001cee       0x84 build/usb_device.o
                                        0x5ba (size before relaxing)
 .debug_str     0x0000000000001d72      0x181 build/usbd_desc.o
                                        0x426 (size before relaxing)
 .debug_str     0x0000000000001ef3      0x555 build/usbd_conf.o
                                       0x117b (size before relaxing)
 .debug_str     0x0000000000002448      0x328 build/stm32f1xx_hal_pcd.o
                                        0xab3 (size before relaxing)
 .debug_str     0x0000000000002770      0x159 build/stm32f1xx_hal_pcd_ex.o
                                        0x69d (size before relaxing)
 .debug_str     0x00000000000028c9      0x12b build/stm32f1xx_ll_usb.o
                                        0x6d0 (size before relaxing)
 .debug_str     0x00000000000029f4      0x2b2 build/stm32f1xx_hal.o
                                        0x803 (size before relaxing)
 .debug_str     0x0000000000002ca6      0x1c8 build/stm32f1xx_hal_rcc.o
                                        0x600 (size before relaxing)
 .debug_str     0x0000000000002e6e       0x9c build/stm32f1xx_hal_rcc_ex.o
                                        0x3a8 (size before relaxing)
 .debug_str     0x0000000000002f0a      0x10b build/stm32f1xx_hal_gpio.o
                                        0x3d5 (size before relaxing)
 .debug_str     0x0000000000003015      0x30c build/stm32f1xx_hal_cortex.o
                                        0x8a8 (size before relaxing)
 .debug_str     0x0000000000003321      0xef3 build/stm32f1xx_hal_tim.o
                                       0x1643 (size before relaxing)
 .debug_str     0x0000000000004214      0x55b build/stm32f1xx_hal_tim_ex.o
                                        0xe5f (size before relaxing)
 .debug_str     0x000000000000476f       0x4f build/system_stm32f1xx.o
                                        0x229 (size before relaxing)
 .debug_str     0x00000000000047be      0x141 build/list.o
                                        0x2ca (size before relaxing)
 .debug_str     0x00000000000048ff      0x9a3 build/queue.o
                                        0xc55 (size before relaxing)
 .debug_str     0x00000000000052a2      0xf26 build/tasks.o
                                       0x1592 (size before relaxing)
 .debug_str     0x00000000000061c8      0x5a9 build/timers.o
                                        0xed9 (size before relaxing)
 .debug_str     0x0000000000006771      0x9f4 build/cmsis_os2.o
                                       0x1c35 (size before relaxing)
 .debug_str     0x0000000000007165      0x1d5 build/heap_4.o
                                        0x3be (size before relaxing)
 .debug_str     0x000000000000733a      0x17d build/port.o
                                        0x436 (size before relaxing)
 .debug_str     0x00000000000074b7      0x13e build/usbd_core.o
                                        0x806 (size before relaxing)
 .debug_str     0x00000000000075f5       0xe2 build/usbd_ctlreq.o
                                        0x720 (size before relaxing)
 .debug_str     0x00000000000076d7       0x60 build/usbd_ioreq.o
                                        0x64d (size before relaxing)
 .debug_str     0x0000000000007737      0x1fc build/usbd_hid.o
                                        0x7f1 (size before relaxing)
 .debug_str     0x0000000000007933      0x87b build/stm32f1xx_hal_i2c.o
                                        0xf8d (size before relaxing)
 .debug_str     0x00000000000081ae       0x30 build/startup_stm32f103xb.o
                                         0x67 (size before relaxing)
 .debug_str     0x00000000000081de      0x372 /usr/lib/gcc/arm-none-eabi/12.2.0/../../../../arm-none-eabi/lib/thumb/v7-m/nofp/libc_nano.a(libc_a-findfp.o)
                                        0x75a (size before relaxing)
 .debug_str     0x0000000000008550       0x44 /usr/lib/gcc/arm-none-eabi/12.2.0/../../../../arm-none-eabi/lib/thumb/v7-m/nofp/libc_nano.a(libc_a-memset.o)
                                        0x1b7 (size before relaxing)
 .debug_str     0x0000000000008594       0x5a /usr/lib/gcc/arm-none-eabi/12.2.0/../../../../arm-none-eabi/lib/thumb/v7-m/nofp/libc_nano.a(libc_a-reent.o)
                                        0x4f6 (size before relaxing)
 .debug_str     0x00000000000085ee       0x43 /usr/lib/gcc/arm-none-eabi/12.2.0/../../../../arm-none-eabi/lib/thumb/v7-m/nofp/libc_nano.a(libc_a-impure.o)
                                        0x4d7 (size before relaxing)
 .debug_str     0x0000000000008631       0xa0 /usr/lib/gcc/arm-none-eabi/12.2.0/../../../../arm-none-eabi/lib/thumb/v7-m/nofp/libc_nano.a(libc_a-init.o)
                                        0x218 (size before relaxing)
 .debug_str     0x00000000000086d1      0x1c1 /usr/lib/gcc/arm-none-eabi/12.2.0/../../../../arm-none-eabi/lib/thumb/v7-m/nofp/libc_nano.a(libc_a-lock.o)
                                        0x32a (size before relaxing)
 .debug_str     0x0000000000008892       0x62 /usr/lib/gcc/arm-none-eabi/12.2.0/../../../../arm-none-eabi/lib/thumb/v7-m/nofp/libc_nano.a(libc_a-memcpy-stub.o)
                                        0x1d5 (size before relaxing)
 .debug_str     0x00000000000088f4       0xbd /usr/lib/gcc/arm-none-eabi/12.2.0/../../../../arm-none-eabi/lib/thumb/v7-m/nofp/libc_nano.a(libc_a-freer.o)
                                        0x557 (size before relaxing)
 .debug_str     0x00000000000089b1       0xac /usr/lib/gcc/arm-none-eabi/12.2.0/../../../../arm-none-eabi/lib/thumb/v7-m/nofp/libc_nano.a(libc_a-mallocr.o)
                                        0x5b8 (size before relaxing)
 .debug_str     0x0000000000008a5d       0x43 /usr/lib/gcc/arm-none-eabi/12.2.0/../../../../arm-none-eabi/lib/thumb/v7-m/nofp/libc_nano.a(libc_a-mlock.o)
                                        0x559 (size before relaxing)

.comment        0x0000000000000000       0x1e
 .comment       0x0000000000000000       0x1e build/main.o
                                         0x1f (size before relaxing)
 .comment       0x000000000000001e       0x1f build/stm32f1xx_it.o
 .comment       0x000000000000001e       0x1f build/stm32f1xx_hal_msp.o
 .comment       0x000000000000001e       0x1f build/stm32f1xx_hal_timebase_tim.o
 .comment       0x000000000000001e       0x1f build/usb_device.o
 .comment       0x000000000000001e       0x1f build/usbd_desc.o
 .comment       0x000000000000001e       0x1f build/usbd_conf.o
 .comment       0x000000000000001e       0x1f build/stm32f1xx_hal_pcd.o
 .comment       0x000000000000001e       0x1f build/stm32f1xx_hal_pcd_ex.o
 .comment       0x000000000000001e       0x1f build/stm32f1xx_ll_usb.o
 .comment       0x000000000000001e       0x1f build/stm32f1xx_hal.o
 .comment       0x000000000000001e       0x1f build/stm32f1xx_hal_rcc.o
 .comment       0x000000000000001e       0x1f build/stm32f1xx_hal_rcc_ex.o
 .comment       0x000000000000001e       0x1f build/stm32f1xx_hal_gpio.o
 .comment       0x000000000000001e       0x1f build/stm32f1xx_hal_cortex.o
 .comment       0x000000000000001e       0x1f build/stm32f1xx_hal_tim.o
 .comment       0x000000000000001e       0x1f build/stm32f1xx_hal_tim_ex.o
 .comment       0x000000000000001e       0x1f build/system_stm32f1xx.o
 .comment       0x000000000000001e       0x1f build/list.o
 .comment       0x000000000000001e       0x1f build/queue.o
 .comment       0x000000000000001e       0x1f build/tasks.o
 .comment       0x000000000000001e       0x1f build/timers.o
 .comment       0x000000000000001e       0x1f build/cmsis_os2.o
 .comment       0x000000000000001e       0x1f build/heap_4.o
 .comment       0x000000000000001e       0x1f build/port.o
 .comment       0x000000000000001e       0x1f build/usbd_core.o
 .comment       0x000000000000001e       0x1f build/usbd_ctlreq.o
 .comment       0x000000000000001e       0x1f build/usbd_ioreq.o
 .comment       0x000000000000001e       0x1f build/usbd_hid.o
 .comment       0x000000000000001e       0x1f build/stm32f1xx_hal_i2c.o
 .comment       0x000000000000001e       0x1f /usr/lib/gcc/arm-none-eabi/12.2.0/../../../../arm-none-eabi/lib/thumb/v7-m/nofp/libc_nano.a(libc_a-findfp.o)
 .comment       0x000000000000001e       0x1f /usr/lib/gcc/arm-none-eabi/12.2.0/../../../../arm-none-eabi/lib/thumb/v7-m/nofp/libc_nano.a(libc_a-memset.o)
 .comment       0x000000000000001e       0x1f /usr/lib/gcc/arm-none-eabi/12.2.0/../../../../arm-none-eabi/lib/thumb/v7-m/nofp/libc_nano.a(libc_a-reent.o)
 .comment       0x000000000000001e       0x1f /usr/lib/gcc/arm-none-eabi/12.2.0/../../../../arm-none-eabi/lib/thumb/v7-m/nofp/libc_nano.a(libc_a-impure.o)
 .comment       0x000000000000001e       0x1f /usr/lib/gcc/arm-none-eabi/12.2.0/../../../../arm-none-eabi/lib/thumb/v7-m/nofp/libc_nano.a(libc_a-init.o)
 .comment       0x000000000000001e       0x1f /usr/lib/gcc/arm-none-eabi/12.2.0/../../../../arm-none-eabi/lib/thumb/v7-m/nofp/libc_nano.a(libc_a-lock.o)
 .comment       0x000000000000001e       0x1f /usr/lib/gcc/arm-none-eabi/12.2.0/../../../../arm-none-eabi/lib/thumb/v7-m/nofp/libc_nano.a(libc_a-memcpy-stub.o)
 .comment       0x000000000000001e       0x1f /usr/lib/gcc/arm-none-eabi/12.2.0/../../../../arm-none-eabi/lib/thumb/v7-m/nofp/libc_nano.a(libc_a-freer.o)
 .comment       0x000000000000001e       0x1f /usr/lib/gcc/arm-none-eabi/12.2.0/../../../../arm-none-eabi/lib/thumb/v7-m/nofp/libc_nano.a(libc_a-mallocr.o)
 .comment       0x000000000000001e       0x1f /usr/lib/gcc/arm-none-eabi/12.2.0/../../../../arm-none-eabi/lib/thumb/v7-m/nofp/libc_nano.a(libc_a-mlock.o)

.debug_frame    0x0000000000000000     0x49fc
 .debug_frame   0x0000000000000000       0xd8 build/main.o
 .debug_frame   0x00000000000000d8       0xa0 build/stm32f1xx_it.o
 .debug_frame   0x0000000000000178       0x64 build/stm32f1xx_hal_msp.o
 .debug_frame   0x00000000000001dc       0x54 build/stm32f1xx_hal_timebase_tim.o
 .debug_frame   0x0000000000000230       0x28 build/usb_device.o
 .debug_frame   0x0000000000000258       0xe0 build/usbd_desc.o
 .debug_frame   0x0000000000000338      0x2ec build/usbd_conf.o
 .debug_frame   0x0000000000000624      0x344 build/stm32f1xx_hal_pcd.o
 .debug_frame   0x0000000000000968       0x50 build/stm32f1xx_hal_pcd_ex.o
 .debug_frame   0x00000000000009b8      0x1f0 build/stm32f1xx_ll_usb.o
 .debug_frame   0x0000000000000ba8      0x1cc build/stm32f1xx_hal.o
 .debug_frame   0x0000000000000d74      0x190 build/stm32f1xx_hal_rcc.o
 .debug_frame   0x0000000000000f04       0x64 build/stm32f1xx_hal_rcc_ex.o
 .debug_frame   0x0000000000000f68       0xe4 build/stm32f1xx_hal_gpio.o
 .debug_frame   0x000000000000104c      0x19c build/stm32f1xx_hal_cortex.o
 .debug_frame   0x00000000000011e8      0xb14 build/stm32f1xx_hal_tim.o
 .debug_frame   0x0000000000001cfc      0x40c build/stm32f1xx_hal_tim_ex.o
 .debug_frame   0x0000000000002108       0x30 build/system_stm32f1xx.o
 .debug_frame   0x0000000000002138       0x70 build/list.o
 .debug_frame   0x00000000000021a8      0x458 build/queue.o
 .debug_frame   0x0000000000002600      0x65c build/tasks.o
 .debug_frame   0x0000000000002c5c      0x2c4 build/timers.o
 .debug_frame   0x0000000000002f20      0x7a8 build/cmsis_os2.o
 .debug_frame   0x00000000000036c8       0xb0 build/heap_4.o
 .debug_frame   0x0000000000003778       0xf0 build/port.o
 .debug_frame   0x0000000000003868      0x1c4 build/usbd_core.o
 .debug_frame   0x0000000000003a2c      0x178 build/usbd_ctlreq.o
 .debug_frame   0x0000000000003ba4       0xb8 build/usbd_ioreq.o
 .debug_frame   0x0000000000003c5c       0xdc build/usbd_hid.o
 .debug_frame   0x0000000000003d38      0x970 build/stm32f1xx_hal_i2c.o